<html>
<body>
<pre>
<h1>µVision Build Log</h1>
<h2>Tool Versions:</h2>
IDE-Version: ¦ÌVision V5.41.0.0
Copyright (C) 2024 ARM Ltd and ARM Germany GmbH. All rights reserved.
License Information: liu LZS
beihang
User-based license: Keil MDK Community (non-commercial free of charge)
Valid until: Jun 1 2033. Cached until: Jun 17 2025
 
Tool Versions:
Toolchain:       Keil MDK Community (non-commercial free of charge  Version: 5.41.0.0
Toolchain Path:  D:\Software\keil5\ARM\ARMCC\Bin
C Compiler:      Armcc.exe V5.06 update 7 (build 960)
Assembler:       Armasm.exe V5.06 update 7 (build 960)
Linker/Locator:  ArmLink.exe V5.06 update 7 (build 960)
Library Manager: ArmAr.exe V5.06 update 7 (build 960)
Hex Converter:   FromElf.exe V5.06 update 7 (build 960)
CPU DLL:         SARMCM3.DLL V5.41.0.0
Dialog DLL:      DARMCM1.DLL V1.19.6.0
Target DLL:      CMSIS_AGDI.dll V1.33.21.0
Dialog DLL:      TARMCM1.DLL V1.14.6.0
 
<h2>Project:</h2>
E:\Develop\PolaMiya\code\PowerManage\MDK-ARM\PowerManage.uvprojx
Project File Date:  06/10/2025

<h2>Output:</h2>
*** Warning: The configured compiler version '5.06 update 7 (build 960)' does not support the selected User Based Licensing technology.
*** Using Compiler 'V5.06 update 7 (build 960)', folder: 'D:\Software\keil5\ARM\ARMCC\Bin'
Rebuild target 'PowerManage'
assembling startup_stm32l011xx.s...
compiling stm32l0xx_hal_flash_ramfunc.c...
compiling stm32l0xx_hal_rcc_ex.c...
compiling stm32l0xx_hal_gpio.c...
compiling system_stm32l0xx.c...
compiling stm32l0xx_hal_rcc.c...
compiling stm32l0xx_hal_flash.c...
compiling stm32l0xx_hal_i2c_ex.c...
compiling stm32l0xx_hal_flash_ex.c...
compiling stm32l0xx_it.c...
compiling stm32l0xx_hal_msp.c...
compiling stm32l0xx_hal_exti.c...
compiling stm32l0xx_hal_pwr.c...
compiling stm32l0xx_hal_cortex.c...
compiling gpio.c...
compiling main.c...
compiling stm32l0xx_hal_dma.c...
compiling stm32l0xx_hal.c...
compiling stm32l0xx_hal_pwr_ex.c...
compiling stm32l0xx_hal_i2c.c...
linking...
Program Size: Code=4500 RO-data=260 RW-data=16 ZI-data=1632  
FromELF: creating hex file...
"PowerManage\PowerManage.axf" - 0 Error(s), 0 Warning(s).

<h2>Software Packages used:</h2>

Package Vendor: ARM
                https://www.keil.com/pack/ARM.CMSIS.6.1.0.pack
                ARM::CMSIS@6.1.0
                CMSIS (Common Microcontroller Software Interface Standard)
   * Component: CORE Version: 6.1.0

Package Vendor: Keil
                https://www.keil.com/pack/Keil.STM32L0xx_DFP.3.0.0.pack
                Keil::STM32L0xx_DFP@3.0.0
                STMicroelectronics STM32L0 Series Device Support

<h2>Collection of Component include folders:</h2>
  ./RTE/_PowerManage
  D:/Software/keil5_Pack/ARM/CMSIS/6.1.0/CMSIS/Core/Include

<h2>Collection of Component Files used:</h2>

   * Component: ARM::CMSIS:CORE@6.1.0
      Include file:  CMSIS/Core/Include/tz_context.h
Build Time Elapsed:  00:00:03
</pre>
</body>
</html>
