<html>
<body>
<pre>
<h1>µVision Build Log</h1>
<h2>Tool Versions:</h2>
IDE-Version: ¦ÌVision V5.41.0.0
Copyright (C) 2024 ARM Ltd and ARM Germany GmbH. All rights reserved.
License Information: liu LZS
beihang
User-based license: Keil MDK Community (non-commercial free of charge)
Valid until: Jun 1 2033. Cached until: Feb 7 2026
 
Tool Versions:
Toolchain:       Keil MDK Community (non-commercial free of charge  Version: 5.41.0.0
Toolchain Path:  D:\Software\keil5\ARM\ARMCLANG\Bin
C Compiler:      ArmClang.exe V6.22
Assembler:       Armasm.exe V6.22
Linker/Locator:  ArmLink.exe V6.22
Library Manager: ArmAr.exe V6.22
Hex Converter:   FromElf.exe V6.22
CPU DLL:         SARMCM3.DLL V5.41.0.0
Dialog DLL:      DCM.DLL V1.17.5.0
Target DLL:      STLink\ST-LINKIII-KEIL_SWO.dll V3.3.0.0
Dialog DLL:      TCM.DLL V1.56.4.0
 
<h2>Project:</h2>
E:\Develop\PolaMiya\code\MainController2\MDK-ARM\MainController2.uvprojx
Project File Date:  02/03/2026

<h2>Output:</h2>
*** Using Compiler 'V6.22', folder: 'D:\Software\keil5\ARM\ARMCLANG\Bin'
Build target 'MainController2'
compiling main.c...
compiling gpio.c...
compiling stm32g4xx_it.c...
compiling adc.c...
compiling stm32g4xx_hal_msp.c...
compiling usart.c...
compiling rtc.c...
compiling stm32g4xx_hal_flash_ramfunc.c...
compiling stm32g4xx_hal_gpio.c...
compiling stm32g4xx_hal_flash_ex.c...
compiling stm32g4xx_hal_rcc.c...
compiling dma.c...
compiling stm32g4xx_hal_pcd_ex.c...
compiling stm32g4xx_hal_i2c.c...
compiling spi.c...
compiling stm32g4xx_hal_pwr_ex.c...
compiling stm32g4xx_hal_pcd.c...
compiling stm32g4xx_hal_adc.c...
compiling stm32g4xx_hal.c...
compiling stm32g4xx_ll_adc.c...
compiling stm32g4xx_hal_exti.c...
compiling stm32g4xx_hal_cortex.c...
compiling i2c.c...
compiling stm32g4xx_hal_pwr.c...
compiling stm32g4xx_hal_dma_ex.c...
compiling tim.c...
compiling stm32g4xx_hal_flash.c...
compiling stm32g4xx_hal_i2c_ex.c...
compiling stm32g4xx_hal_uart_ex.c...
compiling stm32g4xx_hal_dma.c...
compiling stm32g4xx_hal_adc_ex.c...
compiling stm32g4xx_hal_rcc_ex.c...
compiling stm32g4xx_ll_usb.c...
compiling stm32g4xx_hal_rtc.c...
compiling stm32g4xx_hal_rtc_ex.c...
compiling stm32g4xx_hal_spi_ex.c...
compiling stm32g4xx_hal_uart.c...
compiling stm32g4xx_hal_spi.c...
compiling system_stm32g4xx.c...
compiling usb_device.c...
compiling usbd_conf.c...
compiling stm32g4xx_hal_tim_ex.c...
compiling usbd_desc.c...
compiling usbd_cdc_if.c...
compiling usbd_core.c...
compiling usbd_ioreq.c...
compiling lcd.c...
compiling usbd_ctlreq.c...
compiling stm32g4xx_hal_tim.c...
compiling usbd_cdc.c...
compiling lcd_init.c...
compiling lcd_usr.c...
compiling lcdfont.c...
compiling pic.c...
compiling zui_usr.c...
compiling zui.c...
compiling tmp102.c...
compiling motor.c...
compiling eeprom.c...
compiling sdm18.c...
compiling DataStore.c...
linking...
Program Size: Code=80858 RO-data=3426 RW-data=444 ZI-data=28564  
FromELF: creating hex file...
"MainController2\MainController2.axf" - 0 Error(s), 0 Warning(s).

<h2>Software Packages used:</h2>

Package Vendor: ARM
                https://www.keil.com/pack/ARM.CMSIS.6.1.0.pack
                ARM::CMSIS@6.1.0
                CMSIS (Common Microcontroller Software Interface Standard)
   * Component: CORE Version: 6.1.0

Package Vendor: Keil
                https://www.keil.com/pack/Keil.STM32G4xx_DFP.2.0.0.pack
                Keil::STM32G4xx_DFP@2.0.0
                STMicroelectronics STM32G4 Series Device Support

<h2>Collection of Component include folders:</h2>
  ./RTE/_MainController2
  D:/Software/keil5_Pack/ARM/CMSIS/6.1.0/CMSIS/Core/Include

<h2>Collection of Component Files used:</h2>

   * Component: ARM::CMSIS:CORE@6.1.0
Build Time Elapsed:  00:00:03
</pre>
</body>
</html>
