Component: Arm Compiler for Embedded 6.22 Tool: armlink [5ee90200]

==============================================================================

Section Cross References

    startup_stm32g431xx.o(STACK) refers (Special) to heapauxi.o(.text) for __use_two_region_memory
    startup_stm32g431xx.o(HEAP) refers (Special) to heapauxi.o(.text) for __use_two_region_memory
    startup_stm32g431xx.o(RESET) refers (Special) to heapauxi.o(.text) for __use_two_region_memory
    startup_stm32g431xx.o(RESET) refers to startup_stm32g431xx.o(STACK) for __initial_sp
    startup_stm32g431xx.o(RESET) refers to startup_stm32g431xx.o(.text) for Reset_Handler
    startup_stm32g431xx.o(RESET) refers to stm32g4xx_it.o(.text.NMI_Handler) for NMI_Handler
    startup_stm32g431xx.o(RESET) refers to stm32g4xx_it.o(.text.HardFault_Handler) for HardFault_Handler
    startup_stm32g431xx.o(RESET) refers to stm32g4xx_it.o(.text.MemManage_Handler) for MemManage_Handler
    startup_stm32g431xx.o(RESET) refers to stm32g4xx_it.o(.text.BusFault_Handler) for BusFault_Handler
    startup_stm32g431xx.o(RESET) refers to stm32g4xx_it.o(.text.UsageFault_Handler) for UsageFault_Handler
    startup_stm32g431xx.o(RESET) refers to stm32g4xx_it.o(.text.SVC_Handler) for SVC_Handler
    startup_stm32g431xx.o(RESET) refers to stm32g4xx_it.o(.text.DebugMon_Handler) for DebugMon_Handler
    startup_stm32g431xx.o(RESET) refers to stm32g4xx_it.o(.text.PendSV_Handler) for PendSV_Handler
    startup_stm32g431xx.o(RESET) refers to stm32g4xx_it.o(.text.SysTick_Handler) for SysTick_Handler
    startup_stm32g431xx.o(RESET) refers to stm32g4xx_it.o(.text.EXTI0_IRQHandler) for EXTI0_IRQHandler
    startup_stm32g431xx.o(RESET) refers to stm32g4xx_it.o(.text.EXTI1_IRQHandler) for EXTI1_IRQHandler
    startup_stm32g431xx.o(RESET) refers to stm32g4xx_it.o(.text.EXTI4_IRQHandler) for EXTI4_IRQHandler
    startup_stm32g431xx.o(RESET) refers to stm32g4xx_it.o(.text.DMA1_Channel1_IRQHandler) for DMA1_Channel1_IRQHandler
    startup_stm32g431xx.o(RESET) refers to stm32g4xx_it.o(.text.DMA1_Channel2_IRQHandler) for DMA1_Channel2_IRQHandler
    startup_stm32g431xx.o(RESET) refers to stm32g4xx_it.o(.text.DMA1_Channel3_IRQHandler) for DMA1_Channel3_IRQHandler
    startup_stm32g431xx.o(RESET) refers to stm32g4xx_it.o(.text.DMA1_Channel4_IRQHandler) for DMA1_Channel4_IRQHandler
    startup_stm32g431xx.o(RESET) refers to stm32g4xx_it.o(.text.ADC1_2_IRQHandler) for ADC1_2_IRQHandler
    startup_stm32g431xx.o(RESET) refers to stm32g4xx_it.o(.text.USB_HP_IRQHandler) for USB_HP_IRQHandler
    startup_stm32g431xx.o(RESET) refers to stm32g4xx_it.o(.text.USB_LP_IRQHandler) for USB_LP_IRQHandler
    startup_stm32g431xx.o(RESET) refers to stm32g4xx_it.o(.text.TIM2_IRQHandler) for TIM2_IRQHandler
    startup_stm32g431xx.o(RESET) refers to stm32g4xx_it.o(.text.I2C2_EV_IRQHandler) for I2C2_EV_IRQHandler
    startup_stm32g431xx.o(RESET) refers to stm32g4xx_it.o(.text.SPI1_IRQHandler) for SPI1_IRQHandler
    startup_stm32g431xx.o(RESET) refers to stm32g4xx_it.o(.text.USART2_IRQHandler) for USART2_IRQHandler
    startup_stm32g431xx.o(RESET) refers to stm32g4xx_it.o(.text.EXTI15_10_IRQHandler) for EXTI15_10_IRQHandler
    startup_stm32g431xx.o(RESET) refers to stm32g4xx_it.o(.text.SPI3_IRQHandler) for SPI3_IRQHandler
    startup_stm32g431xx.o(RESET) refers to stm32g4xx_it.o(.text.DMA2_Channel1_IRQHandler) for DMA2_Channel1_IRQHandler
    startup_stm32g431xx.o(RESET) refers to stm32g4xx_it.o(.text.DMA2_Channel2_IRQHandler) for DMA2_Channel2_IRQHandler
    startup_stm32g431xx.o(RESET) refers to stm32g4xx_it.o(.text.DMA2_Channel3_IRQHandler) for DMA2_Channel3_IRQHandler
    startup_stm32g431xx.o(RESET) refers to stm32g4xx_it.o(.text.DMA2_Channel5_IRQHandler) for DMA2_Channel5_IRQHandler
    startup_stm32g431xx.o(RESET) refers to stm32g4xx_it.o(.text.I2C3_EV_IRQHandler) for I2C3_EV_IRQHandler
    startup_stm32g431xx.o(RESET) refers to stm32g4xx_it.o(.text.DMA2_Channel6_IRQHandler) for DMA2_Channel6_IRQHandler
    startup_stm32g431xx.o(.text) refers (Special) to heapauxi.o(.text) for __use_two_region_memory
    startup_stm32g431xx.o(.text) refers to system_stm32g4xx.o(.text.SystemInit) for SystemInit
    startup_stm32g431xx.o(.text) refers to __main.o(!!!main) for __main
    startup_stm32g431xx.o(.text) refers to startup_stm32g431xx.o(HEAP) for Heap_Mem
    startup_stm32g431xx.o(.text) refers to startup_stm32g431xx.o(STACK) for Stack_Mem
    main.o(.text.main) refers to stm32g4xx_hal.o(.text.HAL_Init) for HAL_Init
    main.o(.text.main) refers to main.o(.text.SystemClock_Config) for SystemClock_Config
    main.o(.text.main) refers to gpio.o(.text.MX_GPIO_Init) for MX_GPIO_Init
    main.o(.text.main) refers to dma.o(.text.MX_DMA_Init) for MX_DMA_Init
    main.o(.text.main) refers to adc.o(.text.MX_ADC1_Init) for MX_ADC1_Init
    main.o(.text.main) refers to i2c.o(.text.MX_I2C2_Init) for MX_I2C2_Init
    main.o(.text.main) refers to spi.o(.text.MX_SPI1_Init) for MX_SPI1_Init
[...]
    USB_DevInit                              0x0800ede1   Thumb Code    40  stm32g4xx_ll_usb.o(.text.USB_DevInit)
    USB_DisableGlobalInt                     0x0800ee09   Thumb Code    30  stm32g4xx_ll_usb.o(.text.USB_DisableGlobalInt)
    USB_EPClearStall                         0x0800ee29   Thumb Code   314  stm32g4xx_ll_usb.o(.text.USB_EPClearStall)
    USB_EPSetStall                           0x0800ef65   Thumb Code   136  stm32g4xx_ll_usb.o(.text.USB_EPSetStall)
    USB_EPStartXfer                          0x0800efed   Thumb Code  2522  stm32g4xx_ll_usb.o(.text.USB_EPStartXfer)
    USB_EnableGlobalInt                      0x0800f9c9   Thumb Code    30  stm32g4xx_ll_usb.o(.text.USB_EnableGlobalInt)
    USB_HP_IRQHandler                        0x0800f9e9   Thumb Code    16  stm32g4xx_it.o(.text.USB_HP_IRQHandler)
    USB_LP_IRQHandler                        0x0800f9f9   Thumb Code    16  stm32g4xx_it.o(.text.USB_LP_IRQHandler)
    USB_ReadInterrupts                       0x0800fa09   Thumb Code    18  stm32g4xx_ll_usb.o(.text.USB_ReadInterrupts)
    USB_ReadPMA                              0x0800fa1d   Thumb Code   132  stm32g4xx_ll_usb.o(.text.USB_ReadPMA)
    USB_SetDevAddress                        0x0800faa1   Thumb Code    32  stm32g4xx_ll_usb.o(.text.USB_SetDevAddress)
    USB_WritePMA                             0x0800fac1   Thumb Code   122  stm32g4xx_ll_usb.o(.text.USB_WritePMA)
    UsageFault_Handler                       0x0800fb3d   Thumb Code     4  stm32g4xx_it.o(.text.UsageFault_Handler)
    Z_ADC_DMA_Start                          0x0800fb41   Thumb Code    56  adc.o(.text.Z_ADC_DMA_Start)
    char_12_elm_render                       0x0800fc71   Thumb Code   270  zui.o(.text.char_12_elm_render)
    char_16_elm_render                       0x0800fd81   Thumb Code   266  zui.o(.text.char_16_elm_render)
    float_to_str_1int_2frac                  0x0800fe8d   Thumb Code   164  adc.o(.text.float_to_str_1int_2frac)
    key_init                                 0x0800ff39   Thumb Code   172  main.o(.text.key_init)
    key_scan                                 0x0800ffe5   Thumb Code   430  main.o(.text.key_scan)
    main                                     0x08010195   Thumb Code   402  main.o(.text.main)
    motor_end                                0x08010329   Thumb Code    34  motor.o(.text.motor_end)
    motor_start                              0x0801034d   Thumb Code    52  motor.o(.text.motor_start)
    normal_layer_elm_init                    0x08010381   Thumb Code   678  zui_usr.o(.text.normal_layer_elm_init)
    parse_meter                              0x08010629   Thumb Code   368  sdm18.o(.text.parse_meter)
    pure_elm_render                          0x080107a1   Thumb Code    28  zui_usr.o(.text.pure_elm_render)
    pure_layer_elm_init                      0x080107bd   Thumb Code    56  zui_usr.o(.text.pure_layer_elm_init)
    sdm18_single_meter                       0x080107f5   Thumb Code    68  sdm18.o(.text.sdm18_single_meter)
    sdm18_stop_meter                         0x08010839   Thumb Code    68  sdm18.o(.text.sdm18_stop_meter)
    zui_dirty_current_layer                  0x0801087d   Thumb Code    54  zui.o(.text.zui_dirty_current_layer)
    zui_elm_init                             0x080108b5   Thumb Code    12  zui_usr.o(.text.zui_elm_init)
    zui_fill_screen_color                    0x080108c1   Thumb Code    92  zui.o(.text.zui_fill_screen_color)
    zui_init                                 0x0801091d   Thumb Code    78  zui.o(.text.zui_init)
    zui_key_respond                          0x0801096d   Thumb Code    44  zui.o(.text.zui_key_respond)
    zui_layer_add_element                    0x08010999   Thumb Code    24  zui.o(.text.zui_layer_add_element)
    zui_layer_init                           0x080109b1   Thumb Code    58  zui_usr.o(.text.zui_layer_init)
    zui_normal_layer_on_key                  0x080109ed   Thumb Code   110  zui_usr.o(.text.zui_normal_layer_on_key)
    zui_pure_layer_on_key                    0x08010a5d   Thumb Code     8  zui_usr.o(.text.zui_pure_layer_on_key)
    zui_render_current_layer                 0x08010a65   Thumb Code    84  zui.o(.text.zui_render_current_layer)
    zui_set_current_layer                    0x08010ab9   Thumb Code    20  zui.o(.text.zui_set_current_layer)
    __aeabi_d2f                              0x08010acd   Thumb Code     0  d2f.o(x$fpl$d2f)
    _d2f                                     0x08010acd   Thumb Code    98  d2f.o(x$fpl$d2f)
    __aeabi_dadd                             0x08010b31   Thumb Code     0  daddsub_clz.o(x$fpl$dadd)
    _dadd                                    0x08010b31   Thumb Code   332  daddsub_clz.o(x$fpl$dadd)
    __aeabi_ddiv                             0x08010c81   Thumb Code     0  ddiv.o(x$fpl$ddiv)
    _ddiv                                    0x08010c81   Thumb Code   560  ddiv.o(x$fpl$ddiv)
    __aeabi_d2iz                             0x08010f39   Thumb Code     0  dfix.o(x$fpl$dfix)
    _dfix                                    0x08010f39   Thumb Code    94  dfix.o(x$fpl$dfix)
    __aeabi_i2d                              0x08010f97   Thumb Code     0  dflt_clz.o(x$fpl$dflt)
    _dflt                                    0x08010f97   Thumb Code    46  dflt_clz.o(x$fpl$dflt)
    __aeabi_dmul                             0x08010fc5   Thumb Code     0  dmul.o(x$fpl$dmul)
    _dmul                                    0x08010fc5   Thumb Code   332  dmul.o(x$fpl$dmul)
    __fpl_dnaninf                            0x08011119   Thumb Code   156  dnaninf.o(x$fpl$dnaninf)
    __fpl_dretinf                            0x080111b5   Thumb Code    12  dretinf.o(x$fpl$dretinf)
    __aeabi_dsub                             0x080111c1   Thumb Code     0  daddsub_clz.o(x$fpl$dsub)
    _dsub                                    0x080111c1   Thumb Code   472  daddsub_clz.o(x$fpl$dsub)
    __aeabi_f2d                              0x0801139d   Thumb Code     0  f2d.o(x$fpl$f2d)
    _f2d                                     0x0801139d   Thumb Code    86  f2d.o(x$fpl$f2d)
    __fpl_fnaninf                            0x080113f3   Thumb Code   140  fnaninf.o(x$fpl$fnaninf)
    _fp_init                                 0x0801147f   Thumb Code    26  fpinit.o(x$fpl$fpinit)
    __fplib_config_fpu_vfp                   0x08011497   Thumb Code     0  fpinit.o(x$fpl$fpinit)
    __fplib_config_pureend_doubles           0x08011497   Thumb Code     0  fpinit.o(x$fpl$fpinit)
    __fpl_fretinf                            0x08011499   Thumb Code    10  fretinf.o(x$fpl$fretinf)
    AHBPrescTable                            0x080114a2   Data          16  system_stm32g4xx.o(.rodata.AHBPrescTable)
    __I$use$fp                               0x080114a2   Number         0  usenofp.o(x$fpl$usenofp)
    APBPrescTable                            0x080114b2   Data           8  system_stm32g4xx.o(.rodata.APBPrescTable)
    KEY_Pins                                 0x080114ba   Data           6  main.o(.rodata.KEY_Pins)
    UARTPrescTable                           0x080114d0   Data          24  stm32g4xx_hal_uart.o(.rodata.UARTPrescTable)
    ascii_1206                               0x080114e8   Data        1140  lcdfont.o(.rodata.ascii_1206)
    ascii_1608                               0x0801195c   Data        1520  lcdfont.o(.rodata.ascii_1608)
    start_meter_cmd                          0x08011f4c   Data           9  sdm18.o(.rodata.start_meter_cmd)
    stop_meter_cmd                           0x08011f55   Data           9  sdm18.o(.rodata.stop_meter_cmd)
    Region$$Table$$Base                      0x08011fe8   Number         0  anon$$obj.o(Region$$Table)
    Region$$Table$$Limit                     0x08012008   Number         0  anon$$obj.o(Region$$Table)
    Boardtemp_vals                           0x20000000   Data           3  zui_usr.o(.data.Boardtemp_vals)
    CDC_Desc                                 0x20000004   Data          32  usbd_desc.o(.data.CDC_Desc)
    Coretemp_vals                            0x20000024   Data           3  zui_usr.o(.data.Coretemp_vals)
    KEY_Ports                                0x2000002c   Data          12  main.o(.data.KEY_Ports)
    SystemCoreClock                          0x20000038   Data           4  system_stm32g4xx.o(.data.SystemCoreClock)
    USBD_CDC                                 0x2000003c   Data          56  usbd_cdc.o(.data.USBD_CDC)
    USBD_CDC_DeviceDesc                      0x200000fc   Data          18  usbd_desc.o(.data.USBD_CDC_DeviceDesc)
    USBD_Interface_fops_FS                   0x20000160   Data          20  usbd_cdc_if.o(.data.USBD_Interface_fops_FS)
    USBD_LangIDDesc                          0x20000174   Data           4  usbd_desc.o(.data.USBD_LangIDDesc)
    USBD_StringSerial                        0x20000178   Data          26  usbd_desc.o(.data.USBD_StringSerial)
    distanceval_vals                         0x20000192   Data           6  zui_usr.o(.data.distanceval_vals)
    keyval_vals                              0x20000198   Data           4  zui_usr.o(.data.keyval_vals)
    uwTickFreq                               0x200001a0   Data           4  stm32g4xx_hal.o(.data.uwTickFreq)
    uwTickPrio                               0x200001a4   Data           4  stm32g4xx_hal.o(.data.uwTickPrio)
    __libspace_start                         0x200001a8   Data          96  libspace.o(.bss)
    BAT_V                                    0x20000208   Data           8  adc.o(.bss.BAT_V)
    __temporary_stack_top$libspace           0x20000208   Data           0  libspace.o(.bss)
    BoardTempVal_elm_char16                  0x20000210   Data          28  zui_usr.o(.bss.BoardTempVal_elm_char16)
    BoardTemp_elm_char16                     0x2000022c   Data          28  zui_usr.o(.bss.BoardTemp_elm_char16)
    CoreTempVal_elm_char16                   0x20000248   Data          28  zui_usr.o(.bss.CoreTempVal_elm_char16)
    CoreTemp_elm_char16                      0x20000264   Data          28  zui_usr.o(.bss.CoreTemp_elm_char16)
    LCD_SPI                                  0x20000280   Data         100  lcd_init.o(.bss.LCD_SPI)
    USBD_StrDesc                             0x200002e8   Data         512  usbd_desc.o(.bss.USBD_StrDesc)
    USR_KEYs                                 0x20000708   Data          36  main.o(.bss.USR_KEYs)
    UserRxBufferFS                           0x2000072c   Data        1024  usbd_cdc_if.o(.bss.UserRxBufferFS)
    UserTxBufferFS                           0x20000b2c   Data        1024  usbd_cdc_if.o(.bss.UserTxBufferFS)
    adc_busy                                 0x20000f2c   Data           1  adc.o(.bss.adc_busy)
    adc_values                               0x20000f2e   Data           6  adc.o(.bss.adc_values)
    bat_elm_char16                           0x20000f34   Data          28  zui_usr.o(.bss.bat_elm_char16)
    bat_volt_char                            0x20000f50   Data           6  adc.o(.bss.bat_volt_char)
    batnum_elm_char16                        0x20000f58   Data          28  zui_usr.o(.bss.batnum_elm_char16)
    current_layer                            0x20000f74   Data           4  zui.o(.bss.current_layer)
    distance                                 0x20000f78   Data           4  sdm18.o(.bss.distance)
    distance_elm_char16                      0x20000f7c   Data          28  zui_usr.o(.bss.distance_elm_char16)
    distanceval_elm_char16                   0x20000f98   Data          28  zui_usr.o(.bss.distanceval_elm_char16)
    hUsbDeviceFS                             0x20000fb4   Data         720  usb_device.o(.bss.hUsbDeviceFS)
    hadc1                                    0x20001284   Data         108  adc.o(.bss.hadc1)
    hdma_adc1                                0x200012f0   Data          96  adc.o(.bss.hdma_adc1)
    hdma_i2c2_rx                             0x20001350   Data          96  i2c.o(.bss.hdma_i2c2_rx)
    hdma_i2c2_tx                             0x200013b0   Data          96  i2c.o(.bss.hdma_i2c2_tx)
    hdma_i2c3_rx                             0x20001410   Data          96  i2c.o(.bss.hdma_i2c3_rx)
    hdma_i2c3_tx                             0x20001470   Data          96  i2c.o(.bss.hdma_i2c3_tx)
    hdma_spi3_rx                             0x200014d0   Data          96  spi.o(.bss.hdma_spi3_rx)
    hdma_spi3_tx                             0x20001530   Data          96  spi.o(.bss.hdma_spi3_tx)
    hdma_usart3_rx                           0x20001590   Data          96  usart.o(.bss.hdma_usart3_rx)
    hdma_usart3_tx                           0x200015f0   Data          96  usart.o(.bss.hdma_usart3_tx)
    hi2c2                                    0x20001650   Data          84  i2c.o(.bss.hi2c2)
    hi2c3                                    0x200016a4   Data          84  i2c.o(.bss.hi2c3)
    hlpuart1                                 0x200016f8   Data         148  usart.o(.bss.hlpuart1)
    hpcd_USB_FS                              0x2000178c   Data         732  usbd_conf.o(.bss.hpcd_USB_FS)
    hrtc                                     0x20001a68   Data          40  rtc.o(.bss.hrtc)
    hspi1                                    0x20001a90   Data         100  spi.o(.bss.hspi1)
    hspi3                                    0x20001af4   Data         100  spi.o(.bss.hspi3)
    htim1                                    0x20001b58   Data          76  tim.o(.bss.htim1)
    htim2                                    0x20001ba4   Data          76  tim.o(.bss.htim2)
    huart2                                   0x20001bf0   Data         148  usart.o(.bss.huart2)
    huart3                                   0x20001c84   Data         148  usart.o(.bss.huart3)
    key_elm_char16                           0x20001d18   Data          28  zui_usr.o(.bss.key_elm_char16)
    keyval_elm_char16                        0x20001d34   Data          28  zui_usr.o(.bss.keyval_elm_char16)
    motor_start_cnt                          0x20001d50   Data           1  motor.o(.bss.motor_start_cnt)
    motor_state                              0x20001d51   Data           1  motor.o(.bss.motor_state)
    normal_layer                             0x20001d54   Data           8  zui_usr.o(.bss.normal_layer)
    pure_element                             0x20001d5c   Data          28  zui_usr.o(.bss.pure_element)
    pure_layer                               0x20001d78   Data           8  zui_usr.o(.bss.pure_layer)
    sdm18_receive_data                       0x20001d80   Data          25  sdm18.o(.bss.sdm18_receive_data)
    single_meter                             0x20001d99   Data           1  sdm18.o(.bss.single_meter)
    temperature_cd                           0x20001da0   Data           8  adc.o(.bss.temperature_cd)
    tim2_int_mask                            0x20001da8   Data           1  main.o(.bss.tim2_int_mask)
    tmp102Temp                               0x20001dac   Data           4  tmp102.o(.bss.tmp102Temp)
    uwTick                                   0x20001db0   Data           4  stm32g4xx_hal.o(.bss.uwTick)
    zui_elm_char12                           0x20001db4   Data          28  zui_usr.o(.bss.zui_elm_char12)
    zui_pixel_buffer0                        0x20001dd0   Data        6720  zui.o(.bss.zui_pixel_buffer0)



==============================================================================

Memory Map of the image

  Image Entry point : 0x080001d9

  Load Region LR_IROM1 (Base: 0x08000000, Size: 0x000121b0, Max: 0x00020000, ABSOLUTE, COMPRESSED[0x000120e8])

    Execution Region ER_IROM1 (Exec base: 0x08000000, Load base: 0x08000000, Size: 0x00012008, Max: 0x00020000, ABSOLUTE)

    Exec Addr    Load Addr    Size         Type   Attr      Idx    E Section Name        Object

    0x08000000   0x08000000   0x000001d8   Data   RO            3    RESET               startup_stm32g431xx.o
    0x080001d8   0x080001d8   0x00000008   Code   RO         2805  * !!!main             c_w.l(__main.o)
    0x080001e0   0x080001e0   0x0000005c   Code   RO         3019    !!!scatter          c_w.l(__scatter.o)
    0x0800023c   0x0800023c   0x0000005a   Code   RO         3017    !!dczerorl2         c_w.l(__dczerorl2.o)
    0x08000296   0x08000296   0x00000002   PAD
    0x08000298   0x08000298   0x00000002   Code   RO         3020    !!handler_null      c_w.l(__scatter.o)
    0x0800029a   0x0800029a   0x00000002   PAD
    0x0800029c   0x0800029c   0x0000001c   Code   RO         3023    !!handler_zi        c_w.l(__scatter_zi.o)
    0x080002b8   0x080002b8   0x00000002   Code   RO         2879    .ARM.Collect$$libinit$$00000000  c_w.l(libinit.o)
    0x080002ba   0x080002ba   0x00000004   Code   RO         2891    .ARM.Collect$$libinit$$00000001  c_w.l(libinit2.o)
    0x080002be   0x080002be   0x00000000   Code   RO         2894    .ARM.Collect$$libinit$$00000004  c_w.l(libinit2.o)
    0x080002be   0x080002be   0x00000000   Code   RO         2896    .ARM.Collect$$libinit$$00000006  c_w.l(libinit2.o)
    0x080002be   0x080002be   0x00000000   Code   RO         2899    .ARM.Collect$$libinit$$0000000C  c_w.l(libinit2.o)
    0x080002be   0x080002be   0x00000000   Code   RO         2901    .ARM.Collect$$libinit$$0000000E  c_w.l(libinit2.o)
    0x080002be   0x080002be   0x00000000   Code   RO         2903    .ARM.Collect$$libinit$$00000010  c_w.l(libinit2.o)
    0x080002be   0x080002be   0x00000000   Code   RO         2906    .ARM.Collect$$libinit$$00000013  c_w.l(libinit2.o)
    0x080002be   0x080002be   0x00000000   Code   RO         2908    .ARM.Collect$$libinit$$00000015  c_w.l(libinit2.o)
    0x080002be   0x080002be   0x00000000   Code   RO         2910    .ARM.Collect$$libinit$$00000017  c_w.l(libinit2.o)
    0x080002be   0x080002be   0x00000000   Code   RO         2912    .ARM.Collect$$libinit$$00000019  c_w.l(libinit2.o)
    0x080002be   0x080002be   0x00000000   Code   RO         2914    .ARM.Collect$$libinit$$0000001B  c_w.l(libinit2.o)
    0x080002be   0x080002be   0x00000000   Code   RO         2916    .ARM.Collect$$libinit$$0000001D  c_w.l(libinit2.o)
    0x080002be   0x080002be   0x00000000   Code   RO         2918    .ARM.Collect$$libinit$$0000001F  c_w.l(libinit2.o)
    0x080002be   0x080002be   0x00000000   Code   RO         2920    .ARM.Collect$$libinit$$00000021  c_w.l(libinit2.o)
    0x080002be   0x080002be   0x00000000   Code   RO         2922    .ARM.Collect$$libinit$$00000023  c_w.l(libinit2.o)
    0x080002be   0x080002be   0x00000000   Code   RO         2924    .ARM.Collect$$libinit$$00000025  c_w.l(libinit2.o)
    0x080002be   0x080002be   0x00000000   Code   RO         2926    .ARM.Collect$$libinit$$00000027  c_w.l(libinit2.o)
    0x080002be   0x080002be   0x00000000   Code   RO         2930    .ARM.Collect$$libinit$$0000002E  c_w.l(libinit2.o)
    0x080002be   0x080002be   0x00000000   Code   RO         2932    .ARM.Collect$$libinit$$00000030  c_w.l(libinit2.o)
    0x080002be   0x080002be   0x00000000   Code   RO         2934    .ARM.Collect$$libinit$$00000032  c_w.l(libinit2.o)
    0x080002be   0x080002be   0x00000000   Code   RO         2936    .ARM.Collect$$libinit$$00000034  c_w.l(libinit2.o)
    0x080002be   0x080002be   0x00000002   Code   RO         2937    .ARM.Collect$$libinit$$00000035  c_w.l(libinit2.o)
    0x080002c0   0x080002c0   0x00000002   Code   RO         2972    .ARM.Collect$$libshutdown$$00000000  c_w.l(libshutdown.o)
    0x080002c2   0x080002c2   0x00000000   Code   RO         3000    .ARM.Collect$$libshutdown$$00000002  c_w.l(libshutdown2.o)
    0x080002c2   0x080002c2   0x00000000   Code   RO         3002    .ARM.Collect$$libshutdown$$00000004  c_w.l(libshutdown2.o)
    0x080002c2   0x080002c2   0x00000000   Code   RO         3005    .ARM.Collect$$libshutdown$$00000007  c_w.l(libshutdown2.o)
    0x080002c2   0x080002c2   0x00000000   Code   RO         3008    .ARM.Collect$$libshutdown$$0000000A  c_w.l(libshutdown2.o)
    0x080002c2   0x080002c2   0x00000000   Code   RO         3010    .ARM.Collect$$libshutdown$$0000000C  c_w.l(libshutdown2.o)
    0x080002c2   0x080002c2   0x00000000   Code   RO         3013    .ARM.Collect$$libshutdown$$0000000F  c_w.l(libshutdown2.o)
    0x080002c2   0x080002c2   0x00000002   Code   RO         3014    .ARM.Collect$$libshutdown$$00000010  c_w.l(libshutdown2.o)
    0x080002c4   0x080002c4   0x00000000   Code   RO         2833    .ARM.Collect$$rtentry$$00000000  c_w.l(__rtentry.o)
    0x080002c4   0x080002c4   0x00000000   Code   RO         2850    .ARM.Collect$$rtentry$$00000002  c_w.l(__rtentry2.o)
    0x080002c4   0x080002c4   0x00000006   Code   RO         2862    .ARM.Collect$$rtentry$$00000004  c_w.l(__rtentry4.o)
    0x080002ca   0x080002ca   0x00000000   Code   RO         2852    .ARM.Collect$$rtentry$$00000009  c_w.l(__rtentry2.o)
    0x080002ca   0x080002ca   0x00000004   Code   RO         2853    .ARM.Collect$$rtentry$$0000000A  c_w.l(__rtentry2.o)
    0x080002ce   0x080002ce   0x00000000   Code   RO         2855    .ARM.Collect$$rtentry$$0000000C  c_w.l(__rtentry2.o)
    0x080002ce   0x080002ce   0x00000008   Code   RO         2856    .ARM.Collect$$rtentry$$0000000D  c_w.l(__rtentry2.o)
    0x080002d6   0x080002d6   0x00000002   Code   RO         2883    .ARM.Collect$$rtexit$$00000000  c_w.l(rtexit.o)
    0x080002d8   0x080002d8   0x00000000   Code   RO         2943    .ARM.Collect$$rtexit$$00000002  c_w.l(rtexit2.o)
    0x080002d8   0x080002d8   0x00000004   Code   RO         2944    .ARM.Collect$$rtexit$$00000003  c_w.l(rtexit2.o)
    0x080002dc   0x080002dc   0x00000006   Code   RO         2945    .ARM.Collect$$rtexit$$00000004  c_w.l(rtexit2.o)
    0x080002e2   0x080002e2   0x00000002   PAD
    0x080002e4   0x080002e4   0x00000040   Code   RO            4    .text               startup_stm32g431xx.o
    0x08000324   0x08000324   0x000000f0   Code   RO         2795    .text               c_w.l(lludivv7m.o)
    0x08000414   0x08000414   0x00000064   Code   RO         2797    .text               c_w.l(rt_memcpy_w.o)
    0x08000478   0x08000478   0x00000010   Code   RO         2799    .text               c_w.l(aeabi_memset.o)
    0x08000488   0x08000488   0x0000004e   Code   RO         2801    .text               c_w.l(rt_memclr_w.o)
    0x080004d6   0x080004d6   0x00000006   Code   RO         2803    .text               c_w.l(heapauxi.o)
    0x080004dc   0x080004dc   0x00000044   Code   RO         2838    .text               c_w.l(rt_memclr.o)
    0x08000520   0x08000520   0x0000004a   Code   RO         2866    .text               c_w.l(sys_stackheap_outer.o)
    0x0800056a   0x0800056a   0x00000012   Code   RO         2868    .text               c_w.l(exit.o)
    0x0800057c   0x0800057c   0x00000008   Code   RO         2880    .text               c_w.l(libspace.o)
    0x08000584   0x08000584   0x0000000c   Code   RO         2938    .text               c_w.l(sys_exit.o)
    0x08000590   0x08000590   0x00000002   Code   RO         2961    .text               c_w.l(use_no_semi.o)
    0x08000592   0x08000592   0x00000000   Code   RO         2963    .text               c_w.l(indicate_semi.o)
    0x08000592   0x08000592   0x00000002   PAD
    0x08000594   0x08000594   0x00000010   Code   RO          213    .text.ADC1_2_IRQHandler  stm32g4xx_it.o
    0x080005a4   0x080005a4   0x000000d4   Code   RO         1028    .text.ADC_DMAConvCplt  stm32g4xx_hal_adc.o
    0x08000678   0x08000678   0x0000002a   Code   RO         1032    .text.ADC_DMAError  stm32g4xx_hal_adc.o
    0x080006a2   0x080006a2   0x00000002   PAD
    0x080006a4   0x080006a4   0x00000016   Code   RO         1030    .text.ADC_DMAHalfConvCplt  stm32g4xx_hal_adc.o
    0x080006ba   0x080006ba   0x00000002   PAD
    0x080006bc   0x080006bc   0x000000c4   Code   RO         1000    .text.ADC_Disable   stm32g4xx_hal_adc.o
    0x08000780   0x08000780   0x00000110   Code   RO         1008    .text.ADC_Enable    stm32g4xx_hal_adc.o
    0x08000890   0x08000890   0x00000004   Code   RO          187    .text.BusFault_Handler  stm32g4xx_it.o
    0x08000894   0x08000894   0x0000005c   Code   RO         2426    .text.CDC_Control_FS  usbd_cdc_if.o
    0x080008f0   0x080008f0   0x00000004   Code   RO         2424    .text.CDC_DeInit_FS  usbd_cdc_if.o
    0x080008f4   0x080008f4   0x00000032   Code   RO         2422    .text.CDC_Init_FS   usbd_cdc_if.o
    0x08000926   0x08000926   0x00000002   PAD
    0x08000928   0x08000928   0x00000024   Code   RO         2428    .text.CDC_Receive_FS  usbd_cdc_if.o
    0x0800094c   0x0800094c   0x00000018   Code   RO         2430    .text.CDC_TransmitCplt_FS  usbd_cdc_if.o
    0x08000964   0x08000964   0x00000010   Code   RO          205    .text.DMA1_Channel1_IRQHandler  stm32g4xx_it.o
    0x08000974   0x08000974   0x00000010   Code   RO          207    .text.DMA1_Channel2_IRQHandler  stm32g4xx_it.o
    0x08000984   0x08000984   0x00000010   Code   RO          209    .text.DMA1_Channel3_IRQHandler  stm32g4xx_it.o
    0x08000994   0x08000994   0x00000010   Code   RO          211    .text.DMA1_Channel4_IRQHandler  stm32g4xx_it.o
    0x080009a4   0x080009a4   0x00000010   Code   RO          231    .text.DMA2_Channel1_IRQHandler  stm32g4xx_it.o
    0x080009b4   0x080009b4   0x00000010   Code   RO          233    .text.DMA2_Channel2_IRQHandler  stm32g4xx_it.o
    0x080009c4   0x080009c4   0x00000010   Code   RO          235    .text.DMA2_Channel3_IRQHandler  stm32g4xx_it.o
    0x080009d4   0x080009d4   0x00000010   Code   RO          237    .text.DMA2_Channel5_IRQHandler  stm32g4xx_it.o
    0x080009e4   0x080009e4   0x00000010   Code   RO          241    .text.DMA2_Channel6_IRQHandler  stm32g4xx_it.o
    0x080009f4   0x080009f4   0x00000074   Code   RO          729    .text.DMA_CalcDMAMUXChannelBaseAndMask  stm32g4xx_hal_dma.o
    0x08000a68   0x08000a68   0x0000003c   Code   RO          731    .text.DMA_CalcDMAMUXRequestGenBaseAndMask  stm32g4xx_hal_dma.o
    0x08000aa4   0x08000aa4   0x0000006e   Code   RO          737    .text.DMA_SetConfig  stm32g4xx_hal_dma.o
    0x08000b12   0x08000b12   0x00000002   PAD
    0x08000b14   0x08000b14   0x00000002   Code   RO          193    .text.DebugMon_Handler  stm32g4xx_it.o
    0x08000b16   0x08000b16   0x00000002   PAD
    0x08000b18   0x08000b18   0x0000000a   Code   RO          199    .text.EXTI0_IRQHandler  stm32g4xx_it.o
    0x08000b22   0x08000b22   0x00000002   PAD
    0x08000b24   0x08000b24   0x00000014   Code   RO          227    .text.EXTI15_10_IRQHandler  stm32g4xx_it.o
    0x08000b38   0x08000b38   0x0000000a   Code   RO          201    .text.EXTI1_IRQHandler  stm32g4xx_it.o
    0x08000b42   0x08000b42   0x00000002   PAD
    0x08000b44   0x08000b44   0x0000000a   Code   RO          203    .text.EXTI4_IRQHandler  stm32g4xx_it.o
    0x08000b4e   0x08000b4e   0x00000002   PAD
    0x08000b50   0x08000b50   0x0000000e   Code   RO           19    .text.Error_Handler  main.o
    0x08000b5e   0x08000b5e   0x00000002   PAD
    0x08000b60   0x08000b60   0x0000005c   Code   RO         2405    .text.Get_SerialNum  usbd_desc.o
    0x08000bbc   0x08000bbc   0x000000e0   Code   RO         1123    .text.HAL_ADCEx_Calibration_Start  stm32g4xx_hal_adc_ex.o
    0x08000c9c   0x08000c9c   0x00000008   Code   RO         1181    .text.HAL_ADCEx_EndOfSamplingCallback  stm32g4xx_hal_adc_ex.o
    0x08000ca4   0x08000ca4   0x00000008   Code   RO         1173    .text.HAL_ADCEx_InjectedConvCpltCallback  stm32g4xx_hal_adc_ex.o
    0x08000cac   0x08000cac   0x00000008   Code   RO         1175    .text.HAL_ADCEx_InjectedQueueOverflowCallback  stm32g4xx_hal_adc_ex.o
    0x08000cb4   0x08000cb4   0x00000008   Code   RO         1177    .text.HAL_ADCEx_LevelOutOfWindow2Callback  stm32g4xx_hal_adc_ex.o
    0x08000cbc   0x08000cbc   0x00000008   Code   RO         1179    .text.HAL_ADCEx_LevelOutOfWindow3Callback  stm32g4xx_hal_adc_ex.o
    0x08000cc4   0x08000cc4   0x00000176   Code   RO         1213    .text.HAL_ADCEx_MultiModeConfigChannel  stm32g4xx_hal_adc_ex.o
    0x08000e3a   0x08000e3a   0x00000002   PAD
    0x08000e3c   0x08000e3c   0x000007e8   Code   RO         1054    .text.HAL_ADC_ConfigChannel  stm32g4xx_hal_adc.o
    0x08001624   0x08001624   0x00000004   PAD
    0x08001628   0x08001628   0x00000268   Code   RO           54    .text.HAL_ADC_ConvCpltCallback  adc.o
    0x08001890   0x08001890   0x00000008   Code   RO         1052    .text.HAL_ADC_ConvHalfCpltCallback  stm32g4xx_hal_adc.o
    0x08001898   0x08001898   0x00000008   Code   RO         1050    .text.HAL_ADC_ErrorCallback  stm32g4xx_hal_adc.o
    0x080018a0   0x080018a0   0x000004aa   Code   RO         1042    .text.HAL_ADC_IRQHandler  stm32g4xx_hal_adc.o
    0x08001d4a   0x08001d4a   0x00000002   PAD
    0x08001d4c   0x08001d4c   0x00000318   Code   RO          976    .text.HAL_ADC_Init  stm32g4xx_hal_adc.o
    0x08002064   0x08002064   0x00000008   Code   RO         1048    .text.HAL_ADC_LevelOutOfWindowCallback  stm32g4xx_hal_adc.o
    0x0800206c   0x0800206c   0x0000010a   Code   RO           46    .text.HAL_ADC_MspInit  adc.o
    0x08002176   0x08002176   0x00000002   PAD
    0x08002178   0x08002178   0x0000019c   Code   RO         1026    .text.HAL_ADC_Start_DMA  stm32g4xx_hal_adc.o
    0x08002314   0x08002314   0x0000009c   Code   RO          741    .text.HAL_DMA_Abort  stm32g4xx_hal_dma.o
    0x080023b0   0x080023b0   0x000000c2   Code   RO          743    .text.HAL_DMA_Abort_IT  stm32g4xx_hal_dma.o
    0x08002472   0x08002472   0x00000002   PAD
    0x08002474   0x08002474   0x0000000c   Code   RO          755    .text.HAL_DMA_GetError  stm32g4xx_hal_dma.o
    0x08002480   0x08002480   0x00000156   Code   RO          747    .text.HAL_DMA_IRQHandler  stm32g4xx_hal_dma.o
    0x080025d6   0x080025d6   0x00000002   PAD
    0x080025d8   0x080025d8   0x00000156   Code   RO          727    .text.HAL_DMA_Init  stm32g4xx_hal_dma.o
    0x0800272e   0x0800272e   0x00000002   PAD
    0x08002730   0x08002730   0x000000fc   Code   RO          739    .text.HAL_DMA_Start_IT  stm32g4xx_hal_dma.o
    0x0800282c   0x0800282c   0x00000042   Code   RO          431    .text.HAL_Delay     stm32g4xx_hal.o
    0x0800286e   0x0800286e   0x00000002   PAD
    0x08002870   0x08002870   0x00000036   Code   RO           35    .text.HAL_GPIO_EXTI_Callback  gpio.o
    0x080028a6   0x080028a6   0x00000002   PAD
    0x080028a8   0x080028a8   0x00000038   Code   RO          691    .text.HAL_GPIO_EXTI_IRQHandler  stm32g4xx_hal_gpio.o
    0x080028e0   0x080028e0   0x00000368   Code   RO          679    .text.HAL_GPIO_Init  stm32g4xx_hal_gpio.o
    0x08002c48   0x08002c48   0x0000002e   Code   RO          683    .text.HAL_GPIO_ReadPin  stm32g4xx_hal_gpio.o
    0x08002c76   0x08002c76   0x00000002   PAD
    0x08002c78   0x08002c78   0x00000026   Code   RO          687    .text.HAL_GPIO_TogglePin  stm32g4xx_hal_gpio.o
    0x08002c9e   0x08002c9e   0x00000002   PAD
    0x08002ca0   0x08002ca0   0x0000002c   Code   RO          685    .text.HAL_GPIO_WritePin  stm32g4xx_hal_gpio.o
    0x08002ccc   0x08002ccc   0x0000000c   Code   RO          423    .text.HAL_GetTick   stm32g4xx_hal.o
    0x08002cd8   0x08002cd8   0x00000098   Code   RO         1406    .text.HAL_I2CEx_ConfigAnalogFilter  stm32g4xx_hal_i2c_ex.o
    0x08002d70   0x08002d70   0x000000a2   Code   RO         1408    .text.HAL_I2CEx_ConfigDigitalFilter  stm32g4xx_hal_i2c_ex.o
    0x08002e12   0x08002e12   0x00000002   PAD
    0x08002e14   0x08002e14   0x0000002e   Code   RO         1351    .text.HAL_I2C_EV_IRQHandler  stm32g4xx_hal_i2c.o
    0x08002e42   0x08002e42   0x00000002   PAD
    0x08002e44   0x08002e44   0x00000114   Code   RO         1237    .text.HAL_I2C_Init  stm32g4xx_hal_i2c.o
    0x08002f58   0x08002f58   0x0000021c   Code   RO         1255    .text.HAL_I2C_Master_Receive  stm32g4xx_hal_i2c.o
    0x08003174   0x08003174   0x00000252   Code   RO         1245    .text.HAL_I2C_Master_Transmit  stm32g4xx_hal_i2c.o
    0x080033c6   0x080033c6   0x00000002   PAD
    0x080033c8   0x080033c8   0x00000286   Code   RO           83    .text.HAL_I2C_MspInit  i2c.o
    0x0800364e   0x0800364e   0x00000002   PAD
    0x08003650   0x08003650   0x0000001a   Code   RO          421    .text.HAL_IncTick   stm32g4xx_hal.o
    0x0800366a   0x0800366a   0x00000002   PAD
    0x0800366c   0x0800366c   0x00000030   Code   RO          411    .text.HAL_Init      stm32g4xx_hal.o
    0x0800369c   0x0800369c   0x00000088   Code   RO          413    .text.HAL_InitTick  stm32g4xx_hal.o
    0x08003724   0x08003724   0x00000048   Code   RO          250    .text.HAL_MspInit   stm32g4xx_hal_msp.o
    0x0800376c   0x0800376c   0x00000014   Code   RO          917    .text.HAL_NVIC_DisableIRQ  stm32g4xx_hal_cortex.o
    0x08003780   0x08003780   0x00000014   Code   RO          913    .text.HAL_NVIC_EnableIRQ  stm32g4xx_hal_cortex.o
    0x08003794   0x08003794   0x0000002e   Code   RO          905    .text.HAL_NVIC_SetPriority  stm32g4xx_hal_cortex.o
    0x080037c2   0x080037c2   0x00000002   PAD
    0x080037c4   0x080037c4   0x00000010   Code   RO          901    .text.HAL_NVIC_SetPriorityGrouping  stm32g4xx_hal_cortex.o
    0x080037d4   0x080037d4   0x0000003a   Code   RO          347    .text.HAL_PCDEx_ActivateLPM  stm32g4xx_hal_pcd_ex.o
    0x0800380e   0x0800380e   0x00000002   PAD
    0x08003810   0x08003810   0x00000072   Code   RO         2365    .text.HAL_PCDEx_LPM_Callback  usbd_conf.o
    0x08003882   0x08003882   0x00000002   PAD
    0x08003884   0x08003884   0x0000007a   Code   RO          337    .text.HAL_PCDEx_PMAConfig  stm32g4xx_hal_pcd_ex.o
    0x080038fe   0x080038fe   0x00000002   PAD
    0x08003900   0x08003900   0x00000026   Code   RO         2315    .text.HAL_PCD_DataInStageCallback  usbd_conf.o
    0x08003926   0x08003926   0x00000002   PAD
    0x08003928   0x08003928   0x00000028   Code   RO         2313    .text.HAL_PCD_DataOutStageCallback  usbd_conf.o
    0x08003950   0x08003950   0x000000a8   Code   RO          304    .text.HAL_PCD_EP_Close  stm32g4xx_hal_pcd.o
    0x080039f8   0x080039f8   0x000000c8   Code   RO          314    .text.HAL_PCD_EP_ClrStall  stm32g4xx_hal_pcd.o
    0x08003ac0   0x08003ac0   0x000001f8   Code   RO          326    .text.HAL_PCD_EP_DB_Receive  stm32g4xx_hal_pcd.o
    0x08003cb8   0x08003cb8   0x000007ee   Code   RO          328    .text.HAL_PCD_EP_DB_Transmit  stm32g4xx_hal_pcd.o
    0x080044a6   0x080044a6   0x00000002   PAD
    0x080044a8   0x080044a8   0x00000022   Code   RO          308    .text.HAL_PCD_EP_GetRxCount  stm32g4xx_hal_pcd.o
    0x080044ca   0x080044ca   0x00000002   PAD
    0x080044cc   0x080044cc   0x000000de   Code   RO          302    .text.HAL_PCD_EP_Open  stm32g4xx_hal_pcd.o
    0x080045aa   0x080045aa   0x00000002   PAD
    0x080045ac   0x080045ac   0x0000005a   Code   RO          306    .text.HAL_PCD_EP_Receive  stm32g4xx_hal_pcd.o
    0x08004606   0x08004606   0x00000002   PAD
    0x08004608   0x08004608   0x000000c4   Code   RO          312    .text.HAL_PCD_EP_SetStall  stm32g4xx_hal_pcd.o
    0x080046cc   0x080046cc   0x00000066   Code   RO          310    .text.HAL_PCD_EP_Transmit  stm32g4xx_hal_pcd.o
    0x08004732   0x08004732   0x00000002   PAD
    0x08004734   0x08004734   0x000001e8   Code   RO          270    .text.HAL_PCD_IRQHandler  stm32g4xx_hal_pcd.o
    0x0800491c   0x0800491c   0x00000194   Code   RO          258    .text.HAL_PCD_Init  stm32g4xx_hal_pcd.o
    0x08004ab0   0x08004ab0   0x00000084   Code   RO         2307    .text.HAL_PCD_MspInit  usbd_conf.o
    0x08004b34   0x08004b34   0x00000038   Code   RO         2319    .text.HAL_PCD_ResetCallback  usbd_conf.o
    0x08004b6c   0x08004b6c   0x00000032   Code   RO         2323    .text.HAL_PCD_ResumeCallback  usbd_conf.o
    0x08004b9e   0x08004b9e   0x00000002   PAD
    0x08004ba0   0x08004ba0   0x00000014   Code   RO         2317    .text.HAL_PCD_SOFCallback  usbd_conf.o
    0x08004bb4   0x08004bb4   0x0000005c   Code   RO          276    .text.HAL_PCD_SetAddress  stm32g4xx_hal_pcd.o
    0x08004c10   0x08004c10   0x00000018   Code   RO         2311    .text.HAL_PCD_SetupStageCallback  usbd_conf.o
    0x08004c28   0x08004c28   0x00000054   Code   RO          266    .text.HAL_PCD_Start  stm32g4xx_hal_pcd.o
    0x08004c7c   0x08004c7c   0x0000002e   Code   RO         2321    .text.HAL_PCD_SuspendCallback  usbd_conf.o
    0x08004caa   0x08004caa   0x00000002   PAD
    0x08004cac   0x08004cac   0x000001b4   Code   RO          822    .text.HAL_PWREx_ControlVoltageScaling  stm32g4xx_hal_pwr_ex.o
    0x08004e60   0x08004e60   0x00000012   Code   RO          892    .text.HAL_PWREx_DisableUCPDDeadBattery  stm32g4xx_hal_pwr_ex.o
    0x08004e72   0x08004e72   0x00000002   PAD
    0x08004e74   0x08004e74   0x00000012   Code   RO          783    .text.HAL_PWR_EnableBkUpAccess  stm32g4xx_hal_pwr.o
    0x08004e86   0x08004e86   0x00000002   PAD
    0x08004e88   0x08004e88   0x0000045a   Code   RO          536    .text.HAL_RCCEx_PeriphCLKConfig  stm32g4xx_hal_rcc_ex.o
    0x080052e2   0x080052e2   0x00000002   PAD
    0x080052e4   0x080052e4   0x00000326   Code   RO          501    .text.HAL_RCC_ClockConfig  stm32g4xx_hal_rcc.o
    0x0800560a   0x0800560a   0x00000002   PAD
    0x0800560c   0x0800560c   0x0000000c   Code   RO          509    .text.HAL_RCC_GetHCLKFreq  stm32g4xx_hal_rcc.o
    0x08005618   0x08005618   0x00000026   Code   RO          511    .text.HAL_RCC_GetPCLK1Freq  stm32g4xx_hal_rcc.o
    0x0800563e   0x0800563e   0x00000002   PAD
    0x08005640   0x08005640   0x00000026   Code   RO          513    .text.HAL_RCC_GetPCLK2Freq  stm32g4xx_hal_rcc.o
    0x08005666   0x08005666   0x00000002   PAD
    0x08005668   0x08005668   0x000000fc   Code   RO          505    .text.HAL_RCC_GetSysClockFreq  stm32g4xx_hal_rcc.o
    0x08005764   0x08005764   0x000007b6   Code   RO          499    .text.HAL_RCC_OscConfig  stm32g4xx_hal_rcc.o
    0x08005f1a   0x08005f1a   0x00000002   PAD
    0x08005f1c   0x08005f1c   0x0000010c   Code   RO         1618    .text.HAL_RTC_Init  stm32g4xx_hal_rtc.o
    0x08006028   0x08006028   0x00000070   Code   RO          130    .text.HAL_RTC_MspInit  rtc.o
    0x08006098   0x08006098   0x0000012c   Code   RO         1640    .text.HAL_RTC_SetDate  stm32g4xx_hal_rtc.o
    0x080061c4   0x080061c4   0x0000015e   Code   RO         1632    .text.HAL_RTC_SetTime  stm32g4xx_hal_rtc.o
    0x08006322   0x08006322   0x00000002   PAD
    0x08006324   0x08006324   0x00000052   Code   RO         1628    .text.HAL_RTC_WaitForSynchro  stm32g4xx_hal_rtc.o
    0x08006376   0x08006376   0x00000002   PAD
    0x08006378   0x08006378   0x00000008   Code   RO         1860    .text.HAL_SPI_ErrorCallback  stm32g4xx_hal_spi.o
    0x08006380   0x08006380   0x0000000e   Code   RO         1874    .text.HAL_SPI_GetState  stm32g4xx_hal_spi.o
    0x0800638e   0x0800638e   0x00000002   PAD
    0x08006390   0x08006390   0x00000230   Code   RO         1856    .text.HAL_SPI_IRQHandler  stm32g4xx_hal_spi.o
    0x080065c0   0x080065c0   0x00000150   Code   RO         1772    .text.HAL_SPI_Init  stm32g4xx_hal_spi.o
    0x08006710   0x08006710   0x000001be   Code   RO          146    .text.HAL_SPI_MspInit  spi.o
    0x080068ce   0x080068ce   0x00000002   PAD
    0x080068d0   0x080068d0   0x000002f8   Code   RO         1780    .text.HAL_SPI_Transmit  stm32g4xx_hal_spi.o
    0x08006bc8   0x08006bc8   0x00000010   Code   RO          925    .text.HAL_SYSTICK_Config  stm32g4xx_hal_cortex.o
    0x08006bd8   0x08006bd8   0x00000008   Code   RO         2272    .text.HAL_TIMEx_Break2Callback  stm32g4xx_hal_tim_ex.o
    0x08006be0   0x08006be0   0x00000008   Code   RO         2270    .text.HAL_TIMEx_BreakCallback  stm32g4xx_hal_tim_ex.o
    0x08006be8   0x08006be8   0x00000008   Code   RO         2266    .text.HAL_TIMEx_CommutCallback  stm32g4xx_hal_tim_ex.o
    0x08006bf0   0x08006bf0   0x00000008   Code   RO         2276    .text.HAL_TIMEx_DirectionChangeCallback  stm32g4xx_hal_tim_ex.o
    0x08006bf8   0x08006bf8   0x00000008   Code   RO         2274    .text.HAL_TIMEx_EncoderIndexCallback  stm32g4xx_hal_tim_ex.o
    0x08006c00   0x08006c00   0x00000008   Code   RO         2278    .text.HAL_TIMEx_IndexErrorCallback  stm32g4xx_hal_tim_ex.o
    0x08006c08   0x08006c08   0x0000013e   Code   RO         2216    .text.HAL_TIMEx_MasterConfigSynchronization  stm32g4xx_hal_tim_ex.o
    0x08006d46   0x08006d46   0x00000002   PAD
    0x08006d48   0x08006d48   0x00000008   Code   RO         2280    .text.HAL_TIMEx_TransitionErrorCallback  stm32g4xx_hal_tim_ex.o
    0x08006d50   0x08006d50   0x000000a8   Code   RO         1899    .text.HAL_TIM_Base_Init  stm32g4xx_hal_tim.o
    0x08006df8   0x08006df8   0x0000007c   Code   RO          165    .text.HAL_TIM_Base_MspInit  tim.o
    0x08006e74   0x08006e74   0x000000e2   Code   RO         1913    .text.HAL_TIM_Base_Start_IT  stm32g4xx_hal_tim.o
    0x08006f56   0x08006f56   0x00000002   PAD
    0x08006f58   0x08006f58   0x000001d4   Code   RO         2095    .text.HAL_TIM_ConfigClockSource  stm32g4xx_hal_tim.o
    0x0800712c   0x0800712c   0x00000008   Code   RO         2035    .text.HAL_TIM_IC_CaptureCallback  stm32g4xx_hal_tim.o
    0x08007134   0x08007134   0x00000300   Code   RO         2033    .text.HAL_TIM_IRQHandler  stm32g4xx_hal_tim.o
    0x08007434   0x08007434   0x00000008   Code   RO         2037    .text.HAL_TIM_OC_DelayElapsedCallback  stm32g4xx_hal_tim.o
    0x0800743c   0x0800743c   0x00000008   Code   RO         2039    .text.HAL_TIM_PWM_PulseFinishedCallback  stm32g4xx_hal_tim.o
    0x08007444   0x08007444   0x000000d8   Code   RO          169    .text.HAL_TIM_PeriodElapsedCallback  tim.o
    0x0800751c   0x0800751c   0x00000008   Code   RO         2043    .text.HAL_TIM_TriggerCallback  stm32g4xx_hal_tim.o
    0x08007524   0x08007524   0x0000007c   Code   RO         1595    .text.HAL_UARTEx_DisableFifoMode  stm32g4xx_hal_uart_ex.o
    0x080075a0   0x080075a0   0x00000230   Code   RO         1601    .text.HAL_UARTEx_ReceiveToIdle  stm32g4xx_hal_uart_ex.o
    0x080077d0   0x080077d0   0x000000a8   Code   RO         1603    .text.HAL_UARTEx_ReceiveToIdle_IT  stm32g4xx_hal_uart_ex.o
    0x08007878   0x08007878   0x0000005e   Code   RO          112    .text.HAL_UARTEx_RxEventCallback  usart.o
    0x080078d6   0x080078d6   0x00000002   PAD
    0x080078d8   0x080078d8   0x00000008   Code   RO         1577    .text.HAL_UARTEx_RxFifoFullCallback  stm32g4xx_hal_uart_ex.o
    0x080078e0   0x080078e0   0x0000008c   Code   RO         1599    .text.HAL_UARTEx_SetRxFifoThreshold  stm32g4xx_hal_uart_ex.o
    0x0800796c   0x0800796c   0x0000008c   Code   RO         1597    .text.HAL_UARTEx_SetTxFifoThreshold  stm32g4xx_hal_uart_ex.o
    0x080079f8   0x080079f8   0x00000008   Code   RO         1579    .text.HAL_UARTEx_TxFifoEmptyCallback  stm32g4xx_hal_uart_ex.o
    0x08007a00   0x08007a00   0x00000008   Code   RO         1575    .text.HAL_UARTEx_WakeupCallback  stm32g4xx_hal_uart_ex.o
    0x08007a08   0x08007a08   0x000001de   Code   RO         1487    .text.HAL_UART_Abort  stm32g4xx_hal_uart.o
    0x08007be6   0x08007be6   0x00000002   PAD
    0x08007be8   0x08007be8   0x00000008   Code   RO          114    .text.HAL_UART_ErrorCallback  usart.o
    0x08007bf0   0x08007bf0   0x00000596   Code   RO         1513    .text.HAL_UART_IRQHandler  stm32g4xx_hal_uart.o
    0x08008186   0x08008186   0x00000002   PAD
    0x08008188   0x08008188   0x000000aa   Code   RO         1425    .text.HAL_UART_Init  stm32g4xx_hal_uart.o
    0x08008232   0x08008232   0x00000002   PAD
    0x08008234   0x08008234   0x0000026c   Code   RO          106    .text.HAL_UART_MspInit  usart.o
    0x080084a0   0x080084a0   0x00000008   Code   RO          110    .text.HAL_UART_RxCpltCallback  usart.o
    0x080084a8   0x080084a8   0x00000138   Code   RO         1445    .text.HAL_UART_Transmit  stm32g4xx_hal_uart.o
    0x080085e0   0x080085e0   0x00000008   Code   RO         1523    .text.HAL_UART_TxCpltCallback  stm32g4xx_hal_uart.o
    0x080085e8   0x080085e8   0x00000004   Code   RO          183    .text.HardFault_Handler  stm32g4xx_it.o
    0x080085ec   0x080085ec   0x00000010   Code   RO          221    .text.I2C2_EV_IRQHandler  stm32g4xx_it.o
    0x080085fc   0x080085fc   0x00000010   Code   RO          239    .text.I2C3_EV_IRQHandler  stm32g4xx_it.o
    0x0800860c   0x0800860c   0x00000040   Code   RO         1261    .text.I2C_Flush_TXDR  stm32g4xx_hal_i2c.o
    0x0800864c   0x0800864c   0x000001fe   Code   RO         1397    .text.I2C_IsErrorOccurred  stm32g4xx_hal_i2c.o
    0x0800884a   0x0800884a   0x00000002   PAD
    0x0800884c   0x0800884c   0x00000054   Code   RO         1249    .text.I2C_TransferConfig  stm32g4xx_hal_i2c.o
    0x080088a0   0x080088a0   0x000000c4   Code   RO         1247    .text.I2C_WaitOnFlagUntilTimeout  stm32g4xx_hal_i2c.o
    0x08008964   0x08008964   0x00000168   Code   RO         1257    .text.I2C_WaitOnRXNEFlagUntilTimeout  stm32g4xx_hal_i2c.o
    0x08008acc   0x08008acc   0x000000a2   Code   RO         1253    .text.I2C_WaitOnSTOPFlagUntilTimeout  stm32g4xx_hal_i2c.o
    0x08008b6e   0x08008b6e   0x00000002   PAD
    0x08008b70   0x08008b70   0x000000ac   Code   RO         1251    .text.I2C_WaitOnTXISFlagUntilTimeout  stm32g4xx_hal_i2c.o
    0x08008c1c   0x08008c1c   0x0000007a   Code   RO         2407    .text.IntToUnicode  usbd_desc.o
    0x08008c96   0x08008c96   0x00000002   PAD
    0x08008c98   0x08008c98   0x00000052   Code   RO         2635    .text.LCD_Address_Set  lcd_init.o
    0x08008cea   0x08008cea   0x00000002   PAD
    0x08008cec   0x08008cec   0x000000b4   Code   RO         2594    .text.LCD_DrawArea  lcd.o
    0x08008da0   0x08008da0   0x00000210   Code   RO         2637    .text.LCD_Init      lcd_init.o
    0x08008fb0   0x08008fb0   0x0000002c   Code   RO         2631    .text.LCD_WR_DATA   lcd_init.o
    0x08008fdc   0x08008fdc   0x00000024   Code   RO         2629    .text.LCD_WR_DATA8  lcd_init.o
    0x08009000   0x08009000   0x00000024   Code   RO         2633    .text.LCD_WR_REG    lcd_init.o
    0x08009024   0x08009024   0x0000005e   Code   RO         2627    .text.LCD_Writ_Bus  lcd_init.o
    0x08009082   0x08009082   0x00000002   PAD
    0x08009084   0x08009084   0x0000001c   Code   RO         1114    .text.LL_ADC_Disable  stm32g4xx_hal_adc.o
    0x080090a0   0x080090a0   0x00000018   Code   RO          982    .text.LL_ADC_DisableDeepPowerDown  stm32g4xx_hal_adc.o
    0x080090b8   0x080090b8   0x0000001c   Code   RO         1112    .text.LL_ADC_Enable  stm32g4xx_hal_adc.o
    0x080090d4   0x080090d4   0x0000001e   Code   RO          986    .text.LL_ADC_EnableInternalRegulator  stm32g4xx_hal_adc.o
    0x080090f2   0x080090f2   0x00000002   PAD
    0x080090f4   0x080090f4   0x00000010   Code   RO         1074    .text.LL_ADC_GetCommonPathInternalCh  stm32g4xx_hal_adc.o
    0x08009104   0x08009104   0x00000010   Code   RO         1016    .text.LL_ADC_GetMultiDMATransfer  stm32g4xx_hal_adc.o
    0x08009114   0x08009114   0x00000010   Code   RO         1006    .text.LL_ADC_GetMultimode  stm32g4xx_hal_adc.o
    0x08009124   0x08009124   0x0000001e   Code   RO         1068    .text.LL_ADC_GetOffsetChannel  stm32g4xx_hal_adc.o
    0x08009142   0x08009142   0x00000002   PAD
    0x08009144   0x08009144   0x00000010   Code   RO          994    .text.LL_ADC_INJ_IsConversionOngoing  stm32g4xx_hal_adc.o
    0x08009154   0x08009154   0x00000016   Code   RO         1046    .text.LL_ADC_INJ_IsTriggerSourceSWStart  stm32g4xx_hal_adc.o
    0x0800916a   0x0800916a   0x00000002   PAD
    0x0800916c   0x0800916c   0x0000000e   Code   RO         1127    .text.LL_ADC_IsCalibrationOnGoing  stm32g4xx_hal_adc_ex.o
    0x0800917a   0x0800917a   0x00000002   PAD
    0x0800917c   0x0800917c   0x00000010   Code   RO          980    .text.LL_ADC_IsDeepPowerDownEnabled  stm32g4xx_hal_adc.o
    0x0800918c   0x0800918c   0x00000010   Code   RO         1106    .text.LL_ADC_IsDisableOngoing  stm32g4xx_hal_adc.o
    0x0800919c   0x0800919c   0x00000010   Code   RO          990    .text.LL_ADC_IsEnabled  stm32g4xx_hal_adc.o
    0x080091ac   0x080091ac   0x00000010   Code   RO         1139    .text.LL_ADC_IsEnabled  stm32g4xx_hal_adc_ex.o
    0x080091bc   0x080091bc   0x00000010   Code   RO          984    .text.LL_ADC_IsInternalRegulatorEnabled  stm32g4xx_hal_adc.o
    0x080091cc   0x080091cc   0x00000010   Code   RO          988    .text.LL_ADC_REG_IsConversionOngoing  stm32g4xx_hal_adc.o
    0x080091dc   0x080091dc   0x00000010   Code   RO         1135    .text.LL_ADC_REG_IsConversionOngoing  stm32g4xx_hal_adc_ex.o
    0x080091ec   0x080091ec   0x00000016   Code   RO         1018    .text.LL_ADC_REG_IsTriggerSourceSWStart  stm32g4xx_hal_adc.o
    0x08009202   0x08009202   0x00000002   PAD
    0x08009204   0x08009204   0x0000003a   Code   RO         1056    .text.LL_ADC_REG_SetSequencerRanks  stm32g4xx_hal_adc.o
    0x0800923e   0x0800923e   0x00000002   PAD
    0x08009240   0x08009240   0x0000001c   Code   RO         1010    .text.LL_ADC_REG_StartConversion  stm32g4xx_hal_adc.o
    0x0800925c   0x0800925c   0x00000036   Code   RO         1058    .text.LL_ADC_SetChannelSamplingTime  stm32g4xx_hal_adc.o
    0x08009292   0x08009292   0x00000002   PAD
    0x08009294   0x08009294   0x00000034   Code   RO         1072    .text.LL_ADC_SetChannelSingleDiff  stm32g4xx_hal_adc.o
    0x080092c8   0x080092c8   0x0000001a   Code   RO          992    .text.LL_ADC_SetCommonClock  stm32g4xx_hal_adc.o
    0x080092e2   0x080092e2   0x00000002   PAD
    0x080092e4   0x080092e4   0x0000001a   Code   RO         1076    .text.LL_ADC_SetCommonPathInternalCh  stm32g4xx_hal_adc.o
    0x080092fe   0x080092fe   0x00000002   PAD
    0x08009300   0x08009300   0x0000003c   Code   RO         1062    .text.LL_ADC_SetOffset  stm32g4xx_hal_adc.o
    0x0800933c   0x0800933c   0x00000028   Code   RO         1066    .text.LL_ADC_SetOffsetSaturation  stm32g4xx_hal_adc.o
    0x08009364   0x08009364   0x00000028   Code   RO         1064    .text.LL_ADC_SetOffsetSign  stm32g4xx_hal_adc.o
    0x0800938c   0x0800938c   0x00000028   Code   RO         1070    .text.LL_ADC_SetOffsetState  stm32g4xx_hal_adc.o
    0x080093b4   0x080093b4   0x0000001a   Code   RO         1060    .text.LL_ADC_SetSamplingTimeCommonConfig  stm32g4xx_hal_adc.o
    0x080093ce   0x080093ce   0x00000002   PAD
    0x080093d0   0x080093d0   0x00000028   Code   RO         1125    .text.LL_ADC_StartCalibration  stm32g4xx_hal_adc_ex.o
    0x080093f8   0x080093f8   0x0000010c   Code   RO           44    .text.MX_ADC1_Init  adc.o
    0x08009504   0x08009504   0x00000106   Code   RO           71    .text.MX_DMA_Init   dma.o
    0x0800960a   0x0800960a   0x00000002   PAD
    0x0800960c   0x0800960c   0x00000206   Code   RO           33    .text.MX_GPIO_Init  gpio.o
    0x08009812   0x08009812   0x00000002   PAD
    0x08009814   0x08009814   0x00000076   Code   RO           79    .text.MX_I2C2_Init  i2c.o
    0x0800988a   0x0800988a   0x00000002   PAD
    0x0800988c   0x0800988c   0x00000076   Code   RO           81    .text.MX_I2C3_Init  i2c.o
    0x08009902   0x08009902   0x00000002   PAD
    0x08009904   0x08009904   0x0000008a   Code   RO          100    .text.MX_LPUART1_UART_Init  usart.o
    0x0800998e   0x0800998e   0x00000002   PAD
    0x08009990   0x08009990   0x000000ac   Code   RO          128    .text.MX_RTC_Init   rtc.o
    0x08009a3c   0x08009a3c   0x0000005e   Code   RO          142    .text.MX_SPI1_Init  spi.o
    0x08009a9a   0x08009a9a   0x00000002   PAD
    0x08009a9c   0x08009a9c   0x00000056   Code   RO          144    .text.MX_SPI3_Init  spi.o
    0x08009af2   0x08009af2   0x00000002   PAD
    0x08009af4   0x08009af4   0x0000008a   Code   RO          161    .text.MX_TIM1_Init  tim.o
    0x08009b7e   0x08009b7e   0x00000002   PAD
    0x08009b80   0x08009b80   0x00000084   Code   RO          163    .text.MX_TIM2_Init  tim.o
    0x08009c04   0x08009c04   0x0000008e   Code   RO          102    .text.MX_USART2_UART_Init  usart.o
    0x08009c92   0x08009c92   0x00000002   PAD
    0x08009c94   0x08009c94   0x0000008e   Code   RO          104    .text.MX_USART3_UART_Init  usart.o
    0x08009d22   0x08009d22   0x00000002   PAD
    0x08009d24   0x08009d24   0x00000076   Code   RO         2382    .text.MX_USB_Device_Init  usb_device.o
    0x08009d9a   0x08009d9a   0x00000002   PAD
    0x08009d9c   0x08009d9c   0x00000004   Code   RO          185    .text.MemManage_Handler  stm32g4xx_it.o
    0x08009da0   0x08009da0   0x00000004   Code   RO          181    .text.NMI_Handler   stm32g4xx_it.o
    0x08009da4   0x08009da4   0x0000006c   Code   RO          911    .text.NVIC_EncodePriority  stm32g4xx_hal_cortex.o
    0x08009e10   0x08009e10   0x00000650   Code   RO          272    .text.PCD_EP_ISR_Handler  stm32g4xx_hal_pcd.o
    0x0800a460   0x0800a460   0x00000002   Code   RO          195    .text.PendSV_Handler  stm32g4xx_it.o
    0x0800a462   0x0800a462   0x00000002   PAD
    0x0800a464   0x0800a464   0x0000009c   Code   RO          503    .text.RCC_GetSysClockFreqFromPLLSource  stm32g4xx_hal_rcc.o
    0x0800a500   0x0800a500   0x00000042   Code   RO         1634    .text.RTC_ByteToBcd2  stm32g4xx_hal_rtc.o
    0x0800a542   0x0800a542   0x00000002   PAD
    0x0800a544   0x0800a544   0x00000080   Code   RO         1622    .text.RTC_EnterInitMode  stm32g4xx_hal_rtc.o
    0x0800a5c4   0x0800a5c4   0x0000007a   Code   RO         1624    .text.RTC_ExitInitMode  stm32g4xx_hal_rtc.o
    0x0800a63e   0x0800a63e   0x00000002   PAD
    0x0800a640   0x0800a640   0x00000010   Code   RO          223    .text.SPI1_IRQHandler  stm32g4xx_it.o
    0x0800a650   0x0800a650   0x00000010   Code   RO          229    .text.SPI3_IRQHandler  stm32g4xx_it.o
    0x0800a660   0x0800a660   0x00000022   Code   RO         1858    .text.SPI_DMAAbortOnError  stm32g4xx_hal_spi.o
    0x0800a682   0x0800a682   0x00000002   PAD
    0x0800a684   0x0800a684   0x00000096   Code   RO         1782    .text.SPI_EndRxTxTransaction  stm32g4xx_hal_spi.o
    0x0800a71a   0x0800a71a   0x00000002   PAD
    0x0800a71c   0x0800a71c   0x0000014c   Code   RO         1838    .text.SPI_WaitFifoStateUntilTimeout  stm32g4xx_hal_spi.o
    0x0800a868   0x0800a868   0x0000012a   Code   RO         1840    .text.SPI_WaitFlagStateUntilTimeout  stm32g4xx_hal_spi.o
    0x0800a992   0x0800a992   0x00000002   PAD
    0x0800a994   0x0800a994   0x00000002   Code   RO          191    .text.SVC_Handler   stm32g4xx_it.o
    0x0800a996   0x0800a996   0x00000002   PAD
    0x0800a998   0x0800a998   0x00000036   Code   RO         2515    .text.SWAPBYTE      usbd_ctlreq.o
    0x0800a9ce   0x0800a9ce   0x00000002   PAD
    0x0800a9d0   0x0800a9d0   0x00000052   Code   RO          927    .text.SysTick_Config  stm32g4xx_hal_cortex.o
    0x0800aa22   0x0800aa22   0x00000002   PAD
    0x0800aa24   0x0800aa24   0x00000008   Code   RO          197    .text.SysTick_Handler  stm32g4xx_it.o
    0x0800aa2c   0x0800aa2c   0x00000008   Code   RO         2325    .text.SystemClockConfig_Resume  usbd_conf.o
    0x0800aa34   0x0800aa34   0x00000092   Code   RO           13    .text.SystemClock_Config  main.o
    0x0800aac6   0x0800aac6   0x00000002   PAD
    0x0800aac8   0x0800aac8   0x00000012   Code   RO         2293    .text.SystemInit    system_stm32g4xx.o
    0x0800aada   0x0800aada   0x00000002   PAD
    0x0800aadc   0x0800aadc   0x00000010   Code   RO          219    .text.TIM2_IRQHandler  stm32g4xx_it.o
    0x0800aaec   0x0800aaec   0x00000196   Code   RO         1903    .text.TIM_Base_SetConfig  stm32g4xx_hal_tim.o
    0x0800ac82   0x0800ac82   0x00000002   PAD
    0x0800ac84   0x0800ac84   0x00000034   Code   RO         2093    .text.TIM_ETR_SetConfig  stm32g4xx_hal_tim.o
    0x0800acb8   0x0800acb8   0x00000030   Code   RO         2099    .text.TIM_ITRx_SetConfig  stm32g4xx_hal_tim.o
    0x0800ace8   0x0800ace8   0x00000050   Code   RO         2097    .text.TIM_TI1_ConfigInputStage  stm32g4xx_hal_tim.o
    0x0800ad38   0x0800ad38   0x00000052   Code   RO         2101    .text.TIM_TI2_ConfigInputStage  stm32g4xx_hal_tim.o
    0x0800ad8a   0x0800ad8a   0x00000002   PAD
    0x0800ad8c   0x0800ad8c   0x0000011c   Code   RO         2750    .text.TMP102_ReadTemperature  tmp102.o
    0x0800aea8   0x0800aea8   0x00000086   Code   RO         1593    .text.UARTEx_SetNbDataToProcess  stm32g4xx_hal_uart_ex.o
    0x0800af2e   0x0800af2e   0x00000002   PAD
    0x0800af30   0x0800af30   0x00000148   Code   RO         1429    .text.UART_AdvFeatureConfig  stm32g4xx_hal_uart.o
    0x0800b078   0x0800b078   0x00000146   Code   RO         1433    .text.UART_CheckIdleState  stm32g4xx_hal_uart.o
    0x0800b1be   0x0800b1be   0x00000002   PAD
    0x0800b1c0   0x0800b1c0   0x0000001e   Code   RO         1515    .text.UART_DMAAbortOnError  stm32g4xx_hal_uart.o
    0x0800b1de   0x0800b1de   0x00000002   PAD
    0x0800b1e0   0x0800b1e0   0x0000009e   Code   RO         1485    .text.UART_EndRxTransfer  stm32g4xx_hal_uart.o
    0x0800b27e   0x0800b27e   0x00000002   PAD
    0x0800b280   0x0800b280   0x00000044   Code   RO         1521    .text.UART_EndTransmit_IT  stm32g4xx_hal_uart.o
    0x0800b2c4   0x0800b2c4   0x00000184   Code   RO         1557    .text.UART_RxISR_16BIT  stm32g4xx_hal_uart.o
    0x0800b448   0x0800b448   0x00000308   Code   RO         1553    .text.UART_RxISR_16BIT_FIFOEN  stm32g4xx_hal_uart.o
    0x0800b750   0x0800b750   0x00000180   Code   RO         1559    .text.UART_RxISR_8BIT  stm32g4xx_hal_uart.o
    0x0800b8d0   0x0800b8d0   0x00000304   Code   RO         1555    .text.UART_RxISR_8BIT_FIFOEN  stm32g4xx_hal_uart.o
    0x0800bbd4   0x0800bbd4   0x00000570   Code   RO         1431    .text.UART_SetConfig  stm32g4xx_hal_uart.o
    0x0800c144   0x0800c144   0x00000222   Code   RO         1463    .text.UART_Start_Receive_IT  stm32g4xx_hal_uart.o
    0x0800c366   0x0800c366   0x00000002   PAD
    0x0800c368   0x0800c368   0x0000010c   Code   RO         1447    .text.UART_WaitOnFlagUntilTimeout  stm32g4xx_hal_uart.o
    0x0800c474   0x0800c474   0x00000010   Code   RO          225    .text.USART2_IRQHandler  stm32g4xx_it.o
    0x0800c484   0x0800c484   0x0000004e   Code   RO         2401    .text.USBD_CDC_ConfigStrDescriptor  usbd_desc.o
    0x0800c4d2   0x0800c4d2   0x00000002   PAD
    0x0800c4d4   0x0800c4d4   0x000000c4   Code   RO         2558    .text.USBD_CDC_DataIn  usbd_cdc.o
    0x0800c598   0x0800c598   0x00000058   Code   RO         2560    .text.USBD_CDC_DataOut  usbd_cdc.o
    0x0800c5f0   0x0800c5f0   0x0000006e   Code   RO         2552    .text.USBD_CDC_DeInit  usbd_cdc.o
    0x0800c65e   0x0800c65e   0x00000002   PAD
    0x0800c660   0x0800c660   0x0000001a   Code   RO         2391    .text.USBD_CDC_DeviceDescriptor  usbd_desc.o
    0x0800c67a   0x0800c67a   0x00000002   PAD
    0x0800c67c   0x0800c67c   0x00000060   Code   RO         2556    .text.USBD_CDC_EP0_RxReady  usbd_cdc.o
    0x0800c6dc   0x0800c6dc   0x00000016   Code   RO         2568    .text.USBD_CDC_GetDeviceQualifierDescriptor  usbd_cdc.o
    0x0800c6f2   0x0800c6f2   0x00000002   PAD
    0x0800c6f4   0x0800c6f4   0x00000016   Code   RO         2564    .text.USBD_CDC_GetFSCfgDesc  usbd_cdc.o
    0x0800c70a   0x0800c70a   0x00000002   PAD
    0x0800c70c   0x0800c70c   0x00000016   Code   RO         2562    .text.USBD_CDC_GetHSCfgDesc  usbd_cdc.o
    0x0800c722   0x0800c722   0x00000002   PAD
    0x0800c724   0x0800c724   0x00000016   Code   RO         2566    .text.USBD_CDC_GetOtherSpeedCfgDesc  usbd_cdc.o
    0x0800c73a   0x0800c73a   0x00000002   PAD
    0x0800c73c   0x0800c73c   0x0000010e   Code   RO         2550    .text.USBD_CDC_Init  usbd_cdc.o
    0x0800c84a   0x0800c84a   0x00000002   PAD
    0x0800c84c   0x0800c84c   0x0000004e   Code   RO         2403    .text.USBD_CDC_InterfaceStrDescriptor  usbd_desc.o
    0x0800c89a   0x0800c89a   0x00000002   PAD
    0x0800c89c   0x0800c89c   0x0000001a   Code   RO         2393    .text.USBD_CDC_LangIDStrDescriptor  usbd_desc.o
    0x0800c8b6   0x0800c8b6   0x00000002   PAD
    0x0800c8b8   0x0800c8b8   0x00000028   Code   RO         2395    .text.USBD_CDC_ManufacturerStrDescriptor  usbd_desc.o
    0x0800c8e0   0x0800c8e0   0x0000004e   Code   RO         2397    .text.USBD_CDC_ProductStrDescriptor  usbd_desc.o
    0x0800c92e   0x0800c92e   0x00000002   PAD
    0x0800c930   0x0800c930   0x0000005e   Code   RO         2578    .text.USBD_CDC_ReceivePacket  usbd_cdc.o
    0x0800c98e   0x0800c98e   0x00000002   PAD
    0x0800c990   0x0800c990   0x0000002c   Code   RO         2570    .text.USBD_CDC_RegisterInterface  usbd_cdc.o
    0x0800c9bc   0x0800c9bc   0x00000020   Code   RO         2399    .text.USBD_CDC_SerialStrDescriptor  usbd_desc.o
    0x0800c9dc   0x0800c9dc   0x00000034   Code   RO         2574    .text.USBD_CDC_SetRxBuffer  usbd_cdc.o
    0x0800ca10   0x0800ca10   0x0000003e   Code   RO         2572    .text.USBD_CDC_SetTxBuffer  usbd_cdc.o
    0x0800ca4e   0x0800ca4e   0x00000002   PAD
    0x0800ca50   0x0800ca50   0x0000019c   Code   RO         2554    .text.USBD_CDC_Setup  usbd_cdc.o
    0x0800cbec   0x0800cbec   0x0000002a   Code   RO         2458    .text.USBD_ClrClassConfig  usbd_core.o
    0x0800cc16   0x0800cc16   0x00000002   PAD
    0x0800cc18   0x0800cc18   0x00000040   Code   RO         2505    .text.USBD_ClrFeature  usbd_ctlreq.o
    0x0800cc58   0x0800cc58   0x0000001e   Code   RO         2535    .text.USBD_CtlContinueRx  usbd_ioreq.o
    0x0800cc76   0x0800cc76   0x00000002   PAD
    0x0800cc78   0x0800cc78   0x0000001e   Code   RO         2531    .text.USBD_CtlContinueSendData  usbd_ioreq.o
    0x0800cc96   0x0800cc96   0x00000002   PAD
    0x0800cc98   0x0800cc98   0x0000001c   Code   RO         2507    .text.USBD_CtlError  usbd_ctlreq.o
    0x0800ccb4   0x0800ccb4   0x00000036   Code   RO         2533    .text.USBD_CtlPrepareRx  usbd_ioreq.o
    0x0800ccea   0x0800ccea   0x00000002   PAD
    0x0800ccec   0x0800ccec   0x00000022   Code   RO         2539    .text.USBD_CtlReceiveStatus  usbd_ioreq.o
    0x0800cd0e   0x0800cd0e   0x00000002   PAD
    0x0800cd10   0x0800cd10   0x00000032   Code   RO         2529    .text.USBD_CtlSendData  usbd_ioreq.o
    0x0800cd42   0x0800cd42   0x00000002   PAD
    0x0800cd44   0x0800cd44   0x00000022   Code   RO         2537    .text.USBD_CtlSendStatus  usbd_ioreq.o
    0x0800cd66   0x0800cd66   0x00000002   PAD
    0x0800cd68   0x0800cd68   0x00000064   Code   RO         2499    .text.USBD_GetConfig  usbd_ctlreq.o
    0x0800cdcc   0x0800cdcc   0x0000031e   Code   RO         2493    .text.USBD_GetDescriptor  usbd_ctlreq.o
    0x0800d0ea   0x0800d0ea   0x00000002   PAD
    0x0800d0ec   0x0800d0ec   0x00000032   Code   RO         2519    .text.USBD_GetLen   usbd_ctlreq.o
    0x0800d11e   0x0800d11e   0x00000002   PAD
    0x0800d120   0x0800d120   0x00000062   Code   RO         2501    .text.USBD_GetStatus  usbd_ctlreq.o
    0x0800d182   0x0800d182   0x00000002   PAD
    0x0800d184   0x0800d184   0x00000098   Code   RO         2517    .text.USBD_GetString  usbd_ctlreq.o
    0x0800d21c   0x0800d21c   0x00000052   Code   RO         2339    .text.USBD_Get_USB_Status  usbd_conf.o
    0x0800d26e   0x0800d26e   0x00000002   PAD
    0x0800d270   0x0800d270   0x0000006a   Code   RO         2444    .text.USBD_Init     usbd_core.o
    0x0800d2da   0x0800d2da   0x00000002   PAD
    0x0800d2dc   0x0800d2dc   0x0000003a   Code   RO         2353    .text.USBD_LL_ClearStallEP  usbd_conf.o
    0x0800d316   0x0800d316   0x00000002   PAD
    0x0800d318   0x0800d318   0x0000003a   Code   RO         2347    .text.USBD_LL_CloseEP  usbd_conf.o
    0x0800d352   0x0800d352   0x00000002   PAD
    0x0800d354   0x0800d354   0x0000014c   Code   RO         2464    .text.USBD_LL_DataInStage  usbd_core.o
    0x0800d4a0   0x0800d4a0   0x000000f6   Code   RO         2462    .text.USBD_LL_DataOutStage  usbd_core.o
    0x0800d596   0x0800d596   0x00000002   PAD
    0x0800d598   0x0800d598   0x0000001c   Code   RO         2363    .text.USBD_LL_GetRxDataSize  usbd_conf.o
    0x0800d5b4   0x0800d5b4   0x000000a4   Code   RO         2335    .text.USBD_LL_Init  usbd_conf.o
    0x0800d658   0x0800d658   0x0000005a   Code   RO         2355    .text.USBD_LL_IsStallEP  usbd_conf.o
    0x0800d6b2   0x0800d6b2   0x00000002   PAD
    0x0800d6b4   0x0800d6b4   0x0000004a   Code   RO         2345    .text.USBD_LL_OpenEP  usbd_conf.o
    0x0800d6fe   0x0800d6fe   0x00000002   PAD
    0x0800d700   0x0800d700   0x00000042   Code   RO         2361    .text.USBD_LL_PrepareReceive  usbd_conf.o
    0x0800d742   0x0800d742   0x00000002   PAD
    0x0800d744   0x0800d744   0x000000a0   Code   RO         2466    .text.USBD_LL_Reset  usbd_core.o
    0x0800d7e4   0x0800d7e4   0x00000024   Code   RO         2472    .text.USBD_LL_Resume  usbd_core.o
    0x0800d808   0x0800d808   0x0000004e   Code   RO         2474    .text.USBD_LL_SOF   usbd_core.o
    0x0800d856   0x0800d856   0x00000002   PAD
    0x0800d858   0x0800d858   0x00000016   Code   RO         2468    .text.USBD_LL_SetSpeed  usbd_core.o
    0x0800d86e   0x0800d86e   0x00000002   PAD
    0x0800d870   0x0800d870   0x0000003a   Code   RO         2357    .text.USBD_LL_SetUSBAddress  usbd_conf.o
    0x0800d8aa   0x0800d8aa   0x00000002   PAD
    0x0800d8ac   0x0800d8ac   0x00000094   Code   RO         2460    .text.USBD_LL_SetupStage  usbd_core.o
    0x0800d940   0x0800d940   0x0000003a   Code   RO         2351    .text.USBD_LL_StallEP  usbd_conf.o
    0x0800d97a   0x0800d97a   0x00000002   PAD
    0x0800d97c   0x0800d97c   0x00000032   Code   RO         2341    .text.USBD_LL_Start  usbd_conf.o
    0x0800d9ae   0x0800d9ae   0x00000002   PAD
    0x0800d9b0   0x0800d9b0   0x0000001e   Code   RO         2470    .text.USBD_LL_Suspend  usbd_core.o
    0x0800d9ce   0x0800d9ce   0x00000002   PAD
    0x0800d9d0   0x0800d9d0   0x00000042   Code   RO         2359    .text.USBD_LL_Transmit  usbd_conf.o
    0x0800da12   0x0800da12   0x00000002   PAD
    0x0800da14   0x0800da14   0x00000062   Code   RO         2513    .text.USBD_ParseSetupRequest  usbd_ctlreq.o
    0x0800da76   0x0800da76   0x00000002   PAD
    0x0800da78   0x0800da78   0x00000056   Code   RO         2448    .text.USBD_RegisterClass  usbd_core.o
    0x0800dace   0x0800dace   0x00000002   PAD
    0x0800dad0   0x0800dad0   0x0000000a   Code   RO         2454    .text.USBD_RunTestMode  usbd_core.o
    0x0800dada   0x0800dada   0x00000002   PAD
    0x0800dadc   0x0800dadc   0x0000008c   Code   RO         2495    .text.USBD_SetAddress  usbd_ctlreq.o
    0x0800db68   0x0800db68   0x00000036   Code   RO         2456    .text.USBD_SetClassConfig  usbd_core.o
    0x0800db9e   0x0800db9e   0x00000002   PAD
    0x0800dba0   0x0800dba0   0x00000176   Code   RO         2497    .text.USBD_SetConfig  usbd_ctlreq.o
    0x0800dd16   0x0800dd16   0x00000002   PAD
    0x0800dd18   0x0800dd18   0x00000026   Code   RO         2503    .text.USBD_SetFeature  usbd_ctlreq.o
    0x0800dd3e   0x0800dd3e   0x00000002   PAD
    0x0800dd40   0x0800dd40   0x00000010   Code   RO         2450    .text.USBD_Start    usbd_core.o
    0x0800dd50   0x0800dd50   0x000000c4   Code   RO         2491    .text.USBD_StdDevReq  usbd_ctlreq.o
    0x0800de14   0x0800de14   0x00000318   Code   RO         2511    .text.USBD_StdEPReq  usbd_ctlreq.o
    0x0800e12c   0x0800e12c   0x0000009a   Code   RO         2509    .text.USBD_StdItfReq  usbd_ctlreq.o
    0x0800e1c6   0x0800e1c6   0x00000002   PAD
    0x0800e1c8   0x0800e1c8   0x00000008   Code   RO         2371    .text.USBD_static_free  usbd_conf.o
    0x0800e1d0   0x0800e1d0   0x00000010   Code   RO         2369    .text.USBD_static_malloc  usbd_conf.o
    0x0800e1e0   0x0800e1e0   0x00000886   Code   RO          374    .text.USB_ActivateEndpoint  stm32g4xx_ll_usb.o
    0x0800ea66   0x0800ea66   0x00000002   PAD
    0x0800ea68   0x0800ea68   0x00000360   Code   RO          376    .text.USB_DeactivateEndpoint  stm32g4xx_ll_usb.o
    0x0800edc8   0x0800edc8   0x00000018   Code   RO          392    .text.USB_DevConnect  stm32g4xx_ll_usb.o
    0x0800ede0   0x0800ede0   0x00000028   Code   RO          368    .text.USB_DevInit   stm32g4xx_ll_usb.o
    0x0800ee08   0x0800ee08   0x0000001e   Code   RO          364    .text.USB_DisableGlobalInt  stm32g4xx_ll_usb.o
    0x0800ee26   0x0800ee26   0x00000002   PAD
    0x0800ee28   0x0800ee28   0x0000013a   Code   RO          384    .text.USB_EPClearStall  stm32g4xx_ll_usb.o
    0x0800ef62   0x0800ef62   0x00000002   PAD
    0x0800ef64   0x0800ef64   0x00000088   Code   RO          382    .text.USB_EPSetStall  stm32g4xx_ll_usb.o
    0x0800efec   0x0800efec   0x000009da   Code   RO          378    .text.USB_EPStartXfer  stm32g4xx_ll_usb.o
    0x0800f9c6   0x0800f9c6   0x00000002   PAD
    0x0800f9c8   0x0800f9c8   0x0000001e   Code   RO          362    .text.USB_EnableGlobalInt  stm32g4xx_ll_usb.o
    0x0800f9e6   0x0800f9e6   0x00000002   PAD
    0x0800f9e8   0x0800f9e8   0x00000010   Code   RO          215    .text.USB_HP_IRQHandler  stm32g4xx_it.o
    0x0800f9f8   0x0800f9f8   0x00000010   Code   RO          217    .text.USB_LP_IRQHandler  stm32g4xx_it.o
    0x0800fa08   0x0800fa08   0x00000012   Code   RO          396    .text.USB_ReadInterrupts  stm32g4xx_ll_usb.o
    0x0800fa1a   0x0800fa1a   0x00000002   PAD
    0x0800fa1c   0x0800fa1c   0x00000084   Code   RO          402    .text.USB_ReadPMA   stm32g4xx_ll_usb.o
    0x0800faa0   0x0800faa0   0x00000020   Code   RO          390    .text.USB_SetDevAddress  stm32g4xx_ll_usb.o
    0x0800fac0   0x0800fac0   0x0000007a   Code   RO          380    .text.USB_WritePMA  stm32g4xx_ll_usb.o
    0x0800fb3a   0x0800fb3a   0x00000002   PAD
    0x0800fb3c   0x0800fb3c   0x00000004   Code   RO          189    .text.UsageFault_Handler  stm32g4xx_it.o
    0x0800fb40   0x0800fb40   0x00000038   Code   RO           52    .text.Z_ADC_DMA_Start  adc.o
    0x0800fb78   0x0800fb78   0x00000038   Code   RO          919    .text.__NVIC_DisableIRQ  stm32g4xx_hal_cortex.o
    0x0800fbb0   0x0800fbb0   0x00000030   Code   RO          915    .text.__NVIC_EnableIRQ  stm32g4xx_hal_cortex.o
    0x0800fbe0   0x0800fbe0   0x00000010   Code   RO          907    .text.__NVIC_GetPriorityGrouping  stm32g4xx_hal_cortex.o
    0x0800fbf0   0x0800fbf0   0x00000042   Code   RO          909    .text.__NVIC_SetPriority  stm32g4xx_hal_cortex.o
    0x0800fc32   0x0800fc32   0x00000002   PAD
    0x0800fc34   0x0800fc34   0x0000003c   Code   RO          903    .text.__NVIC_SetPriorityGrouping  stm32g4xx_hal_cortex.o
    0x0800fc70   0x0800fc70   0x0000010e   Code   RO         2694    .text.char_12_elm_render  zui.o
    0x0800fd7e   0x0800fd7e   0x00000002   PAD
    0x0800fd80   0x0800fd80   0x0000010a   Code   RO         2696    .text.char_16_elm_render  zui.o
    0x0800fe8a   0x0800fe8a   0x00000002   PAD
    0x0800fe8c   0x0800fe8c   0x000000ac   Code   RO           50    .text.float_to_str_1int_2frac  adc.o
    0x0800ff38   0x0800ff38   0x000000ac   Code   RO           15    .text.key_init      main.o
    0x0800ffe4   0x0800ffe4   0x000001ae   Code   RO           17    .text.key_scan      main.o
    0x08010192   0x08010192   0x00000002   PAD
    0x08010194   0x08010194   0x00000192   Code   RO           11    .text.main          main.o
    0x08010326   0x08010326   0x00000002   PAD
    0x08010328   0x08010328   0x00000022   Code   RO         2763    .text.motor_end     motor.o
    0x0801034a   0x0801034a   0x00000002   PAD
    0x0801034c   0x0801034c   0x00000034   Code   RO         2761    .text.motor_start   motor.o
    0x08010380   0x08010380   0x000002a6   Code   RO         2717    .text.normal_layer_elm_init  zui_usr.o
    0x08010626   0x08010626   0x00000002   PAD
    0x08010628   0x08010628   0x00000178   Code   RO         2780    .text.parse_meter   sdm18.o
    0x080107a0   0x080107a0   0x0000001c   Code   RO         2711    .text.pure_elm_render  zui_usr.o
    0x080107bc   0x080107bc   0x00000038   Code   RO         2713    .text.pure_layer_elm_init  zui_usr.o
    0x080107f4   0x080107f4   0x00000044   Code   RO         2778    .text.sdm18_single_meter  sdm18.o
    0x08010838   0x08010838   0x00000044   Code   RO         2776    .text.sdm18_stop_meter  sdm18.o
    0x0801087c   0x0801087c   0x00000036   Code   RO         2690    .text.zui_dirty_current_layer  zui.o
    0x080108b2   0x080108b2   0x00000002   PAD
    0x080108b4   0x080108b4   0x0000000c   Code   RO         2721    .text.zui_elm_init  zui_usr.o
    0x080108c0   0x080108c0   0x0000005c   Code   RO         2682    .text.zui_fill_screen_color  zui.o
    0x0801091c   0x0801091c   0x0000004e   Code   RO         2676    .text.zui_init      zui.o
    0x0801096a   0x0801096a   0x00000002   PAD
    0x0801096c   0x0801096c   0x0000002c   Code   RO         2692    .text.zui_key_respond  zui.o
    0x08010998   0x08010998   0x00000018   Code   RO         2684    .text.zui_layer_add_element  zui.o
    0x080109b0   0x080109b0   0x0000003a   Code   RO         2719    .text.zui_layer_init  zui_usr.o
    0x080109ea   0x080109ea   0x00000002   PAD
    0x080109ec   0x080109ec   0x0000006e   Code   RO         2715    .text.zui_normal_layer_on_key  zui_usr.o
    0x08010a5a   0x08010a5a   0x00000002   PAD
    0x08010a5c   0x08010a5c   0x00000008   Code   RO         2709    .text.zui_pure_layer_on_key  zui_usr.o
    0x08010a64   0x08010a64   0x00000054   Code   RO         2686    .text.zui_render_current_layer  zui.o
    0x08010ab8   0x08010ab8   0x00000014   Code   RO         2678    .text.zui_set_current_layer  zui.o
    0x08010acc   0x08010acc   0x00000062   Code   RO         2807    x$fpl$d2f           fz_wm.l(d2f.o)
    0x08010b2e   0x08010b2e   0x00000002   PAD
    0x08010b30   0x08010b30   0x00000150   Code   RO         2809    x$fpl$dadd          fz_wm.l(daddsub_clz.o)
    0x08010c80   0x08010c80   0x000002b8   Code   RO         2816    x$fpl$ddiv          fz_wm.l(ddiv.o)
    0x08010f38   0x08010f38   0x0000005e   Code   RO         2819    x$fpl$dfix          fz_wm.l(dfix.o)
    0x08010f96   0x08010f96   0x0000002e   Code   RO         2824    x$fpl$dflt          fz_wm.l(dflt_clz.o)
    0x08010fc4   0x08010fc4   0x00000154   Code   RO         2829    x$fpl$dmul          fz_wm.l(dmul.o)
    0x08011118   0x08011118   0x0000009c   Code   RO         2840    x$fpl$dnaninf       fz_wm.l(dnaninf.o)
    0x080111b4   0x080111b4   0x0000000c   Code   RO         2842    x$fpl$dretinf       fz_wm.l(dretinf.o)
    0x080111c0   0x080111c0   0x000001dc   Code   RO         2811    x$fpl$dsub          fz_wm.l(daddsub_clz.o)
    0x0801139c   0x0801139c   0x00000056   Code   RO         2831    x$fpl$f2d           fz_wm.l(f2d.o)
    0x080113f2   0x080113f2   0x0000008c   Code   RO         2844    x$fpl$fnaninf       fz_wm.l(fnaninf.o)
    0x0801147e   0x0801147e   0x0000001a   Code   RO         2955    x$fpl$fpinit        fz_wm.l(fpinit.o)
    0x08011498   0x08011498   0x0000000a   Code   RO         2846    x$fpl$fretinf       fz_wm.l(fretinf.o)
    0x080114a2   0x080114a2   0x00000000   Code   RO         2848    x$fpl$usenofp       fz_wm.l(usenofp.o)
    0x080114a2   0x080114a2   0x00000010   Data   RO         2298    .rodata.AHBPrescTable  system_stm32g4xx.o
    0x080114b2   0x080114b2   0x00000008   Data   RO         2299    .rodata.APBPrescTable  system_stm32g4xx.o
    0x080114ba   0x080114ba   0x00000006   Data   RO           23    .rodata.KEY_Pins    main.o
    0x080114c0   0x080114c0   0x00000008   Data   RO         1610    .rodata.UARTEx_SetNbDataToProcess.denominator  stm32g4xx_hal_uart_ex.o
    0x080114c8   0x080114c8   0x00000008   Data   RO         1609    .rodata.UARTEx_SetNbDataToProcess.numerator  stm32g4xx_hal_uart_ex.o
    0x080114d0   0x080114d0   0x00000018   Data   RO         1565    .rodata.UARTPrescTable  stm32g4xx_hal_uart.o
    0x080114e8   0x080114e8   0x00000474   Data   RO         2660    .rodata.ascii_1206  lcdfont.o
    0x0801195c   0x0801195c   0x000005f0   Data   RO         2661    .rodata.ascii_1608  lcdfont.o
    0x08011f4c   0x08011f4c   0x00000009   Data   RO         2782    .rodata.start_meter_cmd  sdm18.o
    0x08011f55   0x08011f55   0x00000009   Data   RO         2783    .rodata.stop_meter_cmd  sdm18.o
    0x08011f5e   0x08011f5e   0x00000042   Data   RO         2413    .rodata.str1.1      usbd_desc.o
    0x08011fa0   0x08011fa0   0x00000046   Data   RO         2732    .rodata.str1.1      zui_usr.o
    0x08011fe6   0x08011fe6   0x00000002   PAD
    0x08011fe8   0x08011fe8   0x00000020   Data   RO         3016    Region$$Table       anon$$obj.o


    Execution Region RW_IRAM1 (Exec base: 0x20000000, Load base: 0x08012008, Size: 0x00006810, Max: 0x00008000, ABSOLUTE, COMPRESSED[0x000000e0])

    Exec Addr    Load Addr    Size         Type   Attr      Idx    E Section Name        Object

    0x20000000   COMPRESSED   0x00000003   Data   RW         2729    .data.Boardtemp_vals  zui_usr.o
    0x20000003   COMPRESSED   0x00000001   PAD
    0x20000004   COMPRESSED   0x00000020   Data   RW         2409    .data.CDC_Desc      usbd_desc.o
    0x20000024   COMPRESSED   0x00000003   Data   RW         2728    .data.Coretemp_vals  zui_usr.o
    0x20000027   COMPRESSED   0x00000001   PAD
    0x20000028   COMPRESSED   0x00000004   Data   RW          173    .data.HAL_TIM_PeriodElapsedCallback.int2_cnt  tim.o
    0x2000002c   COMPRESSED   0x0000000c   Data   RW           22    .data.KEY_Ports     main.o
    0x20000038   COMPRESSED   0x00000004   Data   RW         2297    .data.SystemCoreClock  system_stm32g4xx.o
    0x2000003c   COMPRESSED   0x00000038   Data   RW         2580    .data.USBD_CDC      usbd_cdc.o
    0x20000074   COMPRESSED   0x00000043   Data   RW         2582    .data.USBD_CDC_CfgFSDesc  usbd_cdc.o
    0x200000b7   COMPRESSED   0x00000001   PAD
    0x200000b8   COMPRESSED   0x00000043   Data   RW         2583    .data.USBD_CDC_CfgHSDesc  usbd_cdc.o
    0x200000fb   COMPRESSED   0x00000001   PAD
    0x200000fc   COMPRESSED   0x00000012   Data   RW         2410    .data.USBD_CDC_DeviceDesc  usbd_desc.o
    0x2000010e   COMPRESSED   0x00000002   PAD
    0x20000110   COMPRESSED   0x0000000a   Data   RW         2581    .data.USBD_CDC_DeviceQualifierDesc  usbd_cdc.o
    0x2000011a   COMPRESSED   0x00000002   PAD
    0x2000011c   COMPRESSED   0x00000043   Data   RW         2584    .data.USBD_CDC_OtherSpeedCfgDesc  usbd_cdc.o
    0x2000015f   COMPRESSED   0x00000001   PAD
    0x20000160   COMPRESSED   0x00000014   Data   RW         2434    .data.USBD_Interface_fops_FS  usbd_cdc_if.o
    0x20000174   COMPRESSED   0x00000004   Data   RW         2411    .data.USBD_LangIDDesc  usbd_desc.o
    0x20000178   COMPRESSED   0x0000001a   Data   RW         2412    .data.USBD_StringSerial  usbd_desc.o
    0x20000192   COMPRESSED   0x00000006   Data   RW         2727    .data.distanceval_vals  zui_usr.o
    0x20000198   COMPRESSED   0x00000004   Data   RW         2726    .data.keyval_vals   zui_usr.o
    0x2000019c   COMPRESSED   0x00000002   Data   RW         2723    .data.pure_elm_render.clr  zui_usr.o
    0x2000019e   COMPRESSED   0x00000002   PAD
    0x200001a0   COMPRESSED   0x00000004   Data   RW          488    .data.uwTickFreq    stm32g4xx_hal.o
    0x200001a4   COMPRESSED   0x00000004   Data   RW          487    .data.uwTickPrio    stm32g4xx_hal.o
    0x200001a8        -       0x00000060   Zero   RW         2881    .bss                c_w.l(libspace.o)
    0x20000208        -       0x00000008   Zero   RW           60    .bss.BAT_V          adc.o
    0x20000210        -       0x0000001c   Zero   RW         2741    .bss.BoardTempVal_elm_char16  zui_usr.o
    0x2000022c        -       0x0000001c   Zero   RW         2740    .bss.BoardTemp_elm_char16  zui_usr.o
    0x20000248        -       0x0000001c   Zero   RW         2739    .bss.CoreTempVal_elm_char16  zui_usr.o
    0x20000264        -       0x0000001c   Zero   RW         2738    .bss.CoreTemp_elm_char16  zui_usr.o
    0x20000280        -       0x00000064   Zero   RW         2639    .bss.LCD_SPI        lcd_init.o
    0x200002e4        -       0x00000001   Zero   RW         2521    .bss.USBD_SetConfig.cfgidx  usbd_ctlreq.o
    0x200002e5   COMPRESSED   0x00000003   PAD
    0x200002e8        -       0x00000200   Zero   RW         2414    .bss.USBD_StrDesc   usbd_desc.o
    0x200004e8        -       0x00000220   Zero   RW         2374    .bss.USBD_static_malloc.mem  usbd_conf.o
    0x20000708        -       0x00000024   Zero   RW           24    .bss.USR_KEYs       main.o
    0x2000072c        -       0x00000400   Zero   RW         2435    .bss.UserRxBufferFS  usbd_cdc_if.o
    0x20000b2c        -       0x00000400   Zero   RW         2436    .bss.UserTxBufferFS  usbd_cdc_if.o
    0x20000f2c        -       0x00000001   Zero   RW           57    .bss.adc_busy       adc.o
    0x20000f2d   COMPRESSED   0x00000001   PAD
    0x20000f2e        -       0x00000006   Zero   RW           56    .bss.adc_values     adc.o
    0x20000f34        -       0x0000001c   Zero   RW         2731    .bss.bat_elm_char16  zui_usr.o
    0x20000f50        -       0x00000006   Zero   RW           62    .bss.bat_volt_char  adc.o
    0x20000f56   COMPRESSED   0x00000002   PAD
    0x20000f58        -       0x0000001c   Zero   RW         2734    .bss.batnum_elm_char16  zui_usr.o
    0x20000f74        -       0x00000004   Zero   RW         2700    .bss.current_layer  zui.o
    0x20000f78        -       0x00000004   Zero   RW         2785    .bss.distance       sdm18.o
    0x20000f7c        -       0x0000001c   Zero   RW         2736    .bss.distance_elm_char16  zui_usr.o
    0x20000f98        -       0x0000001c   Zero   RW         2737    .bss.distanceval_elm_char16  zui_usr.o
    0x20000fb4        -       0x000002d0   Zero   RW         2384    .bss.hUsbDeviceFS   usb_device.o
    0x20001284        -       0x0000006c   Zero   RW           58    .bss.hadc1          adc.o
    0x200012f0        -       0x00000060   Zero   RW           59    .bss.hdma_adc1      adc.o
    0x20001350        -       0x00000060   Zero   RW           89    .bss.hdma_i2c2_rx   i2c.o
    0x200013b0        -       0x00000060   Zero   RW           90    .bss.hdma_i2c2_tx   i2c.o
    0x20001410        -       0x00000060   Zero   RW           91    .bss.hdma_i2c3_rx   i2c.o
    0x20001470        -       0x00000060   Zero   RW           92    .bss.hdma_i2c3_tx   i2c.o
    0x200014d0        -       0x00000060   Zero   RW          152    .bss.hdma_spi3_rx   spi.o
    0x20001530        -       0x00000060   Zero   RW          153    .bss.hdma_spi3_tx   spi.o
    0x20001590        -       0x00000060   Zero   RW          119    .bss.hdma_usart3_rx  usart.o
    0x200015f0        -       0x00000060   Zero   RW          120    .bss.hdma_usart3_tx  usart.o
    0x20001650        -       0x00000054   Zero   RW           87    .bss.hi2c2          i2c.o
    0x200016a4        -       0x00000054   Zero   RW           88    .bss.hi2c3          i2c.o
    0x200016f8        -       0x00000094   Zero   RW          116    .bss.hlpuart1       usart.o
    0x2000178c        -       0x000002dc   Zero   RW         2373    .bss.hpcd_USB_FS    usbd_conf.o
    0x20001a68        -       0x00000028   Zero   RW          134    .bss.hrtc           rtc.o
    0x20001a90        -       0x00000064   Zero   RW          150    .bss.hspi1          spi.o
    0x20001af4        -       0x00000064   Zero   RW          151    .bss.hspi3          spi.o
    0x20001b58        -       0x0000004c   Zero   RW          171    .bss.htim1          tim.o
    0x20001ba4        -       0x0000004c   Zero   RW          172    .bss.htim2          tim.o
    0x20001bf0        -       0x00000094   Zero   RW          117    .bss.huart2         usart.o
    0x20001c84        -       0x00000094   Zero   RW          118    .bss.huart3         usart.o
    0x20001d18        -       0x0000001c   Zero   RW         2735    .bss.key_elm_char16  zui_usr.o
    0x20001d34        -       0x0000001c   Zero   RW         2730    .bss.keyval_elm_char16  zui_usr.o
    0x20001d50        -       0x00000001   Zero   RW         2766    .bss.motor_start_cnt  motor.o
    0x20001d51        -       0x00000001   Zero   RW         2765    .bss.motor_state    motor.o
    0x20001d52   COMPRESSED   0x00000002   PAD
    0x20001d54        -       0x00000008   Zero   RW         2733    .bss.normal_layer   zui_usr.o
    0x20001d5c        -       0x0000001c   Zero   RW         2724    .bss.pure_element   zui_usr.o
    0x20001d78        -       0x00000008   Zero   RW         2725    .bss.pure_layer     zui_usr.o
    0x20001d80        -       0x00000019   Zero   RW         2784    .bss.sdm18_receive_data  sdm18.o
    0x20001d99        -       0x00000001   Zero   RW         2786    .bss.single_meter   sdm18.o
    0x20001d9a   COMPRESSED   0x00000006   PAD
    0x20001da0        -       0x00000008   Zero   RW           61    .bss.temperature_cd  adc.o
    0x20001da8        -       0x00000001   Zero   RW           21    .bss.tim2_int_mask  main.o
    0x20001da9   COMPRESSED   0x00000003   PAD
    0x20001dac        -       0x00000004   Zero   RW         2752    .bss.tmp102Temp     tmp102.o
    0x20001db0        -       0x00000004   Zero   RW          489    .bss.uwTick         stm32g4xx_hal.o
    0x20001db4        -       0x0000001c   Zero   RW         2742    .bss.zui_elm_char12  zui_usr.o
    0x20001dd0        -       0x00001a40   Zero   RW         2701    .bss.zui_pixel_buffer0  zui.o
    0x20003810        -       0x00002000   Zero   RW            2    HEAP                startup_stm32g431xx.o
    0x20005810        -       0x00001000   Zero   RW            1    STACK               startup_stm32g431xx.o


==============================================================================

Image component sizes


      Code (inc. data)   RO Data    RW Data    ZI Data      Debug   Object Name

      1378         32          0          0        233       9982   adc.o
       262          0          0          0          0       3300   dma.o
       572          0          0          0          0       4293   gpio.o
       882          0          0          0        552       8754   i2c.o
       180          0          0          0          0       6065   lcd.o
       820          0          0          0        100       4890   lcd_init.o
         0          0       2660          0          0        566   lcdfont.o
      1164          0          6         12         37       5929   main.o
        86          0          0          0          2       3037   motor.o
       284          0          0          0         40       4304   rtc.o
       512          8         18          0         30       1386   sdm18.o
       626          0          0          0        392       7630   spi.o
        64         26        472          0      12288        840   startup_stm32g431xx.o
       288          0          0          8          4       8414   stm32g4xx_hal.o
      5968          0          0          0          0      22028   stm32g4xx_hal_adc.o
       724          0          0          0          0      19438   stm32g4xx_hal_adc_ex.o
       554          0          0          0          0       9404   stm32g4xx_hal_cortex.o
      1584          0          0          0          0       7765   stm32g4xx_hal_dma.o
      1056          0          0          0          0       5302   stm32g4xx_hal_gpio.o
      3004          0          0          0          0      36738   stm32g4xx_hal_i2c.o
       314          0          0          0          0       6261   stm32g4xx_hal_i2c_ex.o
        72          0          0          0          0       1630   stm32g4xx_hal_msp.o
      6230          0          0          0          0      13712   stm32g4xx_hal_pcd.o
       180          0          0          0          0       5081   stm32g4xx_hal_pcd_ex.o
        18          0          0          0          0       5116   stm32g4xx_hal_pwr.o
       454          0          0          0          0       7797   stm32g4xx_hal_pwr_ex.o
      3276          0          0          0          0       9386   stm32g4xx_hal_rcc.o
      1114          0          0          0          0      10897   stm32g4xx_hal_rcc_ex.o
      1316          0          0          0          0      10127   stm32g4xx_hal_rtc.o
      2492          0          0          0          0      21274   stm32g4xx_hal_spi.o
      2330          0          0          0          0      37852   stm32g4xx_hal_tim.o
       374          0          0          0          0      21663   stm32g4xx_hal_tim_ex.o
      7834         48         24          0          0      27348   stm32g4xx_hal_uart.o
      1290          0         16          0          0       8885   stm32g4xx_hal_uart_ex.o
       372          0          0          0          0       3297   stm32g4xx_it.o
      6446          4          0          0          0      10822   stm32g4xx_ll_usb.o
        18          0         24          4          0       2682   system_stm32g4xx.o
       610          0          0          4        152       8146   tim.o
       284          4          0          0          4       1039   tmp102.o
      1152          0          0          0        636       9516   usart.o
       118          0          0          0        720       3028   usb_device.o
      1512         12          0        267          0       9680   usbd_cdc.o
       206         36          0         20       2048       2598   usbd_cdc_if.o
      1404          4          0          0       1276      14853   usbd_conf.o
      1366          0          0          0          0       7252   usbd_core.o
      3136         46          0          0          1       8176   usbd_ctlreq.o
       572          0         66         80        512       3310   usbd_desc.o
       232          0          0          0          0       4090   usbd_ioreq.o
       932          0          0          0       6724       4301   zui.o
       950          0         70         18        352       3240   zui_usr.o

    ----------------------------------------------------------------------
     66936        220       3390        424      26120     453124   Object Totals
         0          0         32          0          0          0   (incl. Generated)
       324          0          2         11         17          0   (incl. Padding)

    ----------------------------------------------------------------------

      Code (inc. data)   RO Data    RW Data    ZI Data      Debug   Library Member Name

        90          0          0          0          0          0   __dczerorl2.o
         8          0          0          0          0         68   __main.o
         0          0          0          0          0          0   __rtentry.o
        12          0          0          0          0          0   __rtentry2.o
         6          0          0          0          0          0   __rtentry4.o
        94          8          0          0          0          0   __scatter.o
        28          0          0          0          0          0   __scatter_zi.o
        16          0          0          0          0         68   aeabi_memset.o
        18          0          0          0          0         80   exit.o
         6          0          0          0          0        152   heapauxi.o
         0          0          0          0          0          0   indicate_semi.o
         2          0          0          0          0          0   libinit.o
         6          0          0          0          0          0   libinit2.o
         2          0          0          0          0          0   libshutdown.o
         2          0          0          0          0          0   libshutdown2.o
         8          4          0          0         96         68   libspace.o
       240          0          0          0          0        100   lludivv7m.o
        68          0          0          0          0         68   rt_memclr.o
        78          0          0          0          0         80   rt_memclr_w.o
       100          0          0          0          0         80   rt_memcpy_w.o
         2          0          0          0          0          0   rtexit.o
        10          0          0          0          0          0   rtexit2.o
        12          4          0          0          0         68   sys_exit.o
        74          0          0          0          0         80   sys_stackheap_outer.o
         2          0          0          0          0         68   use_no_semi.o
        98          4          0          0          0        140   d2f.o
       812         16          0          0          0        392   daddsub_clz.o
       696        140          0          0          0        264   ddiv.o
        94          4          0          0          0        140   dfix.o
        46          0          0          0          0        116   dflt_clz.o
       340         12          0          0          0        152   dmul.o
       156          4          0          0          0        140   dnaninf.o
        12          0          0          0          0        116   dretinf.o
        86          4          0          0          0        132   f2d.o
       140          4          0          0          0        132   fnaninf.o
        26          0          0          0          0        116   fpinit.o
        10          0          0          0          0        116   fretinf.o
         0          0          0          0          0          0   usenofp.o

    ----------------------------------------------------------------------
      3410        204          0          0         96       2936   Library Totals
        10          0          0          0          0          0   (incl. Padding)

    ----------------------------------------------------------------------

      Code (inc. data)   RO Data    RW Data    ZI Data      Debug   Library Name

       884         16          0          0         96        980   c_w.l
      2516        188          0          0          0       1956   fz_wm.l

    ----------------------------------------------------------------------
      3410        204          0          0         96       2936   Library Totals

    ----------------------------------------------------------------------

==============================================================================


      Code (inc. data)   RO Data    RW Data    ZI Data      Debug   

     70346        424       3390        424      26216     453572   Grand Totals
     70346        424       3390        224      26216     453572   ELF Image Totals (compressed)
     70346        424       3390        224          0          0   ROM Totals

==============================================================================

    Total RO  Size (Code + RO Data)                73736 (  72.01kB)
    Total RW  Size (RW Data + ZI Data)             26640 (  26.02kB)
    Total ROM Size (Code + RO Data + RW Data)      73960 (  72.23kB)

==============================================================================

