Component: Arm Compiler for Embedded 6.22 Tool: armlink [5ee90200]

==============================================================================

Section Cross References

    startup_stm32g431xx.o(STACK) refers (Special) to heapauxi.o(.text) for __use_two_region_memory
    startup_stm32g431xx.o(HEAP) refers (Special) to heapauxi.o(.text) for __use_two_region_memory
    startup_stm32g431xx.o(RESET) refers (Special) to heapauxi.o(.text) for __use_two_region_memory
    startup_stm32g431xx.o(RESET) refers to startup_stm32g431xx.o(STACK) for __initial_sp
    startup_stm32g431xx.o(RESET) refers to startup_stm32g431xx.o(.text) for Reset_Handler
    startup_stm32g431xx.o(RESET) refers to stm32g4xx_it.o(.text.NMI_Handler) for NMI_Handler
    startup_stm32g431xx.o(RESET) refers to stm32g4xx_it.o(.text.HardFault_Handler) for HardFault_Handler
    startup_stm32g431xx.o(RESET) refers to stm32g4xx_it.o(.text.MemManage_Handler) for MemManage_Handler
    startup_stm32g431xx.o(RESET) refers to stm32g4xx_it.o(.text.BusFault_Handler) for BusFault_Handler
    startup_stm32g431xx.o(RESET) refers to stm32g4xx_it.o(.text.UsageFault_Handler) for UsageFault_Handler
    startup_stm32g431xx.o(RESET) refers to stm32g4xx_it.o(.text.SVC_Handler) for SVC_Handler
    startup_stm32g431xx.o(RESET) refers to stm32g4xx_it.o(.text.DebugMon_Handler) for DebugMon_Handler
    startup_stm32g431xx.o(RESET) refers to stm32g4xx_it.o(.text.PendSV_Handler) for PendSV_Handler
    startup_stm32g431xx.o(RESET) refers to stm32g4xx_it.o(.text.SysTick_Handler) for SysTick_Handler
    startup_stm32g431xx.o(RESET) refers to stm32g4xx_it.o(.text.EXTI0_IRQHandler) for EXTI0_IRQHandler
    startup_stm32g431xx.o(RESET) refers to stm32g4xx_it.o(.text.EXTI1_IRQHandler) for EXTI1_IRQHandler
    startup_stm32g431xx.o(RESET) refers to stm32g4xx_it.o(.text.EXTI4_IRQHandler) for EXTI4_IRQHandler
    startup_stm32g431xx.o(RESET) refers to stm32g4xx_it.o(.text.DMA1_Channel1_IRQHandler) for DMA1_Channel1_IRQHandler
    startup_stm32g431xx.o(RESET) refers to stm32g4xx_it.o(.text.DMA1_Channel2_IRQHandler) for DMA1_Channel2_IRQHandler
    startup_stm32g431xx.o(RESET) refers to stm32g4xx_it.o(.text.DMA1_Channel3_IRQHandler) for DMA1_Channel3_IRQHandler
    startup_stm32g431xx.o(RESET) refers to stm32g4xx_it.o(.text.DMA1_Channel4_IRQHandler) for DMA1_Channel4_IRQHandler
    startup_stm32g431xx.o(RESET) refers to stm32g4xx_it.o(.text.DMA1_Channel5_IRQHandler) for DMA1_Channel5_IRQHandler
    startup_stm32g431xx.o(RESET) refers to stm32g4xx_it.o(.text.DMA1_Channel6_IRQHandler) for DMA1_Channel6_IRQHandler
    startup_stm32g431xx.o(RESET) refers to stm32g4xx_it.o(.text.ADC1_2_IRQHandler) for ADC1_2_IRQHandler
    startup_stm32g431xx.o(RESET) refers to stm32g4xx_it.o(.text.USB_HP_IRQHandler) for USB_HP_IRQHandler
    startup_stm32g431xx.o(RESET) refers to stm32g4xx_it.o(.text.USB_LP_IRQHandler) for USB_LP_IRQHandler
    startup_stm32g431xx.o(RESET) refers to stm32g4xx_it.o(.text.TIM2_IRQHandler) for TIM2_IRQHandler
    startup_stm32g431xx.o(RESET) refers to stm32g4xx_it.o(.text.I2C2_EV_IRQHandler) for I2C2_EV_IRQHandler
    startup_stm32g431xx.o(RESET) refers to stm32g4xx_it.o(.text.SPI1_IRQHandler) for SPI1_IRQHandler
    startup_stm32g431xx.o(RESET) refers to stm32g4xx_it.o(.text.USART3_IRQHandler) for USART3_IRQHandler
    startup_stm32g431xx.o(RESET) refers to stm32g4xx_it.o(.text.EXTI15_10_IRQHandler) for EXTI15_10_IRQHandler
    startup_stm32g431xx.o(RESET) refers to stm32g4xx_it.o(.text.SPI3_IRQHandler) for SPI3_IRQHandler
    startup_stm32g431xx.o(RESET) refers to stm32g4xx_it.o(.text.DMA2_Channel1_IRQHandler) for DMA2_Channel1_IRQHandler
    startup_stm32g431xx.o(RESET) refers to stm32g4xx_it.o(.text.DMA2_Channel2_IRQHandler) for DMA2_Channel2_IRQHandler
    startup_stm32g431xx.o(RESET) refers to stm32g4xx_it.o(.text.DMA2_Channel3_IRQHandler) for DMA2_Channel3_IRQHandler
    startup_stm32g431xx.o(RESET) refers to stm32g4xx_it.o(.text.DMA2_Channel5_IRQHandler) for DMA2_Channel5_IRQHandler
    startup_stm32g431xx.o(RESET) refers to stm32g4xx_it.o(.text.LPUART1_IRQHandler) for LPUART1_IRQHandler
    startup_stm32g431xx.o(RESET) refers to stm32g4xx_it.o(.text.I2C3_EV_IRQHandler) for I2C3_EV_IRQHandler
    startup_stm32g431xx.o(RESET) refers to stm32g4xx_it.o(.text.DMA2_Channel6_IRQHandler) for DMA2_Channel6_IRQHandler
    startup_stm32g431xx.o(.text) refers (Special) to heapauxi.o(.text) for __use_two_region_memory
    startup_stm32g431xx.o(.text) refers to system_stm32g4xx.o(.text.SystemInit) for SystemInit
    startup_stm32g431xx.o(.text) refers to __main.o(!!!main) for __main
    startup_stm32g431xx.o(.text) refers to startup_stm32g431xx.o(HEAP) for Heap_Mem
    startup_stm32g431xx.o(.text) refers to startup_stm32g431xx.o(STACK) for Stack_Mem
    main.o(.text.main) refers to stm32g4xx_hal.o(.text.HAL_Init) for HAL_Init
    main.o(.text.main) refers to main.o(.text.SystemClock_Config) for SystemClock_Config
[...]
    USBD_CtlContinueSendData                 0x0800bb8d   Thumb Code    30  usbd_ioreq.o(.text.USBD_CtlContinueSendData)
    USBD_CtlError                            0x0800bbad   Thumb Code    28  usbd_ctlreq.o(.text.USBD_CtlError)
    USBD_CtlPrepareRx                        0x0800bbc9   Thumb Code    54  usbd_ioreq.o(.text.USBD_CtlPrepareRx)
    USBD_CtlReceiveStatus                    0x0800bc01   Thumb Code    34  usbd_ioreq.o(.text.USBD_CtlReceiveStatus)
    USBD_CtlSendData                         0x0800bc25   Thumb Code    50  usbd_ioreq.o(.text.USBD_CtlSendData)
    USBD_CtlSendStatus                       0x0800bc59   Thumb Code    34  usbd_ioreq.o(.text.USBD_CtlSendStatus)
    USBD_GetString                           0x0800c099   Thumb Code   152  usbd_ctlreq.o(.text.USBD_GetString)
    USBD_Init                                0x0800c185   Thumb Code   106  usbd_core.o(.text.USBD_Init)
    USBD_LL_ClearStallEP                     0x0800c1f1   Thumb Code    58  usbd_conf.o(.text.USBD_LL_ClearStallEP)
    USBD_LL_CloseEP                          0x0800c22d   Thumb Code    58  usbd_conf.o(.text.USBD_LL_CloseEP)
    USBD_LL_DataInStage                      0x0800c269   Thumb Code   332  usbd_core.o(.text.USBD_LL_DataInStage)
    USBD_LL_DataOutStage                     0x0800c3b5   Thumb Code   246  usbd_core.o(.text.USBD_LL_DataOutStage)
    USBD_LL_GetRxDataSize                    0x0800c4ad   Thumb Code    28  usbd_conf.o(.text.USBD_LL_GetRxDataSize)
    USBD_LL_Init                             0x0800c4c9   Thumb Code   164  usbd_conf.o(.text.USBD_LL_Init)
    USBD_LL_IsStallEP                        0x0800c56d   Thumb Code    90  usbd_conf.o(.text.USBD_LL_IsStallEP)
    USBD_LL_OpenEP                           0x0800c5c9   Thumb Code    74  usbd_conf.o(.text.USBD_LL_OpenEP)
    USBD_LL_PrepareReceive                   0x0800c615   Thumb Code    66  usbd_conf.o(.text.USBD_LL_PrepareReceive)
    USBD_LL_Reset                            0x0800c659   Thumb Code   160  usbd_core.o(.text.USBD_LL_Reset)
    USBD_LL_Resume                           0x0800c6f9   Thumb Code    36  usbd_core.o(.text.USBD_LL_Resume)
    USBD_LL_SOF                              0x0800c71d   Thumb Code    78  usbd_core.o(.text.USBD_LL_SOF)
    USBD_LL_SetSpeed                         0x0800c76d   Thumb Code    22  usbd_core.o(.text.USBD_LL_SetSpeed)
    USBD_LL_SetUSBAddress                    0x0800c785   Thumb Code    58  usbd_conf.o(.text.USBD_LL_SetUSBAddress)
    USBD_LL_SetupStage                       0x0800c7c1   Thumb Code   148  usbd_core.o(.text.USBD_LL_SetupStage)
    USBD_LL_StallEP                          0x0800c855   Thumb Code    58  usbd_conf.o(.text.USBD_LL_StallEP)
    USBD_LL_Start                            0x0800c891   Thumb Code    50  usbd_conf.o(.text.USBD_LL_Start)
    USBD_LL_Suspend                          0x0800c8c5   Thumb Code    30  usbd_core.o(.text.USBD_LL_Suspend)
    USBD_LL_Transmit                         0x0800c8e5   Thumb Code    66  usbd_conf.o(.text.USBD_LL_Transmit)
    USBD_ParseSetupRequest                   0x0800c929   Thumb Code    98  usbd_ctlreq.o(.text.USBD_ParseSetupRequest)
    USBD_RegisterClass                       0x0800c98d   Thumb Code    86  usbd_core.o(.text.USBD_RegisterClass)
    USBD_RunTestMode                         0x0800c9e5   Thumb Code    10  usbd_core.o(.text.USBD_RunTestMode)
    USBD_SetClassConfig                      0x0800ca7d   Thumb Code    54  usbd_core.o(.text.USBD_SetClassConfig)
    USBD_Start                               0x0800cc55   Thumb Code    16  usbd_core.o(.text.USBD_Start)
    USBD_StdDevReq                           0x0800cc65   Thumb Code   196  usbd_ctlreq.o(.text.USBD_StdDevReq)
    USBD_StdEPReq                            0x0800cd29   Thumb Code   792  usbd_ctlreq.o(.text.USBD_StdEPReq)
    USBD_StdItfReq                           0x0800d041   Thumb Code   154  usbd_ctlreq.o(.text.USBD_StdItfReq)
    USBD_static_free                         0x0800d0dd   Thumb Code     8  usbd_conf.o(.text.USBD_static_free)
    USBD_static_malloc                       0x0800d0e5   Thumb Code    16  usbd_conf.o(.text.USBD_static_malloc)
    USB_ActivateEndpoint                     0x0800d0f5   Thumb Code  2182  stm32g4xx_ll_usb.o(.text.USB_ActivateEndpoint)
    USB_DeactivateEndpoint                   0x0800d97d   Thumb Code   864  stm32g4xx_ll_usb.o(.text.USB_DeactivateEndpoint)
    USB_DevConnect                           0x0800dcdd   Thumb Code    24  stm32g4xx_ll_usb.o(.text.USB_DevConnect)
    USB_DevInit                              0x0800dcf5   Thumb Code    40  stm32g4xx_ll_usb.o(.text.USB_DevInit)
    USB_DisableGlobalInt                     0x0800dd1d   Thumb Code    30  stm32g4xx_ll_usb.o(.text.USB_DisableGlobalInt)
    USB_EPClearStall                         0x0800dd3d   Thumb Code   314  stm32g4xx_ll_usb.o(.text.USB_EPClearStall)
    USB_EPSetStall                           0x0800de79   Thumb Code   136  stm32g4xx_ll_usb.o(.text.USB_EPSetStall)
    USB_EPStartXfer                          0x0800df01   Thumb Code  2522  stm32g4xx_ll_usb.o(.text.USB_EPStartXfer)
    USB_EnableGlobalInt                      0x0800e8dd   Thumb Code    30  stm32g4xx_ll_usb.o(.text.USB_EnableGlobalInt)
    USB_HP_IRQHandler                        0x0800e8fd   Thumb Code    16  stm32g4xx_it.o(.text.USB_HP_IRQHandler)
    USB_LP_IRQHandler                        0x0800e90d   Thumb Code    16  stm32g4xx_it.o(.text.USB_LP_IRQHandler)
    USB_ReadInterrupts                       0x0800e91d   Thumb Code    18  stm32g4xx_ll_usb.o(.text.USB_ReadInterrupts)
    USB_ReadPMA                              0x0800e931   Thumb Code   132  stm32g4xx_ll_usb.o(.text.USB_ReadPMA)
    USB_SetDevAddress                        0x0800e9b5   Thumb Code    32  stm32g4xx_ll_usb.o(.text.USB_SetDevAddress)
    USB_WritePMA                             0x0800e9d5   Thumb Code   122  stm32g4xx_ll_usb.o(.text.USB_WritePMA)
    UsageFault_Handler                       0x0800ea51   Thumb Code     4  stm32g4xx_it.o(.text.UsageFault_Handler)
    Z_ADC_DMA_Start                          0x0800ea55   Thumb Code    56  adc.o(.text.Z_ADC_DMA_Start)
    char_12_elm_render                       0x0800eb85   Thumb Code   270  zui.o(.text.char_12_elm_render)
    char_16_elm_render                       0x0800ec95   Thumb Code   266  zui.o(.text.char_16_elm_render)
    float_to_str_1int_2frac                  0x0800eda1   Thumb Code   164  adc.o(.text.float_to_str_1int_2frac)
    key_init                                 0x0800ee4d   Thumb Code   172  main.o(.text.key_init)
    key_scan                                 0x0800eef9   Thumb Code   430  main.o(.text.key_scan)
    main                                     0x0800f0a9   Thumb Code   338  main.o(.text.main)
    motor_end                                0x0800f1fd   Thumb Code    34  motor.o(.text.motor_end)
    motor_start                              0x0800f221   Thumb Code    52  motor.o(.text.motor_start)
    normal_layer_elm_init                    0x0800f255   Thumb Code   320  zui_usr.o(.text.normal_layer_elm_init)
    pure_elm_render                          0x0800f395   Thumb Code    34  zui_usr.o(.text.pure_elm_render)
    pure_layer_elm_init                      0x0800f3b9   Thumb Code    56  zui_usr.o(.text.pure_layer_elm_init)
    zui_dirty_current_layer                  0x0800f3f1   Thumb Code    54  zui.o(.text.zui_dirty_current_layer)
    zui_elm_init                             0x0800f429   Thumb Code    12  zui_usr.o(.text.zui_elm_init)
    zui_fill_screen_color                    0x0800f435   Thumb Code    92  zui.o(.text.zui_fill_screen_color)
    zui_init                                 0x0800f491   Thumb Code    78  zui.o(.text.zui_init)
    zui_key_respond                          0x0800f4e1   Thumb Code    44  zui.o(.text.zui_key_respond)
    zui_layer_add_element                    0x0800f50d   Thumb Code    24  zui.o(.text.zui_layer_add_element)
    zui_layer_init                           0x0800f525   Thumb Code    62  zui_usr.o(.text.zui_layer_init)
    zui_normal_layer_on_key                  0x0800f565   Thumb Code   110  zui_usr.o(.text.zui_normal_layer_on_key)
    zui_pure_layer_on_key                    0x0800f5d5   Thumb Code     8  zui_usr.o(.text.zui_pure_layer_on_key)
    zui_render_current_layer                 0x0800f5dd   Thumb Code    84  zui.o(.text.zui_render_current_layer)
    zui_set_current_layer                    0x0800f631   Thumb Code    20  zui.o(.text.zui_set_current_layer)
    __aeabi_d2f                              0x0800f645   Thumb Code     0  d2f.o(x$fpl$d2f)
    _d2f                                     0x0800f645   Thumb Code    98  d2f.o(x$fpl$d2f)
    __aeabi_dadd                             0x0800f6a9   Thumb Code     0  daddsub_clz.o(x$fpl$dadd)
    _dadd                                    0x0800f6a9   Thumb Code   332  daddsub_clz.o(x$fpl$dadd)
    __aeabi_ddiv                             0x0800f7f9   Thumb Code     0  ddiv.o(x$fpl$ddiv)
    _ddiv                                    0x0800f7f9   Thumb Code   560  ddiv.o(x$fpl$ddiv)
    __aeabi_i2d                              0x0800fab1   Thumb Code     0  dflt_clz.o(x$fpl$dflt)
    _dflt                                    0x0800fab1   Thumb Code    46  dflt_clz.o(x$fpl$dflt)
    __aeabi_dmul                             0x0800fae1   Thumb Code     0  dmul.o(x$fpl$dmul)
    _dmul                                    0x0800fae1   Thumb Code   332  dmul.o(x$fpl$dmul)
    __fpl_dnaninf                            0x0800fc35   Thumb Code   156  dnaninf.o(x$fpl$dnaninf)
    __fpl_dretinf                            0x0800fcd1   Thumb Code    12  dretinf.o(x$fpl$dretinf)
    __aeabi_dsub                             0x0800fcdd   Thumb Code     0  daddsub_clz.o(x$fpl$dsub)
    _dsub                                    0x0800fcdd   Thumb Code   472  daddsub_clz.o(x$fpl$dsub)
    __aeabi_f2d                              0x0800feb9   Thumb Code     0  f2d.o(x$fpl$f2d)
    _f2d                                     0x0800feb9   Thumb Code    86  f2d.o(x$fpl$f2d)
    __fpl_fnaninf                            0x0800ff0f   Thumb Code   140  fnaninf.o(x$fpl$fnaninf)
    _fp_init                                 0x0800ff9b   Thumb Code    26  fpinit.o(x$fpl$fpinit)
    __fplib_config_fpu_vfp                   0x0800ffb3   Thumb Code     0  fpinit.o(x$fpl$fpinit)
    __fplib_config_pureend_doubles           0x0800ffb3   Thumb Code     0  fpinit.o(x$fpl$fpinit)
    __fpl_fretinf                            0x0800ffb5   Thumb Code    10  fretinf.o(x$fpl$fretinf)
    AHBPrescTable                            0x0800ffbe   Data          16  system_stm32g4xx.o(.rodata.AHBPrescTable)
    __I$use$fp                               0x0800ffbe   Number         0  usenofp.o(x$fpl$usenofp)
    APBPrescTable                            0x0800ffce   Data           8  system_stm32g4xx.o(.rodata.APBPrescTable)
    KEY_Pins                                 0x0800ffd6   Data           6  main.o(.rodata.KEY_Pins)
    UARTPrescTable                           0x0800ffec   Data          24  stm32g4xx_hal_uart.o(.rodata.UARTPrescTable)
    ascii_1206                               0x08010004   Data        1140  lcdfont.o(.rodata.ascii_1206)
    ascii_1608                               0x08010478   Data        1520  lcdfont.o(.rodata.ascii_1608)
    Region$$Table$$Base                      0x08010ad8   Number         0  anon$$obj.o(Region$$Table)
    Region$$Table$$Limit                     0x08010af8   Number         0  anon$$obj.o(Region$$Table)
    CDC_Desc                                 0x20000000   Data          32  usbd_desc.o(.data.CDC_Desc)
    KEY_Ports                                0x20000024   Data          12  main.o(.data.KEY_Ports)
    SystemCoreClock                          0x20000030   Data           4  system_stm32g4xx.o(.data.SystemCoreClock)
    USBD_CDC                                 0x20000034   Data          56  usbd_cdc.o(.data.USBD_CDC)
    USBD_CDC_DeviceDesc                      0x200000f4   Data          18  usbd_desc.o(.data.USBD_CDC_DeviceDesc)
    USBD_Interface_fops_FS                   0x20000158   Data          20  usbd_cdc_if.o(.data.USBD_Interface_fops_FS)
    USBD_LangIDDesc                          0x2000016c   Data           4  usbd_desc.o(.data.USBD_LangIDDesc)
    USBD_StringSerial                        0x20000170   Data          26  usbd_desc.o(.data.USBD_StringSerial)
    keyval_vals                              0x2000018a   Data           4  zui_usr.o(.data.keyval_vals)
    uwTickFreq                               0x20000190   Data           4  stm32g4xx_hal.o(.data.uwTickFreq)
    uwTickPrio                               0x20000194   Data           4  stm32g4xx_hal.o(.data.uwTickPrio)
    __libspace_start                         0x20000198   Data          96  libspace.o(.bss)
    BAT_V                                    0x200001f8   Data           8  adc.o(.bss.BAT_V)
    __temporary_stack_top$libspace           0x200001f8   Data           0  libspace.o(.bss)
    LCD_SPI                                  0x20000200   Data         100  lcd_init.o(.bss.LCD_SPI)
    USBD_StrDesc                             0x20000268   Data         512  usbd_desc.o(.bss.USBD_StrDesc)
    USR_KEYs                                 0x20000688   Data          36  main.o(.bss.USR_KEYs)
    UserRxBufferFS                           0x200006ac   Data        1024  usbd_cdc_if.o(.bss.UserRxBufferFS)
    UserTxBufferFS                           0x20000aac   Data        1024  usbd_cdc_if.o(.bss.UserTxBufferFS)
    adc_busy                                 0x20000eac   Data           1  adc.o(.bss.adc_busy)
    adc_values                               0x20000eae   Data           6  adc.o(.bss.adc_values)
    bat_elm_char16                           0x20000eb4   Data          28  zui_usr.o(.bss.bat_elm_char16)
    bat_volt_char                            0x20000ed0   Data           6  adc.o(.bss.bat_volt_char)
    batnum_elm_char16                        0x20000ed8   Data          28  zui_usr.o(.bss.batnum_elm_char16)
    current_layer                            0x20000ef4   Data           4  zui.o(.bss.current_layer)
    hUsbDeviceFS                             0x20000ef8   Data         720  usb_device.o(.bss.hUsbDeviceFS)
    hadc1                                    0x200011c8   Data         108  adc.o(.bss.hadc1)
    hdma_adc1                                0x20001234   Data          96  adc.o(.bss.hdma_adc1)
    hdma_i2c2_rx                             0x20001294   Data          96  i2c.o(.bss.hdma_i2c2_rx)
    hdma_i2c2_tx                             0x200012f4   Data          96  i2c.o(.bss.hdma_i2c2_tx)
    hdma_i2c3_rx                             0x20001354   Data          96  i2c.o(.bss.hdma_i2c3_rx)
    hdma_i2c3_tx                             0x200013b4   Data          96  i2c.o(.bss.hdma_i2c3_tx)
    hdma_spi3_rx                             0x20001414   Data          96  spi.o(.bss.hdma_spi3_rx)
    hdma_spi3_tx                             0x20001474   Data          96  spi.o(.bss.hdma_spi3_tx)
    hdma_usart2_rx                           0x200014d4   Data          96  usart.o(.bss.hdma_usart2_rx)
    hdma_usart2_tx                           0x20001534   Data          96  usart.o(.bss.hdma_usart2_tx)
    hdma_usart3_rx                           0x20001594   Data          96  usart.o(.bss.hdma_usart3_rx)
    hdma_usart3_tx                           0x200015f4   Data          96  usart.o(.bss.hdma_usart3_tx)
    hi2c2                                    0x20001654   Data          84  i2c.o(.bss.hi2c2)
    hi2c3                                    0x200016a8   Data          84  i2c.o(.bss.hi2c3)
    hlpuart1                                 0x200016fc   Data         148  usart.o(.bss.hlpuart1)
    hpcd_USB_FS                              0x20001790   Data         732  usbd_conf.o(.bss.hpcd_USB_FS)
    hrtc                                     0x20001a6c   Data          40  rtc.o(.bss.hrtc)
    hspi1                                    0x20001a94   Data         100  spi.o(.bss.hspi1)
    hspi3                                    0x20001af8   Data         100  spi.o(.bss.hspi3)
    htim1                                    0x20001b5c   Data          76  tim.o(.bss.htim1)
    htim2                                    0x20001ba8   Data          76  tim.o(.bss.htim2)
    huart2                                   0x20001bf4   Data         148  usart.o(.bss.huart2)
    huart3                                   0x20001c88   Data         148  usart.o(.bss.huart3)
    key_elm_char16                           0x20001d1c   Data          28  zui_usr.o(.bss.key_elm_char16)
    keyval_elm_char16                        0x20001d38   Data          28  zui_usr.o(.bss.keyval_elm_char16)
    motor_start_cnt                          0x20001d54   Data           1  motor.o(.bss.motor_start_cnt)
    motor_state                              0x20001d55   Data           1  motor.o(.bss.motor_state)
    normal_layer                             0x20001d58   Data           8  zui_usr.o(.bss.normal_layer)
    pure_element                             0x20001d60   Data          28  zui_usr.o(.bss.pure_element)
    pure_layer                               0x20001d80   Data           8  zui_usr.o(.bss.pure_layer)
    temperature_cd                           0x20001d88   Data           8  adc.o(.bss.temperature_cd)
    tim2_int_mask                            0x20001d90   Data           1  main.o(.bss.tim2_int_mask)
    tmp102Temp                               0x20001d94   Data           4  tmp102.o(.bss.tmp102Temp)
    uwTick                                   0x20001d98   Data           4  stm32g4xx_hal.o(.bss.uwTick)
    zui_elm_char12                           0x20001d9c   Data          28  zui_usr.o(.bss.zui_elm_char12)
    zui_pixel_buffer0                        0x20001db8   Data        6720  zui.o(.bss.zui_pixel_buffer0)



==============================================================================

Memory Map of the image

  Image Entry point : 0x080001d9

  Load Region LR_IROM1 (Base: 0x08000000, Size: 0x00010c90, Max: 0x00020000, ABSOLUTE, COMPRESSED[0x00010bc8])

    Execution Region ER_IROM1 (Exec base: 0x08000000, Load base: 0x08000000, Size: 0x00010af8, Max: 0x00020000, ABSOLUTE)

    Exec Addr    Load Addr    Size         Type   Attr      Idx    E Section Name        Object

    0x08000000   0x08000000   0x000001d8   Data   RO            3    RESET               startup_stm32g431xx.o
    0x080001d8   0x080001d8   0x00000008   Code   RO         2778  * !!!main             c_w.l(__main.o)
    0x080001e0   0x080001e0   0x0000005c   Code   RO         2988    !!!scatter          c_w.l(__scatter.o)
    0x0800023c   0x0800023c   0x0000005a   Code   RO         2986    !!dczerorl2         c_w.l(__dczerorl2.o)
    0x08000296   0x08000296   0x00000002   PAD
    0x08000298   0x08000298   0x00000002   Code   RO         2989    !!handler_null      c_w.l(__scatter.o)
    0x0800029a   0x0800029a   0x00000002   PAD
    0x0800029c   0x0800029c   0x0000001c   Code   RO         2992    !!handler_zi        c_w.l(__scatter_zi.o)
    0x080002b8   0x080002b8   0x00000002   Code   RO         2848    .ARM.Collect$$libinit$$00000000  c_w.l(libinit.o)
    0x080002ba   0x080002ba   0x00000004   Code   RO         2860    .ARM.Collect$$libinit$$00000001  c_w.l(libinit2.o)
    0x080002be   0x080002be   0x00000000   Code   RO         2863    .ARM.Collect$$libinit$$00000004  c_w.l(libinit2.o)
    0x080002be   0x080002be   0x00000000   Code   RO         2865    .ARM.Collect$$libinit$$00000006  c_w.l(libinit2.o)
    0x080002be   0x080002be   0x00000000   Code   RO         2868    .ARM.Collect$$libinit$$0000000C  c_w.l(libinit2.o)
    0x080002be   0x080002be   0x00000000   Code   RO         2870    .ARM.Collect$$libinit$$0000000E  c_w.l(libinit2.o)
    0x080002be   0x080002be   0x00000000   Code   RO         2872    .ARM.Collect$$libinit$$00000010  c_w.l(libinit2.o)
    0x080002be   0x080002be   0x00000000   Code   RO         2875    .ARM.Collect$$libinit$$00000013  c_w.l(libinit2.o)
    0x080002be   0x080002be   0x00000000   Code   RO         2877    .ARM.Collect$$libinit$$00000015  c_w.l(libinit2.o)
    0x080002be   0x080002be   0x00000000   Code   RO         2879    .ARM.Collect$$libinit$$00000017  c_w.l(libinit2.o)
    0x080002be   0x080002be   0x00000000   Code   RO         2881    .ARM.Collect$$libinit$$00000019  c_w.l(libinit2.o)
    0x080002be   0x080002be   0x00000000   Code   RO         2883    .ARM.Collect$$libinit$$0000001B  c_w.l(libinit2.o)
    0x080002be   0x080002be   0x00000000   Code   RO         2885    .ARM.Collect$$libinit$$0000001D  c_w.l(libinit2.o)
    0x080002be   0x080002be   0x00000000   Code   RO         2887    .ARM.Collect$$libinit$$0000001F  c_w.l(libinit2.o)
    0x080002be   0x080002be   0x00000000   Code   RO         2889    .ARM.Collect$$libinit$$00000021  c_w.l(libinit2.o)
    0x080002be   0x080002be   0x00000000   Code   RO         2891    .ARM.Collect$$libinit$$00000023  c_w.l(libinit2.o)
    0x080002be   0x080002be   0x00000000   Code   RO         2893    .ARM.Collect$$libinit$$00000025  c_w.l(libinit2.o)
    0x080002be   0x080002be   0x00000000   Code   RO         2895    .ARM.Collect$$libinit$$00000027  c_w.l(libinit2.o)
    0x080002be   0x080002be   0x00000000   Code   RO         2899    .ARM.Collect$$libinit$$0000002E  c_w.l(libinit2.o)
    0x080002be   0x080002be   0x00000000   Code   RO         2901    .ARM.Collect$$libinit$$00000030  c_w.l(libinit2.o)
    0x080002be   0x080002be   0x00000000   Code   RO         2903    .ARM.Collect$$libinit$$00000032  c_w.l(libinit2.o)
    0x080002be   0x080002be   0x00000000   Code   RO         2905    .ARM.Collect$$libinit$$00000034  c_w.l(libinit2.o)
    0x080002be   0x080002be   0x00000002   Code   RO         2906    .ARM.Collect$$libinit$$00000035  c_w.l(libinit2.o)
    0x080002c0   0x080002c0   0x00000002   Code   RO         2941    .ARM.Collect$$libshutdown$$00000000  c_w.l(libshutdown.o)
    0x080002c2   0x080002c2   0x00000000   Code   RO         2969    .ARM.Collect$$libshutdown$$00000002  c_w.l(libshutdown2.o)
    0x080002c2   0x080002c2   0x00000000   Code   RO         2971    .ARM.Collect$$libshutdown$$00000004  c_w.l(libshutdown2.o)
    0x080002c2   0x080002c2   0x00000000   Code   RO         2974    .ARM.Collect$$libshutdown$$00000007  c_w.l(libshutdown2.o)
    0x080002c2   0x080002c2   0x00000000   Code   RO         2977    .ARM.Collect$$libshutdown$$0000000A  c_w.l(libshutdown2.o)
    0x080002c2   0x080002c2   0x00000000   Code   RO         2979    .ARM.Collect$$libshutdown$$0000000C  c_w.l(libshutdown2.o)
    0x080002c2   0x080002c2   0x00000000   Code   RO         2982    .ARM.Collect$$libshutdown$$0000000F  c_w.l(libshutdown2.o)
    0x080002c2   0x080002c2   0x00000002   Code   RO         2983    .ARM.Collect$$libshutdown$$00000010  c_w.l(libshutdown2.o)
    0x080002c4   0x080002c4   0x00000000   Code   RO         2802    .ARM.Collect$$rtentry$$00000000  c_w.l(__rtentry.o)
    0x080002c4   0x080002c4   0x00000000   Code   RO         2819    .ARM.Collect$$rtentry$$00000002  c_w.l(__rtentry2.o)
    0x080002c4   0x080002c4   0x00000006   Code   RO         2831    .ARM.Collect$$rtentry$$00000004  c_w.l(__rtentry4.o)
    0x080002ca   0x080002ca   0x00000000   Code   RO         2821    .ARM.Collect$$rtentry$$00000009  c_w.l(__rtentry2.o)
    0x080002ca   0x080002ca   0x00000004   Code   RO         2822    .ARM.Collect$$rtentry$$0000000A  c_w.l(__rtentry2.o)
    0x080002ce   0x080002ce   0x00000000   Code   RO         2824    .ARM.Collect$$rtentry$$0000000C  c_w.l(__rtentry2.o)
    0x080002ce   0x080002ce   0x00000008   Code   RO         2825    .ARM.Collect$$rtentry$$0000000D  c_w.l(__rtentry2.o)
    0x080002d6   0x080002d6   0x00000002   Code   RO         2852    .ARM.Collect$$rtexit$$00000000  c_w.l(rtexit.o)
    0x080002d8   0x080002d8   0x00000000   Code   RO         2912    .ARM.Collect$$rtexit$$00000002  c_w.l(rtexit2.o)
    0x080002d8   0x080002d8   0x00000004   Code   RO         2913    .ARM.Collect$$rtexit$$00000003  c_w.l(rtexit2.o)
    0x080002dc   0x080002dc   0x00000006   Code   RO         2914    .ARM.Collect$$rtexit$$00000004  c_w.l(rtexit2.o)
    0x080002e2   0x080002e2   0x00000002   PAD
    0x080002e4   0x080002e4   0x00000040   Code   RO            4    .text               startup_stm32g431xx.o
    0x08000324   0x08000324   0x000000f0   Code   RO         2768    .text               c_w.l(lludivv7m.o)
    0x08000414   0x08000414   0x00000064   Code   RO         2770    .text               c_w.l(rt_memcpy_w.o)
    0x08000478   0x08000478   0x00000010   Code   RO         2772    .text               c_w.l(aeabi_memset.o)
    0x08000488   0x08000488   0x0000004e   Code   RO         2774    .text               c_w.l(rt_memclr_w.o)
    0x080004d6   0x080004d6   0x00000006   Code   RO         2776    .text               c_w.l(heapauxi.o)
    0x080004dc   0x080004dc   0x00000044   Code   RO         2807    .text               c_w.l(rt_memclr.o)
    0x08000520   0x08000520   0x0000004a   Code   RO         2835    .text               c_w.l(sys_stackheap_outer.o)
    0x0800056a   0x0800056a   0x00000012   Code   RO         2837    .text               c_w.l(exit.o)
    0x0800057c   0x0800057c   0x00000008   Code   RO         2849    .text               c_w.l(libspace.o)
    0x08000584   0x08000584   0x0000000c   Code   RO         2907    .text               c_w.l(sys_exit.o)
    0x08000590   0x08000590   0x00000002   Code   RO         2930    .text               c_w.l(use_no_semi.o)
    0x08000592   0x08000592   0x00000000   Code   RO         2932    .text               c_w.l(indicate_semi.o)
    0x08000592   0x08000592   0x00000002   PAD
    0x08000594   0x08000594   0x00000010   Code   RO          213    .text.ADC1_2_IRQHandler  stm32g4xx_it.o
    0x080005a4   0x080005a4   0x000000d4   Code   RO         1030    .text.ADC_DMAConvCplt  stm32g4xx_hal_adc.o
    0x08000678   0x08000678   0x0000002a   Code   RO         1034    .text.ADC_DMAError  stm32g4xx_hal_adc.o
    0x080006a2   0x080006a2   0x00000002   PAD
    0x080006a4   0x080006a4   0x00000016   Code   RO         1032    .text.ADC_DMAHalfConvCplt  stm32g4xx_hal_adc.o
    0x080006ba   0x080006ba   0x00000002   PAD
    0x080006bc   0x080006bc   0x000000c4   Code   RO         1002    .text.ADC_Disable   stm32g4xx_hal_adc.o
    0x08000780   0x08000780   0x00000110   Code   RO         1010    .text.ADC_Enable    stm32g4xx_hal_adc.o
    0x08000890   0x08000890   0x00000004   Code   RO          183    .text.BusFault_Handler  stm32g4xx_it.o
    0x08000894   0x08000894   0x0000005c   Code   RO         2428    .text.CDC_Control_FS  usbd_cdc_if.o
    0x080008f0   0x080008f0   0x00000004   Code   RO         2426    .text.CDC_DeInit_FS  usbd_cdc_if.o
    0x080008f4   0x080008f4   0x00000032   Code   RO         2424    .text.CDC_Init_FS   usbd_cdc_if.o
    0x08000926   0x08000926   0x00000002   PAD
    0x08000928   0x08000928   0x00000024   Code   RO         2430    .text.CDC_Receive_FS  usbd_cdc_if.o
    0x0800094c   0x0800094c   0x00000018   Code   RO         2432    .text.CDC_TransmitCplt_FS  usbd_cdc_if.o
    0x08000964   0x08000964   0x00000010   Code   RO          201    .text.DMA1_Channel1_IRQHandler  stm32g4xx_it.o
    0x08000974   0x08000974   0x00000010   Code   RO          203    .text.DMA1_Channel2_IRQHandler  stm32g4xx_it.o
    0x08000984   0x08000984   0x00000010   Code   RO          205    .text.DMA1_Channel3_IRQHandler  stm32g4xx_it.o
    0x08000994   0x08000994   0x00000010   Code   RO          207    .text.DMA1_Channel4_IRQHandler  stm32g4xx_it.o
    0x080009a4   0x080009a4   0x00000010   Code   RO          209    .text.DMA1_Channel5_IRQHandler  stm32g4xx_it.o
    0x080009b4   0x080009b4   0x00000010   Code   RO          211    .text.DMA1_Channel6_IRQHandler  stm32g4xx_it.o
    0x080009c4   0x080009c4   0x00000010   Code   RO          231    .text.DMA2_Channel1_IRQHandler  stm32g4xx_it.o
    0x080009d4   0x080009d4   0x00000010   Code   RO          233    .text.DMA2_Channel2_IRQHandler  stm32g4xx_it.o
    0x080009e4   0x080009e4   0x00000010   Code   RO          235    .text.DMA2_Channel3_IRQHandler  stm32g4xx_it.o
    0x080009f4   0x080009f4   0x00000010   Code   RO          237    .text.DMA2_Channel5_IRQHandler  stm32g4xx_it.o
    0x08000a04   0x08000a04   0x00000010   Code   RO          243    .text.DMA2_Channel6_IRQHandler  stm32g4xx_it.o
    0x08000a14   0x08000a14   0x00000074   Code   RO          731    .text.DMA_CalcDMAMUXChannelBaseAndMask  stm32g4xx_hal_dma.o
    0x08000a88   0x08000a88   0x0000003c   Code   RO          733    .text.DMA_CalcDMAMUXRequestGenBaseAndMask  stm32g4xx_hal_dma.o
    0x08000ac4   0x08000ac4   0x0000006e   Code   RO          739    .text.DMA_SetConfig  stm32g4xx_hal_dma.o
    0x08000b32   0x08000b32   0x00000002   PAD
    0x08000b34   0x08000b34   0x00000002   Code   RO          189    .text.DebugMon_Handler  stm32g4xx_it.o
    0x08000b36   0x08000b36   0x00000002   PAD
    0x08000b38   0x08000b38   0x0000000a   Code   RO          195    .text.EXTI0_IRQHandler  stm32g4xx_it.o
    0x08000b42   0x08000b42   0x00000002   PAD
    0x08000b44   0x08000b44   0x00000014   Code   RO          227    .text.EXTI15_10_IRQHandler  stm32g4xx_it.o
    0x08000b58   0x08000b58   0x0000000a   Code   RO          197    .text.EXTI1_IRQHandler  stm32g4xx_it.o
    0x08000b62   0x08000b62   0x00000002   PAD
    0x08000b64   0x08000b64   0x0000000a   Code   RO          199    .text.EXTI4_IRQHandler  stm32g4xx_it.o
    0x08000b6e   0x08000b6e   0x00000002   PAD
    0x08000b70   0x08000b70   0x0000000e   Code   RO           19    .text.Error_Handler  main.o
    0x08000b7e   0x08000b7e   0x00000002   PAD
    0x08000b80   0x08000b80   0x0000005c   Code   RO         2407    .text.Get_SerialNum  usbd_desc.o
    0x08000bdc   0x08000bdc   0x000000e0   Code   RO         1125    .text.HAL_ADCEx_Calibration_Start  stm32g4xx_hal_adc_ex.o
    0x08000cbc   0x08000cbc   0x00000008   Code   RO         1183    .text.HAL_ADCEx_EndOfSamplingCallback  stm32g4xx_hal_adc_ex.o
    0x08000cc4   0x08000cc4   0x00000008   Code   RO         1175    .text.HAL_ADCEx_InjectedConvCpltCallback  stm32g4xx_hal_adc_ex.o
    0x08000ccc   0x08000ccc   0x00000008   Code   RO         1177    .text.HAL_ADCEx_InjectedQueueOverflowCallback  stm32g4xx_hal_adc_ex.o
    0x08000cd4   0x08000cd4   0x00000008   Code   RO         1179    .text.HAL_ADCEx_LevelOutOfWindow2Callback  stm32g4xx_hal_adc_ex.o
    0x08000cdc   0x08000cdc   0x00000008   Code   RO         1181    .text.HAL_ADCEx_LevelOutOfWindow3Callback  stm32g4xx_hal_adc_ex.o
    0x08000ce4   0x08000ce4   0x00000176   Code   RO         1215    .text.HAL_ADCEx_MultiModeConfigChannel  stm32g4xx_hal_adc_ex.o
    0x08000e5a   0x08000e5a   0x00000002   PAD
    0x08000e5c   0x08000e5c   0x000007e8   Code   RO         1056    .text.HAL_ADC_ConfigChannel  stm32g4xx_hal_adc.o
    0x08001644   0x08001644   0x00000004   PAD
    0x08001648   0x08001648   0x000001f8   Code   RO           54    .text.HAL_ADC_ConvCpltCallback  adc.o
    0x08001840   0x08001840   0x00000008   Code   RO         1054    .text.HAL_ADC_ConvHalfCpltCallback  stm32g4xx_hal_adc.o
    0x08001848   0x08001848   0x00000008   Code   RO         1052    .text.HAL_ADC_ErrorCallback  stm32g4xx_hal_adc.o
    0x08001850   0x08001850   0x000004aa   Code   RO         1044    .text.HAL_ADC_IRQHandler  stm32g4xx_hal_adc.o
    0x08001cfa   0x08001cfa   0x00000002   PAD
    0x08001cfc   0x08001cfc   0x00000318   Code   RO          978    .text.HAL_ADC_Init  stm32g4xx_hal_adc.o
    0x08002014   0x08002014   0x00000008   Code   RO         1050    .text.HAL_ADC_LevelOutOfWindowCallback  stm32g4xx_hal_adc.o
    0x0800201c   0x0800201c   0x0000010a   Code   RO           46    .text.HAL_ADC_MspInit  adc.o
    0x08002126   0x08002126   0x00000002   PAD
    0x08002128   0x08002128   0x0000019c   Code   RO         1028    .text.HAL_ADC_Start_DMA  stm32g4xx_hal_adc.o
    0x080022c4   0x080022c4   0x0000009c   Code   RO          743    .text.HAL_DMA_Abort  stm32g4xx_hal_dma.o
    0x08002360   0x08002360   0x000000c2   Code   RO          745    .text.HAL_DMA_Abort_IT  stm32g4xx_hal_dma.o
    0x08002422   0x08002422   0x00000002   PAD
    0x08002424   0x08002424   0x00000156   Code   RO          749    .text.HAL_DMA_IRQHandler  stm32g4xx_hal_dma.o
    0x0800257a   0x0800257a   0x00000002   PAD
    0x0800257c   0x0800257c   0x00000156   Code   RO          729    .text.HAL_DMA_Init  stm32g4xx_hal_dma.o
    0x080026d2   0x080026d2   0x00000002   PAD
    0x080026d4   0x080026d4   0x000000fc   Code   RO          741    .text.HAL_DMA_Start_IT  stm32g4xx_hal_dma.o
    0x080027d0   0x080027d0   0x00000042   Code   RO          433    .text.HAL_Delay     stm32g4xx_hal.o
    0x08002812   0x08002812   0x00000002   PAD
    0x08002814   0x08002814   0x00000036   Code   RO           35    .text.HAL_GPIO_EXTI_Callback  gpio.o
    0x0800284a   0x0800284a   0x00000002   PAD
    0x0800284c   0x0800284c   0x00000038   Code   RO          693    .text.HAL_GPIO_EXTI_IRQHandler  stm32g4xx_hal_gpio.o
    0x08002884   0x08002884   0x00000368   Code   RO          681    .text.HAL_GPIO_Init  stm32g4xx_hal_gpio.o
    0x08002bec   0x08002bec   0x0000002e   Code   RO          685    .text.HAL_GPIO_ReadPin  stm32g4xx_hal_gpio.o
    0x08002c1a   0x08002c1a   0x00000002   PAD
    0x08002c1c   0x08002c1c   0x00000026   Code   RO          689    .text.HAL_GPIO_TogglePin  stm32g4xx_hal_gpio.o
    0x08002c42   0x08002c42   0x00000002   PAD
    0x08002c44   0x08002c44   0x0000002c   Code   RO          687    .text.HAL_GPIO_WritePin  stm32g4xx_hal_gpio.o
    0x08002c70   0x08002c70   0x0000000c   Code   RO          425    .text.HAL_GetTick   stm32g4xx_hal.o
    0x08002c7c   0x08002c7c   0x00000098   Code   RO         1408    .text.HAL_I2CEx_ConfigAnalogFilter  stm32g4xx_hal_i2c_ex.o
    0x08002d14   0x08002d14   0x000000a2   Code   RO         1410    .text.HAL_I2CEx_ConfigDigitalFilter  stm32g4xx_hal_i2c_ex.o
    0x08002db6   0x08002db6   0x00000002   PAD
    0x08002db8   0x08002db8   0x0000002e   Code   RO         1353    .text.HAL_I2C_EV_IRQHandler  stm32g4xx_hal_i2c.o
    0x08002de6   0x08002de6   0x00000002   PAD
    0x08002de8   0x08002de8   0x00000114   Code   RO         1239    .text.HAL_I2C_Init  stm32g4xx_hal_i2c.o
    0x08002efc   0x08002efc   0x0000021c   Code   RO         1257    .text.HAL_I2C_Master_Receive  stm32g4xx_hal_i2c.o
    0x08003118   0x08003118   0x00000252   Code   RO         1247    .text.HAL_I2C_Master_Transmit  stm32g4xx_hal_i2c.o
    0x0800336a   0x0800336a   0x00000002   PAD
    0x0800336c   0x0800336c   0x00000286   Code   RO           83    .text.HAL_I2C_MspInit  i2c.o
    0x080035f2   0x080035f2   0x00000002   PAD
    0x080035f4   0x080035f4   0x0000001a   Code   RO          423    .text.HAL_IncTick   stm32g4xx_hal.o
    0x0800360e   0x0800360e   0x00000002   PAD
    0x08003610   0x08003610   0x00000030   Code   RO          413    .text.HAL_Init      stm32g4xx_hal.o
    0x08003640   0x08003640   0x00000088   Code   RO          415    .text.HAL_InitTick  stm32g4xx_hal.o
    0x080036c8   0x080036c8   0x00000048   Code   RO          252    .text.HAL_MspInit   stm32g4xx_hal_msp.o
    0x08003710   0x08003710   0x00000014   Code   RO          919    .text.HAL_NVIC_DisableIRQ  stm32g4xx_hal_cortex.o
    0x08003724   0x08003724   0x00000014   Code   RO          915    .text.HAL_NVIC_EnableIRQ  stm32g4xx_hal_cortex.o
    0x08003738   0x08003738   0x0000002e   Code   RO          907    .text.HAL_NVIC_SetPriority  stm32g4xx_hal_cortex.o
    0x08003766   0x08003766   0x00000002   PAD
    0x08003768   0x08003768   0x00000010   Code   RO          903    .text.HAL_NVIC_SetPriorityGrouping  stm32g4xx_hal_cortex.o
    0x08003778   0x08003778   0x0000003a   Code   RO          349    .text.HAL_PCDEx_ActivateLPM  stm32g4xx_hal_pcd_ex.o
    0x080037b2   0x080037b2   0x00000002   PAD
    0x080037b4   0x080037b4   0x00000072   Code   RO         2367    .text.HAL_PCDEx_LPM_Callback  usbd_conf.o
    0x08003826   0x08003826   0x00000002   PAD
    0x08003828   0x08003828   0x0000007a   Code   RO          339    .text.HAL_PCDEx_PMAConfig  stm32g4xx_hal_pcd_ex.o
    0x080038a2   0x080038a2   0x00000002   PAD
    0x080038a4   0x080038a4   0x00000026   Code   RO         2317    .text.HAL_PCD_DataInStageCallback  usbd_conf.o
    0x080038ca   0x080038ca   0x00000002   PAD
    0x080038cc   0x080038cc   0x00000028   Code   RO         2315    .text.HAL_PCD_DataOutStageCallback  usbd_conf.o
    0x080038f4   0x080038f4   0x000000a8   Code   RO          306    .text.HAL_PCD_EP_Close  stm32g4xx_hal_pcd.o
    0x0800399c   0x0800399c   0x000000c8   Code   RO          316    .text.HAL_PCD_EP_ClrStall  stm32g4xx_hal_pcd.o
    0x08003a64   0x08003a64   0x000001f8   Code   RO          328    .text.HAL_PCD_EP_DB_Receive  stm32g4xx_hal_pcd.o
    0x08003c5c   0x08003c5c   0x000007ee   Code   RO          330    .text.HAL_PCD_EP_DB_Transmit  stm32g4xx_hal_pcd.o
    0x0800444a   0x0800444a   0x00000002   PAD
    0x0800444c   0x0800444c   0x00000022   Code   RO          310    .text.HAL_PCD_EP_GetRxCount  stm32g4xx_hal_pcd.o
    0x0800446e   0x0800446e   0x00000002   PAD
    0x08004470   0x08004470   0x000000de   Code   RO          304    .text.HAL_PCD_EP_Open  stm32g4xx_hal_pcd.o
    0x0800454e   0x0800454e   0x00000002   PAD
    0x08004550   0x08004550   0x0000005a   Code   RO          308    .text.HAL_PCD_EP_Receive  stm32g4xx_hal_pcd.o
    0x080045aa   0x080045aa   0x00000002   PAD
    0x080045ac   0x080045ac   0x000000c4   Code   RO          314    .text.HAL_PCD_EP_SetStall  stm32g4xx_hal_pcd.o
    0x08004670   0x08004670   0x00000066   Code   RO          312    .text.HAL_PCD_EP_Transmit  stm32g4xx_hal_pcd.o
    0x080046d6   0x080046d6   0x00000002   PAD
    0x080046d8   0x080046d8   0x000001e8   Code   RO          272    .text.HAL_PCD_IRQHandler  stm32g4xx_hal_pcd.o
    0x080048c0   0x080048c0   0x00000194   Code   RO          260    .text.HAL_PCD_Init  stm32g4xx_hal_pcd.o
    0x08004a54   0x08004a54   0x00000084   Code   RO         2309    .text.HAL_PCD_MspInit  usbd_conf.o
    0x08004ad8   0x08004ad8   0x00000038   Code   RO         2321    .text.HAL_PCD_ResetCallback  usbd_conf.o
    0x08004b10   0x08004b10   0x00000032   Code   RO         2325    .text.HAL_PCD_ResumeCallback  usbd_conf.o
    0x08004b42   0x08004b42   0x00000002   PAD
    0x08004b44   0x08004b44   0x00000014   Code   RO         2319    .text.HAL_PCD_SOFCallback  usbd_conf.o
    0x08004b58   0x08004b58   0x0000005c   Code   RO          278    .text.HAL_PCD_SetAddress  stm32g4xx_hal_pcd.o
    0x08004bb4   0x08004bb4   0x00000018   Code   RO         2313    .text.HAL_PCD_SetupStageCallback  usbd_conf.o
    0x08004bcc   0x08004bcc   0x00000054   Code   RO          268    .text.HAL_PCD_Start  stm32g4xx_hal_pcd.o
    0x08004c20   0x08004c20   0x0000002e   Code   RO         2323    .text.HAL_PCD_SuspendCallback  usbd_conf.o
    0x08004c4e   0x08004c4e   0x00000002   PAD
    0x08004c50   0x08004c50   0x000001b4   Code   RO          824    .text.HAL_PWREx_ControlVoltageScaling  stm32g4xx_hal_pwr_ex.o
    0x08004e04   0x08004e04   0x00000012   Code   RO          894    .text.HAL_PWREx_DisableUCPDDeadBattery  stm32g4xx_hal_pwr_ex.o
    0x08004e16   0x08004e16   0x00000002   PAD
    0x08004e18   0x08004e18   0x00000012   Code   RO          785    .text.HAL_PWR_EnableBkUpAccess  stm32g4xx_hal_pwr.o
    0x08004e2a   0x08004e2a   0x00000002   PAD
    0x08004e2c   0x08004e2c   0x0000045a   Code   RO          538    .text.HAL_RCCEx_PeriphCLKConfig  stm32g4xx_hal_rcc_ex.o
    0x08005286   0x08005286   0x00000002   PAD
    0x08005288   0x08005288   0x00000326   Code   RO          503    .text.HAL_RCC_ClockConfig  stm32g4xx_hal_rcc.o
    0x080055ae   0x080055ae   0x00000002   PAD
    0x080055b0   0x080055b0   0x0000000c   Code   RO          511    .text.HAL_RCC_GetHCLKFreq  stm32g4xx_hal_rcc.o
    0x080055bc   0x080055bc   0x00000026   Code   RO          513    .text.HAL_RCC_GetPCLK1Freq  stm32g4xx_hal_rcc.o
    0x080055e2   0x080055e2   0x00000002   PAD
    0x080055e4   0x080055e4   0x00000026   Code   RO          515    .text.HAL_RCC_GetPCLK2Freq  stm32g4xx_hal_rcc.o
    0x0800560a   0x0800560a   0x00000002   PAD
    0x0800560c   0x0800560c   0x000000fc   Code   RO          507    .text.HAL_RCC_GetSysClockFreq  stm32g4xx_hal_rcc.o
    0x08005708   0x08005708   0x000007b6   Code   RO          501    .text.HAL_RCC_OscConfig  stm32g4xx_hal_rcc.o
    0x08005ebe   0x08005ebe   0x00000002   PAD
    0x08005ec0   0x08005ec0   0x0000010c   Code   RO         1620    .text.HAL_RTC_Init  stm32g4xx_hal_rtc.o
    0x08005fcc   0x08005fcc   0x00000070   Code   RO          126    .text.HAL_RTC_MspInit  rtc.o
    0x0800603c   0x0800603c   0x0000012c   Code   RO         1642    .text.HAL_RTC_SetDate  stm32g4xx_hal_rtc.o
    0x08006168   0x08006168   0x0000015e   Code   RO         1634    .text.HAL_RTC_SetTime  stm32g4xx_hal_rtc.o
    0x080062c6   0x080062c6   0x00000002   PAD
    0x080062c8   0x080062c8   0x00000052   Code   RO         1630    .text.HAL_RTC_WaitForSynchro  stm32g4xx_hal_rtc.o
    0x0800631a   0x0800631a   0x00000002   PAD
    0x0800631c   0x0800631c   0x00000008   Code   RO         1862    .text.HAL_SPI_ErrorCallback  stm32g4xx_hal_spi.o
    0x08006324   0x08006324   0x0000000e   Code   RO         1876    .text.HAL_SPI_GetState  stm32g4xx_hal_spi.o
    0x08006332   0x08006332   0x00000002   PAD
    0x08006334   0x08006334   0x00000230   Code   RO         1858    .text.HAL_SPI_IRQHandler  stm32g4xx_hal_spi.o
    0x08006564   0x08006564   0x00000150   Code   RO         1774    .text.HAL_SPI_Init  stm32g4xx_hal_spi.o
    0x080066b4   0x080066b4   0x000001be   Code   RO          142    .text.HAL_SPI_MspInit  spi.o
    0x08006872   0x08006872   0x00000002   PAD
    0x08006874   0x08006874   0x000002f8   Code   RO         1782    .text.HAL_SPI_Transmit  stm32g4xx_hal_spi.o
    0x08006b6c   0x08006b6c   0x00000010   Code   RO          927    .text.HAL_SYSTICK_Config  stm32g4xx_hal_cortex.o
    0x08006b7c   0x08006b7c   0x00000008   Code   RO         2274    .text.HAL_TIMEx_Break2Callback  stm32g4xx_hal_tim_ex.o
    0x08006b84   0x08006b84   0x00000008   Code   RO         2272    .text.HAL_TIMEx_BreakCallback  stm32g4xx_hal_tim_ex.o
    0x08006b8c   0x08006b8c   0x00000008   Code   RO         2268    .text.HAL_TIMEx_CommutCallback  stm32g4xx_hal_tim_ex.o
    0x08006b94   0x08006b94   0x00000008   Code   RO         2278    .text.HAL_TIMEx_DirectionChangeCallback  stm32g4xx_hal_tim_ex.o
    0x08006b9c   0x08006b9c   0x00000008   Code   RO         2276    .text.HAL_TIMEx_EncoderIndexCallback  stm32g4xx_hal_tim_ex.o
    0x08006ba4   0x08006ba4   0x00000008   Code   RO         2280    .text.HAL_TIMEx_IndexErrorCallback  stm32g4xx_hal_tim_ex.o
    0x08006bac   0x08006bac   0x0000013e   Code   RO         2218    .text.HAL_TIMEx_MasterConfigSynchronization  stm32g4xx_hal_tim_ex.o
    0x08006cea   0x08006cea   0x00000002   PAD
    0x08006cec   0x08006cec   0x00000008   Code   RO         2282    .text.HAL_TIMEx_TransitionErrorCallback  stm32g4xx_hal_tim_ex.o
    0x08006cf4   0x08006cf4   0x000000a8   Code   RO         1901    .text.HAL_TIM_Base_Init  stm32g4xx_hal_tim.o
    0x08006d9c   0x08006d9c   0x0000007c   Code   RO          161    .text.HAL_TIM_Base_MspInit  tim.o
    0x08006e18   0x08006e18   0x000000e2   Code   RO         1915    .text.HAL_TIM_Base_Start_IT  stm32g4xx_hal_tim.o
    0x08006efa   0x08006efa   0x00000002   PAD
    0x08006efc   0x08006efc   0x000001d4   Code   RO         2097    .text.HAL_TIM_ConfigClockSource  stm32g4xx_hal_tim.o
    0x080070d0   0x080070d0   0x00000008   Code   RO         2037    .text.HAL_TIM_IC_CaptureCallback  stm32g4xx_hal_tim.o
    0x080070d8   0x080070d8   0x00000300   Code   RO         2035    .text.HAL_TIM_IRQHandler  stm32g4xx_hal_tim.o
    0x080073d8   0x080073d8   0x00000008   Code   RO         2039    .text.HAL_TIM_OC_DelayElapsedCallback  stm32g4xx_hal_tim.o
    0x080073e0   0x080073e0   0x00000008   Code   RO         2041    .text.HAL_TIM_PWM_PulseFinishedCallback  stm32g4xx_hal_tim.o
    0x080073e8   0x080073e8   0x000000b2   Code   RO          165    .text.HAL_TIM_PeriodElapsedCallback  tim.o
    0x0800749a   0x0800749a   0x00000002   PAD
    0x0800749c   0x0800749c   0x00000008   Code   RO         2045    .text.HAL_TIM_TriggerCallback  stm32g4xx_hal_tim.o
    0x080074a4   0x080074a4   0x0000007c   Code   RO         1597    .text.HAL_UARTEx_DisableFifoMode  stm32g4xx_hal_uart_ex.o
    0x08007520   0x08007520   0x0000000c   Code   RO         1521    .text.HAL_UARTEx_RxEventCallback  stm32g4xx_hal_uart.o
    0x0800752c   0x0800752c   0x00000008   Code   RO         1579    .text.HAL_UARTEx_RxFifoFullCallback  stm32g4xx_hal_uart_ex.o
    0x08007534   0x08007534   0x0000008c   Code   RO         1601    .text.HAL_UARTEx_SetRxFifoThreshold  stm32g4xx_hal_uart_ex.o
    0x080075c0   0x080075c0   0x0000008c   Code   RO         1599    .text.HAL_UARTEx_SetTxFifoThreshold  stm32g4xx_hal_uart_ex.o
    0x0800764c   0x0800764c   0x00000008   Code   RO         1581    .text.HAL_UARTEx_TxFifoEmptyCallback  stm32g4xx_hal_uart_ex.o
    0x08007654   0x08007654   0x00000008   Code   RO         1577    .text.HAL_UARTEx_WakeupCallback  stm32g4xx_hal_uart_ex.o
    0x0800765c   0x0800765c   0x00000008   Code   RO         1519    .text.HAL_UART_ErrorCallback  stm32g4xx_hal_uart.o
    0x08007664   0x08007664   0x00000596   Code   RO         1515    .text.HAL_UART_IRQHandler  stm32g4xx_hal_uart.o
    0x08007bfa   0x08007bfa   0x00000002   PAD
    0x08007bfc   0x08007bfc   0x000000aa   Code   RO         1427    .text.HAL_UART_Init  stm32g4xx_hal_uart.o
    0x08007ca6   0x08007ca6   0x00000002   PAD
    0x08007ca8   0x08007ca8   0x0000031a   Code   RO          106    .text.HAL_UART_MspInit  usart.o
    0x08007fc2   0x08007fc2   0x00000002   PAD
    0x08007fc4   0x08007fc4   0x00000008   Code   RO         1525    .text.HAL_UART_TxCpltCallback  stm32g4xx_hal_uart.o
    0x08007fcc   0x08007fcc   0x00000004   Code   RO          179    .text.HardFault_Handler  stm32g4xx_it.o
    0x08007fd0   0x08007fd0   0x00000010   Code   RO          221    .text.I2C2_EV_IRQHandler  stm32g4xx_it.o
    0x08007fe0   0x08007fe0   0x00000010   Code   RO          241    .text.I2C3_EV_IRQHandler  stm32g4xx_it.o
    0x08007ff0   0x08007ff0   0x00000040   Code   RO         1263    .text.I2C_Flush_TXDR  stm32g4xx_hal_i2c.o
    0x08008030   0x08008030   0x000001fe   Code   RO         1399    .text.I2C_IsErrorOccurred  stm32g4xx_hal_i2c.o
    0x0800822e   0x0800822e   0x00000002   PAD
    0x08008230   0x08008230   0x00000054   Code   RO         1251    .text.I2C_TransferConfig  stm32g4xx_hal_i2c.o
    0x08008284   0x08008284   0x000000c4   Code   RO         1249    .text.I2C_WaitOnFlagUntilTimeout  stm32g4xx_hal_i2c.o
    0x08008348   0x08008348   0x00000168   Code   RO         1259    .text.I2C_WaitOnRXNEFlagUntilTimeout  stm32g4xx_hal_i2c.o
    0x080084b0   0x080084b0   0x000000a2   Code   RO         1255    .text.I2C_WaitOnSTOPFlagUntilTimeout  stm32g4xx_hal_i2c.o
    0x08008552   0x08008552   0x00000002   PAD
    0x08008554   0x08008554   0x000000ac   Code   RO         1253    .text.I2C_WaitOnTXISFlagUntilTimeout  stm32g4xx_hal_i2c.o
    0x08008600   0x08008600   0x0000007a   Code   RO         2409    .text.IntToUnicode  usbd_desc.o
    0x0800867a   0x0800867a   0x00000002   PAD
    0x0800867c   0x0800867c   0x00000052   Code   RO         2637    .text.LCD_Address_Set  lcd_init.o
    0x080086ce   0x080086ce   0x00000002   PAD
    0x080086d0   0x080086d0   0x000000b4   Code   RO         2596    .text.LCD_DrawArea  lcd.o
    0x08008784   0x08008784   0x00000090   Code   RO         2594    .text.LCD_Fill      lcd.o
    0x08008814   0x08008814   0x00000210   Code   RO         2639    .text.LCD_Init      lcd_init.o
    0x08008a24   0x08008a24   0x0000002c   Code   RO         2633    .text.LCD_WR_DATA   lcd_init.o
    0x08008a50   0x08008a50   0x00000024   Code   RO         2631    .text.LCD_WR_DATA8  lcd_init.o
    0x08008a74   0x08008a74   0x00000024   Code   RO         2635    .text.LCD_WR_REG    lcd_init.o
    0x08008a98   0x08008a98   0x0000005e   Code   RO         2629    .text.LCD_Writ_Bus  lcd_init.o
    0x08008af6   0x08008af6   0x00000002   PAD
    0x08008af8   0x08008af8   0x0000001c   Code   RO         1116    .text.LL_ADC_Disable  stm32g4xx_hal_adc.o
    0x08008b14   0x08008b14   0x00000018   Code   RO          984    .text.LL_ADC_DisableDeepPowerDown  stm32g4xx_hal_adc.o
    0x08008b2c   0x08008b2c   0x0000001c   Code   RO         1114    .text.LL_ADC_Enable  stm32g4xx_hal_adc.o
    0x08008b48   0x08008b48   0x0000001e   Code   RO          988    .text.LL_ADC_EnableInternalRegulator  stm32g4xx_hal_adc.o
    0x08008b66   0x08008b66   0x00000002   PAD
    0x08008b68   0x08008b68   0x00000010   Code   RO         1076    .text.LL_ADC_GetCommonPathInternalCh  stm32g4xx_hal_adc.o
    0x08008b78   0x08008b78   0x00000010   Code   RO         1018    .text.LL_ADC_GetMultiDMATransfer  stm32g4xx_hal_adc.o
    0x08008b88   0x08008b88   0x00000010   Code   RO         1008    .text.LL_ADC_GetMultimode  stm32g4xx_hal_adc.o
    0x08008b98   0x08008b98   0x0000001e   Code   RO         1070    .text.LL_ADC_GetOffsetChannel  stm32g4xx_hal_adc.o
    0x08008bb6   0x08008bb6   0x00000002   PAD
    0x08008bb8   0x08008bb8   0x00000010   Code   RO          996    .text.LL_ADC_INJ_IsConversionOngoing  stm32g4xx_hal_adc.o
    0x08008bc8   0x08008bc8   0x00000016   Code   RO         1048    .text.LL_ADC_INJ_IsTriggerSourceSWStart  stm32g4xx_hal_adc.o
    0x08008bde   0x08008bde   0x00000002   PAD
    0x08008be0   0x08008be0   0x0000000e   Code   RO         1129    .text.LL_ADC_IsCalibrationOnGoing  stm32g4xx_hal_adc_ex.o
    0x08008bee   0x08008bee   0x00000002   PAD
    0x08008bf0   0x08008bf0   0x00000010   Code   RO          982    .text.LL_ADC_IsDeepPowerDownEnabled  stm32g4xx_hal_adc.o
    0x08008c00   0x08008c00   0x00000010   Code   RO         1108    .text.LL_ADC_IsDisableOngoing  stm32g4xx_hal_adc.o
    0x08008c10   0x08008c10   0x00000010   Code   RO          992    .text.LL_ADC_IsEnabled  stm32g4xx_hal_adc.o
    0x08008c20   0x08008c20   0x00000010   Code   RO         1141    .text.LL_ADC_IsEnabled  stm32g4xx_hal_adc_ex.o
    0x08008c30   0x08008c30   0x00000010   Code   RO          986    .text.LL_ADC_IsInternalRegulatorEnabled  stm32g4xx_hal_adc.o
    0x08008c40   0x08008c40   0x00000010   Code   RO          990    .text.LL_ADC_REG_IsConversionOngoing  stm32g4xx_hal_adc.o
    0x08008c50   0x08008c50   0x00000010   Code   RO         1137    .text.LL_ADC_REG_IsConversionOngoing  stm32g4xx_hal_adc_ex.o
    0x08008c60   0x08008c60   0x00000016   Code   RO         1020    .text.LL_ADC_REG_IsTriggerSourceSWStart  stm32g4xx_hal_adc.o
    0x08008c76   0x08008c76   0x00000002   PAD
    0x08008c78   0x08008c78   0x0000003a   Code   RO         1058    .text.LL_ADC_REG_SetSequencerRanks  stm32g4xx_hal_adc.o
    0x08008cb2   0x08008cb2   0x00000002   PAD
    0x08008cb4   0x08008cb4   0x0000001c   Code   RO         1012    .text.LL_ADC_REG_StartConversion  stm32g4xx_hal_adc.o
    0x08008cd0   0x08008cd0   0x00000036   Code   RO         1060    .text.LL_ADC_SetChannelSamplingTime  stm32g4xx_hal_adc.o
    0x08008d06   0x08008d06   0x00000002   PAD
    0x08008d08   0x08008d08   0x00000034   Code   RO         1074    .text.LL_ADC_SetChannelSingleDiff  stm32g4xx_hal_adc.o
    0x08008d3c   0x08008d3c   0x0000001a   Code   RO          994    .text.LL_ADC_SetCommonClock  stm32g4xx_hal_adc.o
    0x08008d56   0x08008d56   0x00000002   PAD
    0x08008d58   0x08008d58   0x0000001a   Code   RO         1078    .text.LL_ADC_SetCommonPathInternalCh  stm32g4xx_hal_adc.o
    0x08008d72   0x08008d72   0x00000002   PAD
    0x08008d74   0x08008d74   0x0000003c   Code   RO         1064    .text.LL_ADC_SetOffset  stm32g4xx_hal_adc.o
    0x08008db0   0x08008db0   0x00000028   Code   RO         1068    .text.LL_ADC_SetOffsetSaturation  stm32g4xx_hal_adc.o
    0x08008dd8   0x08008dd8   0x00000028   Code   RO         1066    .text.LL_ADC_SetOffsetSign  stm32g4xx_hal_adc.o
    0x08008e00   0x08008e00   0x00000028   Code   RO         1072    .text.LL_ADC_SetOffsetState  stm32g4xx_hal_adc.o
    0x08008e28   0x08008e28   0x0000001a   Code   RO         1062    .text.LL_ADC_SetSamplingTimeCommonConfig  stm32g4xx_hal_adc.o
    0x08008e42   0x08008e42   0x00000002   PAD
    0x08008e44   0x08008e44   0x00000028   Code   RO         1127    .text.LL_ADC_StartCalibration  stm32g4xx_hal_adc_ex.o
    0x08008e6c   0x08008e6c   0x00000010   Code   RO          239    .text.LPUART1_IRQHandler  stm32g4xx_it.o
    0x08008e7c   0x08008e7c   0x0000010c   Code   RO           44    .text.MX_ADC1_Init  adc.o
    0x08008f88   0x08008f88   0x0000012a   Code   RO           71    .text.MX_DMA_Init   dma.o
    0x080090b2   0x080090b2   0x00000002   PAD
    0x080090b4   0x080090b4   0x00000206   Code   RO           33    .text.MX_GPIO_Init  gpio.o
    0x080092ba   0x080092ba   0x00000002   PAD
    0x080092bc   0x080092bc   0x00000076   Code   RO           79    .text.MX_I2C2_Init  i2c.o
    0x08009332   0x08009332   0x00000002   PAD
    0x08009334   0x08009334   0x00000076   Code   RO           81    .text.MX_I2C3_Init  i2c.o
    0x080093aa   0x080093aa   0x00000002   PAD
    0x080093ac   0x080093ac   0x0000008a   Code   RO          100    .text.MX_LPUART1_UART_Init  usart.o
    0x08009436   0x08009436   0x00000002   PAD
    0x08009438   0x08009438   0x000000ac   Code   RO          124    .text.MX_RTC_Init   rtc.o
    0x080094e4   0x080094e4   0x0000005e   Code   RO          138    .text.MX_SPI1_Init  spi.o
    0x08009542   0x08009542   0x00000002   PAD
    0x08009544   0x08009544   0x00000056   Code   RO          140    .text.MX_SPI3_Init  spi.o
    0x0800959a   0x0800959a   0x00000002   PAD
    0x0800959c   0x0800959c   0x0000008a   Code   RO          157    .text.MX_TIM1_Init  tim.o
    0x08009626   0x08009626   0x00000002   PAD
    0x08009628   0x08009628   0x00000084   Code   RO          159    .text.MX_TIM2_Init  tim.o
    0x080096ac   0x080096ac   0x0000008e   Code   RO          102    .text.MX_USART2_UART_Init  usart.o
    0x0800973a   0x0800973a   0x00000002   PAD
    0x0800973c   0x0800973c   0x0000008e   Code   RO          104    .text.MX_USART3_UART_Init  usart.o
    0x080097ca   0x080097ca   0x00000002   PAD
    0x080097cc   0x080097cc   0x00000076   Code   RO         2384    .text.MX_USB_Device_Init  usb_device.o
    0x08009842   0x08009842   0x00000002   PAD
    0x08009844   0x08009844   0x00000004   Code   RO          181    .text.MemManage_Handler  stm32g4xx_it.o
    0x08009848   0x08009848   0x00000004   Code   RO          177    .text.NMI_Handler   stm32g4xx_it.o
    0x0800984c   0x0800984c   0x0000006c   Code   RO          913    .text.NVIC_EncodePriority  stm32g4xx_hal_cortex.o
    0x080098b8   0x080098b8   0x00000650   Code   RO          274    .text.PCD_EP_ISR_Handler  stm32g4xx_hal_pcd.o
    0x08009f08   0x08009f08   0x00000002   Code   RO          191    .text.PendSV_Handler  stm32g4xx_it.o
    0x08009f0a   0x08009f0a   0x00000002   PAD
    0x08009f0c   0x08009f0c   0x0000009c   Code   RO          505    .text.RCC_GetSysClockFreqFromPLLSource  stm32g4xx_hal_rcc.o
    0x08009fa8   0x08009fa8   0x00000042   Code   RO         1636    .text.RTC_ByteToBcd2  stm32g4xx_hal_rtc.o
    0x08009fea   0x08009fea   0x00000002   PAD
    0x08009fec   0x08009fec   0x00000080   Code   RO         1624    .text.RTC_EnterInitMode  stm32g4xx_hal_rtc.o
    0x0800a06c   0x0800a06c   0x0000007a   Code   RO         1626    .text.RTC_ExitInitMode  stm32g4xx_hal_rtc.o
    0x0800a0e6   0x0800a0e6   0x00000002   PAD
    0x0800a0e8   0x0800a0e8   0x00000010   Code   RO          223    .text.SPI1_IRQHandler  stm32g4xx_it.o
    0x0800a0f8   0x0800a0f8   0x00000010   Code   RO          229    .text.SPI3_IRQHandler  stm32g4xx_it.o
    0x0800a108   0x0800a108   0x00000022   Code   RO         1860    .text.SPI_DMAAbortOnError  stm32g4xx_hal_spi.o
    0x0800a12a   0x0800a12a   0x00000002   PAD
    0x0800a12c   0x0800a12c   0x00000096   Code   RO         1784    .text.SPI_EndRxTxTransaction  stm32g4xx_hal_spi.o
    0x0800a1c2   0x0800a1c2   0x00000002   PAD
    0x0800a1c4   0x0800a1c4   0x0000014c   Code   RO         1840    .text.SPI_WaitFifoStateUntilTimeout  stm32g4xx_hal_spi.o
    0x0800a310   0x0800a310   0x0000012a   Code   RO         1842    .text.SPI_WaitFlagStateUntilTimeout  stm32g4xx_hal_spi.o
    0x0800a43a   0x0800a43a   0x00000002   PAD
    0x0800a43c   0x0800a43c   0x00000002   Code   RO          187    .text.SVC_Handler   stm32g4xx_it.o
    0x0800a43e   0x0800a43e   0x00000002   PAD
    0x0800a440   0x0800a440   0x00000036   Code   RO         2517    .text.SWAPBYTE      usbd_ctlreq.o
    0x0800a476   0x0800a476   0x00000002   PAD
    0x0800a478   0x0800a478   0x00000052   Code   RO          929    .text.SysTick_Config  stm32g4xx_hal_cortex.o
    0x0800a4ca   0x0800a4ca   0x00000002   PAD
    0x0800a4cc   0x0800a4cc   0x00000008   Code   RO          193    .text.SysTick_Handler  stm32g4xx_it.o
    0x0800a4d4   0x0800a4d4   0x00000008   Code   RO         2327    .text.SystemClockConfig_Resume  usbd_conf.o
    0x0800a4dc   0x0800a4dc   0x00000092   Code   RO           13    .text.SystemClock_Config  main.o
    0x0800a56e   0x0800a56e   0x00000002   PAD
    0x0800a570   0x0800a570   0x00000012   Code   RO         2295    .text.SystemInit    system_stm32g4xx.o
    0x0800a582   0x0800a582   0x00000002   PAD
    0x0800a584   0x0800a584   0x00000010   Code   RO          219    .text.TIM2_IRQHandler  stm32g4xx_it.o
    0x0800a594   0x0800a594   0x00000196   Code   RO         1905    .text.TIM_Base_SetConfig  stm32g4xx_hal_tim.o
    0x0800a72a   0x0800a72a   0x00000002   PAD
    0x0800a72c   0x0800a72c   0x00000034   Code   RO         2095    .text.TIM_ETR_SetConfig  stm32g4xx_hal_tim.o
    0x0800a760   0x0800a760   0x00000030   Code   RO         2101    .text.TIM_ITRx_SetConfig  stm32g4xx_hal_tim.o
    0x0800a790   0x0800a790   0x00000050   Code   RO         2099    .text.TIM_TI1_ConfigInputStage  stm32g4xx_hal_tim.o
    0x0800a7e0   0x0800a7e0   0x00000052   Code   RO         2103    .text.TIM_TI2_ConfigInputStage  stm32g4xx_hal_tim.o
    0x0800a832   0x0800a832   0x00000002   PAD
    0x0800a834   0x0800a834   0x000000bc   Code   RO         2743    .text.TMP102_ReadTemperature  tmp102.o
    0x0800a8f0   0x0800a8f0   0x00000086   Code   RO         1595    .text.UARTEx_SetNbDataToProcess  stm32g4xx_hal_uart_ex.o
    0x0800a976   0x0800a976   0x00000002   PAD
    0x0800a978   0x0800a978   0x00000148   Code   RO         1431    .text.UART_AdvFeatureConfig  stm32g4xx_hal_uart.o
    0x0800aac0   0x0800aac0   0x00000146   Code   RO         1435    .text.UART_CheckIdleState  stm32g4xx_hal_uart.o
    0x0800ac06   0x0800ac06   0x00000002   PAD
    0x0800ac08   0x0800ac08   0x0000001e   Code   RO         1517    .text.UART_DMAAbortOnError  stm32g4xx_hal_uart.o
    0x0800ac26   0x0800ac26   0x00000002   PAD
    0x0800ac28   0x0800ac28   0x0000009e   Code   RO         1487    .text.UART_EndRxTransfer  stm32g4xx_hal_uart.o
    0x0800acc6   0x0800acc6   0x00000002   PAD
    0x0800acc8   0x0800acc8   0x00000044   Code   RO         1523    .text.UART_EndTransmit_IT  stm32g4xx_hal_uart.o
    0x0800ad0c   0x0800ad0c   0x00000570   Code   RO         1433    .text.UART_SetConfig  stm32g4xx_hal_uart.o
    0x0800b27c   0x0800b27c   0x0000010c   Code   RO         1449    .text.UART_WaitOnFlagUntilTimeout  stm32g4xx_hal_uart.o
    0x0800b388   0x0800b388   0x00000010   Code   RO          225    .text.USART3_IRQHandler  stm32g4xx_it.o
    0x0800b398   0x0800b398   0x0000004e   Code   RO         2403    .text.USBD_CDC_ConfigStrDescriptor  usbd_desc.o
    0x0800b3e6   0x0800b3e6   0x00000002   PAD
    0x0800b3e8   0x0800b3e8   0x000000c4   Code   RO         2560    .text.USBD_CDC_DataIn  usbd_cdc.o
    0x0800b4ac   0x0800b4ac   0x00000058   Code   RO         2562    .text.USBD_CDC_DataOut  usbd_cdc.o
    0x0800b504   0x0800b504   0x0000006e   Code   RO         2554    .text.USBD_CDC_DeInit  usbd_cdc.o
    0x0800b572   0x0800b572   0x00000002   PAD
    0x0800b574   0x0800b574   0x0000001a   Code   RO         2393    .text.USBD_CDC_DeviceDescriptor  usbd_desc.o
    0x0800b58e   0x0800b58e   0x00000002   PAD
    0x0800b590   0x0800b590   0x00000060   Code   RO         2558    .text.USBD_CDC_EP0_RxReady  usbd_cdc.o
    0x0800b5f0   0x0800b5f0   0x00000016   Code   RO         2570    .text.USBD_CDC_GetDeviceQualifierDescriptor  usbd_cdc.o
    0x0800b606   0x0800b606   0x00000002   PAD
    0x0800b608   0x0800b608   0x00000016   Code   RO         2566    .text.USBD_CDC_GetFSCfgDesc  usbd_cdc.o
    0x0800b61e   0x0800b61e   0x00000002   PAD
    0x0800b620   0x0800b620   0x00000016   Code   RO         2564    .text.USBD_CDC_GetHSCfgDesc  usbd_cdc.o
    0x0800b636   0x0800b636   0x00000002   PAD
    0x0800b638   0x0800b638   0x00000016   Code   RO         2568    .text.USBD_CDC_GetOtherSpeedCfgDesc  usbd_cdc.o
    0x0800b64e   0x0800b64e   0x00000002   PAD
    0x0800b650   0x0800b650   0x0000010e   Code   RO         2552    .text.USBD_CDC_Init  usbd_cdc.o
    0x0800b75e   0x0800b75e   0x00000002   PAD
    0x0800b760   0x0800b760   0x0000004e   Code   RO         2405    .text.USBD_CDC_InterfaceStrDescriptor  usbd_desc.o
    0x0800b7ae   0x0800b7ae   0x00000002   PAD
    0x0800b7b0   0x0800b7b0   0x0000001a   Code   RO         2395    .text.USBD_CDC_LangIDStrDescriptor  usbd_desc.o
    0x0800b7ca   0x0800b7ca   0x00000002   PAD
    0x0800b7cc   0x0800b7cc   0x00000028   Code   RO         2397    .text.USBD_CDC_ManufacturerStrDescriptor  usbd_desc.o
    0x0800b7f4   0x0800b7f4   0x0000004e   Code   RO         2399    .text.USBD_CDC_ProductStrDescriptor  usbd_desc.o
    0x0800b842   0x0800b842   0x00000002   PAD
    0x0800b844   0x0800b844   0x0000005e   Code   RO         2580    .text.USBD_CDC_ReceivePacket  usbd_cdc.o
    0x0800b8a2   0x0800b8a2   0x00000002   PAD
    0x0800b8a4   0x0800b8a4   0x0000002c   Code   RO         2572    .text.USBD_CDC_RegisterInterface  usbd_cdc.o
    0x0800b8d0   0x0800b8d0   0x00000020   Code   RO         2401    .text.USBD_CDC_SerialStrDescriptor  usbd_desc.o
    0x0800b8f0   0x0800b8f0   0x00000034   Code   RO         2576    .text.USBD_CDC_SetRxBuffer  usbd_cdc.o
    0x0800b924   0x0800b924   0x0000003e   Code   RO         2574    .text.USBD_CDC_SetTxBuffer  usbd_cdc.o
    0x0800b962   0x0800b962   0x00000002   PAD
    0x0800b964   0x0800b964   0x0000019c   Code   RO         2556    .text.USBD_CDC_Setup  usbd_cdc.o
    0x0800bb00   0x0800bb00   0x0000002a   Code   RO         2460    .text.USBD_ClrClassConfig  usbd_core.o
    0x0800bb2a   0x0800bb2a   0x00000002   PAD
    0x0800bb2c   0x0800bb2c   0x00000040   Code   RO         2507    .text.USBD_ClrFeature  usbd_ctlreq.o
    0x0800bb6c   0x0800bb6c   0x0000001e   Code   RO         2537    .text.USBD_CtlContinueRx  usbd_ioreq.o
    0x0800bb8a   0x0800bb8a   0x00000002   PAD
    0x0800bb8c   0x0800bb8c   0x0000001e   Code   RO         2533    .text.USBD_CtlContinueSendData  usbd_ioreq.o
    0x0800bbaa   0x0800bbaa   0x00000002   PAD
    0x0800bbac   0x0800bbac   0x0000001c   Code   RO         2509    .text.USBD_CtlError  usbd_ctlreq.o
    0x0800bbc8   0x0800bbc8   0x00000036   Code   RO         2535    .text.USBD_CtlPrepareRx  usbd_ioreq.o
    0x0800bbfe   0x0800bbfe   0x00000002   PAD
    0x0800bc00   0x0800bc00   0x00000022   Code   RO         2541    .text.USBD_CtlReceiveStatus  usbd_ioreq.o
    0x0800bc22   0x0800bc22   0x00000002   PAD
    0x0800bc24   0x0800bc24   0x00000032   Code   RO         2531    .text.USBD_CtlSendData  usbd_ioreq.o
    0x0800bc56   0x0800bc56   0x00000002   PAD
    0x0800bc58   0x0800bc58   0x00000022   Code   RO         2539    .text.USBD_CtlSendStatus  usbd_ioreq.o
    0x0800bc7a   0x0800bc7a   0x00000002   PAD
    0x0800bc7c   0x0800bc7c   0x00000064   Code   RO         2501    .text.USBD_GetConfig  usbd_ctlreq.o
    0x0800bce0   0x0800bce0   0x0000031e   Code   RO         2495    .text.USBD_GetDescriptor  usbd_ctlreq.o
    0x0800bffe   0x0800bffe   0x00000002   PAD
    0x0800c000   0x0800c000   0x00000032   Code   RO         2521    .text.USBD_GetLen   usbd_ctlreq.o
    0x0800c032   0x0800c032   0x00000002   PAD
    0x0800c034   0x0800c034   0x00000062   Code   RO         2503    .text.USBD_GetStatus  usbd_ctlreq.o
    0x0800c096   0x0800c096   0x00000002   PAD
    0x0800c098   0x0800c098   0x00000098   Code   RO         2519    .text.USBD_GetString  usbd_ctlreq.o
    0x0800c130   0x0800c130   0x00000052   Code   RO         2341    .text.USBD_Get_USB_Status  usbd_conf.o
    0x0800c182   0x0800c182   0x00000002   PAD
    0x0800c184   0x0800c184   0x0000006a   Code   RO         2446    .text.USBD_Init     usbd_core.o
    0x0800c1ee   0x0800c1ee   0x00000002   PAD
    0x0800c1f0   0x0800c1f0   0x0000003a   Code   RO         2355    .text.USBD_LL_ClearStallEP  usbd_conf.o
    0x0800c22a   0x0800c22a   0x00000002   PAD
    0x0800c22c   0x0800c22c   0x0000003a   Code   RO         2349    .text.USBD_LL_CloseEP  usbd_conf.o
    0x0800c266   0x0800c266   0x00000002   PAD
    0x0800c268   0x0800c268   0x0000014c   Code   RO         2466    .text.USBD_LL_DataInStage  usbd_core.o
    0x0800c3b4   0x0800c3b4   0x000000f6   Code   RO         2464    .text.USBD_LL_DataOutStage  usbd_core.o
    0x0800c4aa   0x0800c4aa   0x00000002   PAD
    0x0800c4ac   0x0800c4ac   0x0000001c   Code   RO         2365    .text.USBD_LL_GetRxDataSize  usbd_conf.o
    0x0800c4c8   0x0800c4c8   0x000000a4   Code   RO         2337    .text.USBD_LL_Init  usbd_conf.o
    0x0800c56c   0x0800c56c   0x0000005a   Code   RO         2357    .text.USBD_LL_IsStallEP  usbd_conf.o
    0x0800c5c6   0x0800c5c6   0x00000002   PAD
    0x0800c5c8   0x0800c5c8   0x0000004a   Code   RO         2347    .text.USBD_LL_OpenEP  usbd_conf.o
    0x0800c612   0x0800c612   0x00000002   PAD
    0x0800c614   0x0800c614   0x00000042   Code   RO         2363    .text.USBD_LL_PrepareReceive  usbd_conf.o
    0x0800c656   0x0800c656   0x00000002   PAD
    0x0800c658   0x0800c658   0x000000a0   Code   RO         2468    .text.USBD_LL_Reset  usbd_core.o
    0x0800c6f8   0x0800c6f8   0x00000024   Code   RO         2474    .text.USBD_LL_Resume  usbd_core.o
    0x0800c71c   0x0800c71c   0x0000004e   Code   RO         2476    .text.USBD_LL_SOF   usbd_core.o
    0x0800c76a   0x0800c76a   0x00000002   PAD
    0x0800c76c   0x0800c76c   0x00000016   Code   RO         2470    .text.USBD_LL_SetSpeed  usbd_core.o
    0x0800c782   0x0800c782   0x00000002   PAD
    0x0800c784   0x0800c784   0x0000003a   Code   RO         2359    .text.USBD_LL_SetUSBAddress  usbd_conf.o
    0x0800c7be   0x0800c7be   0x00000002   PAD
    0x0800c7c0   0x0800c7c0   0x00000094   Code   RO         2462    .text.USBD_LL_SetupStage  usbd_core.o
    0x0800c854   0x0800c854   0x0000003a   Code   RO         2353    .text.USBD_LL_StallEP  usbd_conf.o
    0x0800c88e   0x0800c88e   0x00000002   PAD
    0x0800c890   0x0800c890   0x00000032   Code   RO         2343    .text.USBD_LL_Start  usbd_conf.o
    0x0800c8c2   0x0800c8c2   0x00000002   PAD
    0x0800c8c4   0x0800c8c4   0x0000001e   Code   RO         2472    .text.USBD_LL_Suspend  usbd_core.o
    0x0800c8e2   0x0800c8e2   0x00000002   PAD
    0x0800c8e4   0x0800c8e4   0x00000042   Code   RO         2361    .text.USBD_LL_Transmit  usbd_conf.o
    0x0800c926   0x0800c926   0x00000002   PAD
    0x0800c928   0x0800c928   0x00000062   Code   RO         2515    .text.USBD_ParseSetupRequest  usbd_ctlreq.o
    0x0800c98a   0x0800c98a   0x00000002   PAD
    0x0800c98c   0x0800c98c   0x00000056   Code   RO         2450    .text.USBD_RegisterClass  usbd_core.o
    0x0800c9e2   0x0800c9e2   0x00000002   PAD
    0x0800c9e4   0x0800c9e4   0x0000000a   Code   RO         2456    .text.USBD_RunTestMode  usbd_core.o
    0x0800c9ee   0x0800c9ee   0x00000002   PAD
    0x0800c9f0   0x0800c9f0   0x0000008c   Code   RO         2497    .text.USBD_SetAddress  usbd_ctlreq.o
    0x0800ca7c   0x0800ca7c   0x00000036   Code   RO         2458    .text.USBD_SetClassConfig  usbd_core.o
    0x0800cab2   0x0800cab2   0x00000002   PAD
    0x0800cab4   0x0800cab4   0x00000176   Code   RO         2499    .text.USBD_SetConfig  usbd_ctlreq.o
    0x0800cc2a   0x0800cc2a   0x00000002   PAD
    0x0800cc2c   0x0800cc2c   0x00000026   Code   RO         2505    .text.USBD_SetFeature  usbd_ctlreq.o
    0x0800cc52   0x0800cc52   0x00000002   PAD
    0x0800cc54   0x0800cc54   0x00000010   Code   RO         2452    .text.USBD_Start    usbd_core.o
    0x0800cc64   0x0800cc64   0x000000c4   Code   RO         2493    .text.USBD_StdDevReq  usbd_ctlreq.o
    0x0800cd28   0x0800cd28   0x00000318   Code   RO         2513    .text.USBD_StdEPReq  usbd_ctlreq.o
    0x0800d040   0x0800d040   0x0000009a   Code   RO         2511    .text.USBD_StdItfReq  usbd_ctlreq.o
    0x0800d0da   0x0800d0da   0x00000002   PAD
    0x0800d0dc   0x0800d0dc   0x00000008   Code   RO         2373    .text.USBD_static_free  usbd_conf.o
    0x0800d0e4   0x0800d0e4   0x00000010   Code   RO         2371    .text.USBD_static_malloc  usbd_conf.o
    0x0800d0f4   0x0800d0f4   0x00000886   Code   RO          376    .text.USB_ActivateEndpoint  stm32g4xx_ll_usb.o
    0x0800d97a   0x0800d97a   0x00000002   PAD
    0x0800d97c   0x0800d97c   0x00000360   Code   RO          378    .text.USB_DeactivateEndpoint  stm32g4xx_ll_usb.o
    0x0800dcdc   0x0800dcdc   0x00000018   Code   RO          394    .text.USB_DevConnect  stm32g4xx_ll_usb.o
    0x0800dcf4   0x0800dcf4   0x00000028   Code   RO          370    .text.USB_DevInit   stm32g4xx_ll_usb.o
    0x0800dd1c   0x0800dd1c   0x0000001e   Code   RO          366    .text.USB_DisableGlobalInt  stm32g4xx_ll_usb.o
    0x0800dd3a   0x0800dd3a   0x00000002   PAD
    0x0800dd3c   0x0800dd3c   0x0000013a   Code   RO          386    .text.USB_EPClearStall  stm32g4xx_ll_usb.o
    0x0800de76   0x0800de76   0x00000002   PAD
    0x0800de78   0x0800de78   0x00000088   Code   RO          384    .text.USB_EPSetStall  stm32g4xx_ll_usb.o
    0x0800df00   0x0800df00   0x000009da   Code   RO          380    .text.USB_EPStartXfer  stm32g4xx_ll_usb.o
    0x0800e8da   0x0800e8da   0x00000002   PAD
    0x0800e8dc   0x0800e8dc   0x0000001e   Code   RO          364    .text.USB_EnableGlobalInt  stm32g4xx_ll_usb.o
    0x0800e8fa   0x0800e8fa   0x00000002   PAD
    0x0800e8fc   0x0800e8fc   0x00000010   Code   RO          215    .text.USB_HP_IRQHandler  stm32g4xx_it.o
    0x0800e90c   0x0800e90c   0x00000010   Code   RO          217    .text.USB_LP_IRQHandler  stm32g4xx_it.o
    0x0800e91c   0x0800e91c   0x00000012   Code   RO          398    .text.USB_ReadInterrupts  stm32g4xx_ll_usb.o
    0x0800e92e   0x0800e92e   0x00000002   PAD
    0x0800e930   0x0800e930   0x00000084   Code   RO          404    .text.USB_ReadPMA   stm32g4xx_ll_usb.o
    0x0800e9b4   0x0800e9b4   0x00000020   Code   RO          392    .text.USB_SetDevAddress  stm32g4xx_ll_usb.o
    0x0800e9d4   0x0800e9d4   0x0000007a   Code   RO          382    .text.USB_WritePMA  stm32g4xx_ll_usb.o
    0x0800ea4e   0x0800ea4e   0x00000002   PAD
    0x0800ea50   0x0800ea50   0x00000004   Code   RO          185    .text.UsageFault_Handler  stm32g4xx_it.o
    0x0800ea54   0x0800ea54   0x00000038   Code   RO           52    .text.Z_ADC_DMA_Start  adc.o
    0x0800ea8c   0x0800ea8c   0x00000038   Code   RO          921    .text.__NVIC_DisableIRQ  stm32g4xx_hal_cortex.o
    0x0800eac4   0x0800eac4   0x00000030   Code   RO          917    .text.__NVIC_EnableIRQ  stm32g4xx_hal_cortex.o
    0x0800eaf4   0x0800eaf4   0x00000010   Code   RO          909    .text.__NVIC_GetPriorityGrouping  stm32g4xx_hal_cortex.o
    0x0800eb04   0x0800eb04   0x00000042   Code   RO          911    .text.__NVIC_SetPriority  stm32g4xx_hal_cortex.o
    0x0800eb46   0x0800eb46   0x00000002   PAD
    0x0800eb48   0x0800eb48   0x0000003c   Code   RO          905    .text.__NVIC_SetPriorityGrouping  stm32g4xx_hal_cortex.o
    0x0800eb84   0x0800eb84   0x0000010e   Code   RO         2696    .text.char_12_elm_render  zui.o
    0x0800ec92   0x0800ec92   0x00000002   PAD
    0x0800ec94   0x0800ec94   0x0000010a   Code   RO         2698    .text.char_16_elm_render  zui.o
    0x0800ed9e   0x0800ed9e   0x00000002   PAD
    0x0800eda0   0x0800eda0   0x000000ac   Code   RO           50    .text.float_to_str_1int_2frac  adc.o
    0x0800ee4c   0x0800ee4c   0x000000ac   Code   RO           15    .text.key_init      main.o
    0x0800eef8   0x0800eef8   0x000001ae   Code   RO           17    .text.key_scan      main.o
    0x0800f0a6   0x0800f0a6   0x00000002   PAD
    0x0800f0a8   0x0800f0a8   0x00000152   Code   RO           11    .text.main          main.o
    0x0800f1fa   0x0800f1fa   0x00000002   PAD
    0x0800f1fc   0x0800f1fc   0x00000022   Code   RO         2756    .text.motor_end     motor.o
    0x0800f21e   0x0800f21e   0x00000002   PAD
    0x0800f220   0x0800f220   0x00000034   Code   RO         2754    .text.motor_start   motor.o
    0x0800f254   0x0800f254   0x00000140   Code   RO         2719    .text.normal_layer_elm_init  zui_usr.o
    0x0800f394   0x0800f394   0x00000022   Code   RO         2713    .text.pure_elm_render  zui_usr.o
    0x0800f3b6   0x0800f3b6   0x00000002   PAD
    0x0800f3b8   0x0800f3b8   0x00000038   Code   RO         2715    .text.pure_layer_elm_init  zui_usr.o
    0x0800f3f0   0x0800f3f0   0x00000036   Code   RO         2692    .text.zui_dirty_current_layer  zui.o
    0x0800f426   0x0800f426   0x00000002   PAD
    0x0800f428   0x0800f428   0x0000000c   Code   RO         2723    .text.zui_elm_init  zui_usr.o
    0x0800f434   0x0800f434   0x0000005c   Code   RO         2684    .text.zui_fill_screen_color  zui.o
    0x0800f490   0x0800f490   0x0000004e   Code   RO         2678    .text.zui_init      zui.o
    0x0800f4de   0x0800f4de   0x00000002   PAD
    0x0800f4e0   0x0800f4e0   0x0000002c   Code   RO         2694    .text.zui_key_respond  zui.o
    0x0800f50c   0x0800f50c   0x00000018   Code   RO         2686    .text.zui_layer_add_element  zui.o
    0x0800f524   0x0800f524   0x0000003e   Code   RO         2721    .text.zui_layer_init  zui_usr.o
    0x0800f562   0x0800f562   0x00000002   PAD
    0x0800f564   0x0800f564   0x0000006e   Code   RO         2717    .text.zui_normal_layer_on_key  zui_usr.o
    0x0800f5d2   0x0800f5d2   0x00000002   PAD
    0x0800f5d4   0x0800f5d4   0x00000008   Code   RO         2711    .text.zui_pure_layer_on_key  zui_usr.o
    0x0800f5dc   0x0800f5dc   0x00000054   Code   RO         2688    .text.zui_render_current_layer  zui.o
    0x0800f630   0x0800f630   0x00000014   Code   RO         2680    .text.zui_set_current_layer  zui.o
    0x0800f644   0x0800f644   0x00000062   Code   RO         2780    x$fpl$d2f           fz_wm.l(d2f.o)
    0x0800f6a6   0x0800f6a6   0x00000002   PAD
    0x0800f6a8   0x0800f6a8   0x00000150   Code   RO         2782    x$fpl$dadd          fz_wm.l(daddsub_clz.o)
    0x0800f7f8   0x0800f7f8   0x000002b8   Code   RO         2789    x$fpl$ddiv          fz_wm.l(ddiv.o)
    0x0800fab0   0x0800fab0   0x0000002e   Code   RO         2793    x$fpl$dflt          fz_wm.l(dflt_clz.o)
    0x0800fade   0x0800fade   0x00000002   PAD
    0x0800fae0   0x0800fae0   0x00000154   Code   RO         2798    x$fpl$dmul          fz_wm.l(dmul.o)
    0x0800fc34   0x0800fc34   0x0000009c   Code   RO         2809    x$fpl$dnaninf       fz_wm.l(dnaninf.o)
    0x0800fcd0   0x0800fcd0   0x0000000c   Code   RO         2811    x$fpl$dretinf       fz_wm.l(dretinf.o)
    0x0800fcdc   0x0800fcdc   0x000001dc   Code   RO         2784    x$fpl$dsub          fz_wm.l(daddsub_clz.o)
    0x0800feb8   0x0800feb8   0x00000056   Code   RO         2800    x$fpl$f2d           fz_wm.l(f2d.o)
    0x0800ff0e   0x0800ff0e   0x0000008c   Code   RO         2813    x$fpl$fnaninf       fz_wm.l(fnaninf.o)
    0x0800ff9a   0x0800ff9a   0x0000001a   Code   RO         2924    x$fpl$fpinit        fz_wm.l(fpinit.o)
    0x0800ffb4   0x0800ffb4   0x0000000a   Code   RO         2815    x$fpl$fretinf       fz_wm.l(fretinf.o)
    0x0800ffbe   0x0800ffbe   0x00000000   Code   RO         2817    x$fpl$usenofp       fz_wm.l(usenofp.o)
    0x0800ffbe   0x0800ffbe   0x00000010   Data   RO         2300    .rodata.AHBPrescTable  system_stm32g4xx.o
    0x0800ffce   0x0800ffce   0x00000008   Data   RO         2301    .rodata.APBPrescTable  system_stm32g4xx.o
    0x0800ffd6   0x0800ffd6   0x00000006   Data   RO           23    .rodata.KEY_Pins    main.o
    0x0800ffdc   0x0800ffdc   0x00000008   Data   RO         1612    .rodata.UARTEx_SetNbDataToProcess.denominator  stm32g4xx_hal_uart_ex.o
    0x0800ffe4   0x0800ffe4   0x00000008   Data   RO         1611    .rodata.UARTEx_SetNbDataToProcess.numerator  stm32g4xx_hal_uart_ex.o
    0x0800ffec   0x0800ffec   0x00000018   Data   RO         1567    .rodata.UARTPrescTable  stm32g4xx_hal_uart.o
    0x08010004   0x08010004   0x00000474   Data   RO         2662    .rodata.ascii_1206  lcdfont.o
    0x08010478   0x08010478   0x000005f0   Data   RO         2663    .rodata.ascii_1608  lcdfont.o
    0x08010a68   0x08010a68   0x00000042   Data   RO         2415    .rodata.str1.1      usbd_desc.o
    0x08010aaa   0x08010aaa   0x0000002c   Data   RO         2731    .rodata.str1.1      zui_usr.o
    0x08010ad6   0x08010ad6   0x00000002   PAD
    0x08010ad8   0x08010ad8   0x00000020   Data   RO         2985    Region$$Table       anon$$obj.o


    Execution Region RW_IRAM1 (Exec base: 0x20000000, Load base: 0x08010af8, Size: 0x000067f8, Max: 0x00008000, ABSOLUTE, COMPRESSED[0x000000d0])

    Exec Addr    Load Addr    Size         Type   Attr      Idx    E Section Name        Object

    0x20000000   COMPRESSED   0x00000020   Data   RW         2411    .data.CDC_Desc      usbd_desc.o
    0x20000020   COMPRESSED   0x00000002   Data   RW          169    .data.HAL_TIM_PeriodElapsedCallback.int2_cnt  tim.o
    0x20000022   COMPRESSED   0x00000002   PAD
    0x20000024   COMPRESSED   0x0000000c   Data   RW           22    .data.KEY_Ports     main.o
    0x20000030   COMPRESSED   0x00000004   Data   RW         2299    .data.SystemCoreClock  system_stm32g4xx.o
    0x20000034   COMPRESSED   0x00000038   Data   RW         2582    .data.USBD_CDC      usbd_cdc.o
    0x2000006c   COMPRESSED   0x00000043   Data   RW         2584    .data.USBD_CDC_CfgFSDesc  usbd_cdc.o
    0x200000af   COMPRESSED   0x00000001   PAD
    0x200000b0   COMPRESSED   0x00000043   Data   RW         2585    .data.USBD_CDC_CfgHSDesc  usbd_cdc.o
    0x200000f3   COMPRESSED   0x00000001   PAD
    0x200000f4   COMPRESSED   0x00000012   Data   RW         2412    .data.USBD_CDC_DeviceDesc  usbd_desc.o
    0x20000106   COMPRESSED   0x00000002   PAD
    0x20000108   COMPRESSED   0x0000000a   Data   RW         2583    .data.USBD_CDC_DeviceQualifierDesc  usbd_cdc.o
    0x20000112   COMPRESSED   0x00000002   PAD
    0x20000114   COMPRESSED   0x00000043   Data   RW         2586    .data.USBD_CDC_OtherSpeedCfgDesc  usbd_cdc.o
    0x20000157   COMPRESSED   0x00000001   PAD
    0x20000158   COMPRESSED   0x00000014   Data   RW         2436    .data.USBD_Interface_fops_FS  usbd_cdc_if.o
    0x2000016c   COMPRESSED   0x00000004   Data   RW         2413    .data.USBD_LangIDDesc  usbd_desc.o
    0x20000170   COMPRESSED   0x0000001a   Data   RW         2414    .data.USBD_StringSerial  usbd_desc.o
    0x2000018a   COMPRESSED   0x00000004   Data   RW         2728    .data.keyval_vals   zui_usr.o
    0x2000018e   COMPRESSED   0x00000002   PAD
    0x20000190   COMPRESSED   0x00000004   Data   RW          490    .data.uwTickFreq    stm32g4xx_hal.o
    0x20000194   COMPRESSED   0x00000004   Data   RW          489    .data.uwTickPrio    stm32g4xx_hal.o
    0x20000198        -       0x00000060   Zero   RW         2850    .bss                c_w.l(libspace.o)
    0x200001f8        -       0x00000008   Zero   RW           60    .bss.BAT_V          adc.o
    0x20000200        -       0x00000064   Zero   RW         2641    .bss.LCD_SPI        lcd_init.o
    0x20000264        -       0x00000001   Zero   RW         2523    .bss.USBD_SetConfig.cfgidx  usbd_ctlreq.o
    0x20000265   COMPRESSED   0x00000003   PAD
    0x20000268        -       0x00000200   Zero   RW         2416    .bss.USBD_StrDesc   usbd_desc.o
    0x20000468        -       0x00000220   Zero   RW         2376    .bss.USBD_static_malloc.mem  usbd_conf.o
    0x20000688        -       0x00000024   Zero   RW           24    .bss.USR_KEYs       main.o
    0x200006ac        -       0x00000400   Zero   RW         2437    .bss.UserRxBufferFS  usbd_cdc_if.o
    0x20000aac        -       0x00000400   Zero   RW         2438    .bss.UserTxBufferFS  usbd_cdc_if.o
    0x20000eac        -       0x00000001   Zero   RW           57    .bss.adc_busy       adc.o
    0x20000ead   COMPRESSED   0x00000001   PAD
    0x20000eae        -       0x00000006   Zero   RW           56    .bss.adc_values     adc.o
    0x20000eb4        -       0x0000001c   Zero   RW         2730    .bss.bat_elm_char16  zui_usr.o
    0x20000ed0        -       0x00000006   Zero   RW           62    .bss.bat_volt_char  adc.o
    0x20000ed6   COMPRESSED   0x00000002   PAD
    0x20000ed8        -       0x0000001c   Zero   RW         2733    .bss.batnum_elm_char16  zui_usr.o
    0x20000ef4        -       0x00000004   Zero   RW         2702    .bss.current_layer  zui.o
    0x20000ef8        -       0x000002d0   Zero   RW         2386    .bss.hUsbDeviceFS   usb_device.o
    0x200011c8        -       0x0000006c   Zero   RW           58    .bss.hadc1          adc.o
    0x20001234        -       0x00000060   Zero   RW           59    .bss.hdma_adc1      adc.o
    0x20001294        -       0x00000060   Zero   RW           89    .bss.hdma_i2c2_rx   i2c.o
    0x200012f4        -       0x00000060   Zero   RW           90    .bss.hdma_i2c2_tx   i2c.o
    0x20001354        -       0x00000060   Zero   RW           91    .bss.hdma_i2c3_rx   i2c.o
    0x200013b4        -       0x00000060   Zero   RW           92    .bss.hdma_i2c3_tx   i2c.o
    0x20001414        -       0x00000060   Zero   RW          148    .bss.hdma_spi3_rx   spi.o
    0x20001474        -       0x00000060   Zero   RW          149    .bss.hdma_spi3_tx   spi.o
    0x200014d4        -       0x00000060   Zero   RW          113    .bss.hdma_usart2_rx  usart.o
    0x20001534        -       0x00000060   Zero   RW          114    .bss.hdma_usart2_tx  usart.o
    0x20001594        -       0x00000060   Zero   RW          115    .bss.hdma_usart3_rx  usart.o
    0x200015f4        -       0x00000060   Zero   RW          116    .bss.hdma_usart3_tx  usart.o
    0x20001654        -       0x00000054   Zero   RW           87    .bss.hi2c2          i2c.o
    0x200016a8        -       0x00000054   Zero   RW           88    .bss.hi2c3          i2c.o
    0x200016fc        -       0x00000094   Zero   RW          110    .bss.hlpuart1       usart.o
    0x20001790        -       0x000002dc   Zero   RW         2375    .bss.hpcd_USB_FS    usbd_conf.o
    0x20001a6c        -       0x00000028   Zero   RW          130    .bss.hrtc           rtc.o
    0x20001a94        -       0x00000064   Zero   RW          146    .bss.hspi1          spi.o
    0x20001af8        -       0x00000064   Zero   RW          147    .bss.hspi3          spi.o
    0x20001b5c        -       0x0000004c   Zero   RW          167    .bss.htim1          tim.o
    0x20001ba8        -       0x0000004c   Zero   RW          168    .bss.htim2          tim.o
    0x20001bf4        -       0x00000094   Zero   RW          111    .bss.huart2         usart.o
    0x20001c88        -       0x00000094   Zero   RW          112    .bss.huart3         usart.o
    0x20001d1c        -       0x0000001c   Zero   RW         2734    .bss.key_elm_char16  zui_usr.o
    0x20001d38        -       0x0000001c   Zero   RW         2729    .bss.keyval_elm_char16  zui_usr.o
    0x20001d54        -       0x00000001   Zero   RW         2759    .bss.motor_start_cnt  motor.o
    0x20001d55        -       0x00000001   Zero   RW         2758    .bss.motor_state    motor.o
    0x20001d56   COMPRESSED   0x00000002   PAD
    0x20001d58        -       0x00000008   Zero   RW         2732    .bss.normal_layer   zui_usr.o
    0x20001d60        -       0x0000001c   Zero   RW         2726    .bss.pure_element   zui_usr.o
    0x20001d7c        -       0x00000002   Zero   RW         2725    .bss.pure_elm_render.clr  zui_usr.o
    0x20001d7e   COMPRESSED   0x00000002   PAD
    0x20001d80        -       0x00000008   Zero   RW         2727    .bss.pure_layer     zui_usr.o
    0x20001d88        -       0x00000008   Zero   RW           61    .bss.temperature_cd  adc.o
    0x20001d90        -       0x00000001   Zero   RW           21    .bss.tim2_int_mask  main.o
    0x20001d91   COMPRESSED   0x00000003   PAD
    0x20001d94        -       0x00000004   Zero   RW         2745    .bss.tmp102Temp     tmp102.o
    0x20001d98        -       0x00000004   Zero   RW          491    .bss.uwTick         stm32g4xx_hal.o
    0x20001d9c        -       0x0000001c   Zero   RW         2735    .bss.zui_elm_char12  zui_usr.o
    0x20001db8        -       0x00001a40   Zero   RW         2703    .bss.zui_pixel_buffer0  zui.o
    0x200037f8        -       0x00002000   Zero   RW            2    HEAP                startup_stm32g431xx.o
    0x200057f8        -       0x00001000   Zero   RW            1    STACK               startup_stm32g431xx.o


==============================================================================

Image component sizes


      Code (inc. data)   RO Data    RW Data    ZI Data      Debug   Object Name

      1266         32          0          0        233       9935   adc.o
       298          0          0          0          0       3304   dma.o
       572          0          0          0          0       4293   gpio.o
       882          0          0          0        552       8754   i2c.o
       324          0          0          0          0       6065   lcd.o
       820          0          0          0        100       4890   lcd_init.o
         0          0       2660          0          0        566   lcdfont.o
      1100          0          6         12         37       5901   main.o
        86          0          0          0          2       3037   motor.o
       284          0          0          0         40       4304   rtc.o
       626          0          0          0        392       7630   spi.o
        64         26        472          0      12288        840   startup_stm32g431xx.o
       288          0          0          8          4       8414   stm32g4xx_hal.o
      5968          0          0          0          0      22028   stm32g4xx_hal_adc.o
       724          0          0          0          0      19438   stm32g4xx_hal_adc_ex.o
       554          0          0          0          0       9404   stm32g4xx_hal_cortex.o
      1572          0          0          0          0       7765   stm32g4xx_hal_dma.o
      1056          0          0          0          0       5302   stm32g4xx_hal_gpio.o
      3004          0          0          0          0      36738   stm32g4xx_hal_i2c.o
       314          0          0          0          0       6261   stm32g4xx_hal_i2c_ex.o
        72          0          0          0          0       1630   stm32g4xx_hal_msp.o
      6230          0          0          0          0      13712   stm32g4xx_hal_pcd.o
       180          0          0          0          0       5081   stm32g4xx_hal_pcd_ex.o
        18          0          0          0          0       5116   stm32g4xx_hal_pwr.o
       454          0          0          0          0       7797   stm32g4xx_hal_pwr_ex.o
      3276          0          0          0          0       9386   stm32g4xx_hal_rcc.o
      1114          0          0          0          0      10897   stm32g4xx_hal_rcc_ex.o
      1316          0          0          0          0      10127   stm32g4xx_hal_rtc.o
      2492          0          0          0          0      21274   stm32g4xx_hal_spi.o
      2330          0          0          0          0      37852   stm32g4xx_hal_tim.o
       374          0          0          0          0      21663   stm32g4xx_hal_tim_ex.o
      4198         48         24          0          0      27348   stm32g4xx_hal_uart.o
       562          0         16          0          0       8885   stm32g4xx_hal_uart_ex.o
       420          0          0          0          0       3594   stm32g4xx_it.o
      6446          4          0          0          0      10822   stm32g4xx_ll_usb.o
        18          0         24          4          0       2682   system_stm32g4xx.o
       572          0          0          2        152       8185   tim.o
       188          4          0          0          4        998   tmp102.o
      1216          0          0          0        828       9296   usart.o
       118          0          0          0        720       3028   usb_device.o
      1512         12          0        267          0       9680   usbd_cdc.o
       206         36          0         20       2048       2598   usbd_cdc_if.o
      1404          4          0          0       1276      14853   usbd_conf.o
      1366          0          0          0          0       7252   usbd_core.o
      3136         46          0          0          1       8176   usbd_ctlreq.o
       572          0         66         80        512       3310   usbd_desc.o
       232          0          0          0          0       4090   usbd_ioreq.o
       932          0          0          0       6724       4301   zui.o
       602          0         44          4        186       2690   zui_usr.o

    ----------------------------------------------------------------------
     61680        212       3346        408      26112     451192   Object Totals
         0          0         32          0          0          0   (incl. Generated)
       322          0          2         11         13          0   (incl. Padding)

    ----------------------------------------------------------------------

      Code (inc. data)   RO Data    RW Data    ZI Data      Debug   Library Member Name

        90          0          0          0          0          0   __dczerorl2.o
         8          0          0          0          0         68   __main.o
         0          0          0          0          0          0   __rtentry.o
        12          0          0          0          0          0   __rtentry2.o
         6          0          0          0          0          0   __rtentry4.o
        94          8          0          0          0          0   __scatter.o
        28          0          0          0          0          0   __scatter_zi.o
        16          0          0          0          0         68   aeabi_memset.o
        18          0          0          0          0         80   exit.o
         6          0          0          0          0        152   heapauxi.o
         0          0          0          0          0          0   indicate_semi.o
         2          0          0          0          0          0   libinit.o
         6          0          0          0          0          0   libinit2.o
         2          0          0          0          0          0   libshutdown.o
         2          0          0          0          0          0   libshutdown2.o
         8          4          0          0         96         68   libspace.o
       240          0          0          0          0        100   lludivv7m.o
        68          0          0          0          0         68   rt_memclr.o
        78          0          0          0          0         80   rt_memclr_w.o
       100          0          0          0          0         80   rt_memcpy_w.o
         2          0          0          0          0          0   rtexit.o
        10          0          0          0          0          0   rtexit2.o
        12          4          0          0          0         68   sys_exit.o
        74          0          0          0          0         80   sys_stackheap_outer.o
         2          0          0          0          0         68   use_no_semi.o
        98          4          0          0          0        140   d2f.o
       812         16          0          0          0        392   daddsub_clz.o
       696        140          0          0          0        264   ddiv.o
        46          0          0          0          0        116   dflt_clz.o
       340         12          0          0          0        152   dmul.o
       156          4          0          0          0        140   dnaninf.o
        12          0          0          0          0        116   dretinf.o
        86          4          0          0          0        132   f2d.o
       140          4          0          0          0        132   fnaninf.o
        26          0          0          0          0        116   fpinit.o
        10          0          0          0          0        116   fretinf.o
         0          0          0          0          0          0   usenofp.o

    ----------------------------------------------------------------------
      3318        200          0          0         96       2796   Library Totals
        12          0          0          0          0          0   (incl. Padding)

    ----------------------------------------------------------------------

      Code (inc. data)   RO Data    RW Data    ZI Data      Debug   Library Name

       884         16          0          0         96        980   c_w.l
      2422        184          0          0          0       1816   fz_wm.l

    ----------------------------------------------------------------------
      3318        200          0          0         96       2796   Library Totals

    ----------------------------------------------------------------------

==============================================================================


      Code (inc. data)   RO Data    RW Data    ZI Data      Debug   

     64998        412       3346        408      26208     451620   Grand Totals
     64998        412       3346        208      26208     451620   ELF Image Totals (compressed)
     64998        412       3346        208          0          0   ROM Totals

==============================================================================

    Total RO  Size (Code + RO Data)                68344 (  66.74kB)
    Total RW  Size (RW Data + ZI Data)             26616 (  25.99kB)
    Total ROM Size (Code + RO Data + RW Data)      68552 (  66.95kB)

==============================================================================

